Component: ARM Compiler 5.06 update 6 (build 750) Tool: armlink [4d35ed]

==============================================================================

Section Cross References

    startup_stm32f10x_hd.o(RESET) refers to startup_stm32f10x_hd.o(STACK) for __initial_sp
    startup_stm32f10x_hd.o(RESET) refers to startup_stm32f10x_hd.o(.text) for Reset_Handler
    startup_stm32f10x_hd.o(RESET) refers to stm32f10x_it.o(i.NMI_Handler) for NMI_Handler
    startup_stm32f10x_hd.o(RESET) refers to stm32f10x_it.o(i.HardFault_Handler) for HardFault_Handler
    startup_stm32f10x_hd.o(RESET) refers to stm32f10x_it.o(i.MemManage_Handler) for MemManage_Handler
    startup_stm32f10x_hd.o(RESET) refers to stm32f10x_it.o(i.BusFault_Handler) for BusFault_Handler
    startup_stm32f10x_hd.o(RESET) refers to stm32f10x_it.o(i.UsageFault_Handler) for UsageFault_Handler
    startup_stm32f10x_hd.o(RESET) refers to stm32f10x_it.o(i.SVC_Handler) for SVC_Handler
    startup_stm32f10x_hd.o(RESET) refers to stm32f10x_it.o(i.DebugMon_Handler) for DebugMon_Handler
    startup_stm32f10x_hd.o(RESET) refers to os_cpu_a.o(CODE) for OS_CPU_PendSVHandler
    startup_stm32f10x_hd.o(RESET) refers to os_cpu_c.o(i.OS_CPU_SysTickHandler) for OS_CPU_SysTickHandler
    startup_stm32f10x_hd.o(RESET) refers to bsp_ad.o(i.DMA1_Channel1_IRQHandler) for DMA1_Channel1_IRQHandler
    startup_stm32f10x_hd.o(RESET) refers to bsp_exit.o(i.EXTI9_5_IRQHandler) for EXTI9_5_IRQHandler
    startup_stm32f10x_hd.o(RESET) refers to bsp_time.o(i.TIM1_UP_IRQHandler) for TIM1_UP_IRQHandler
    startup_stm32f10x_hd.o(RESET) refers to bsp_hotlight.o(i.TIM2_IRQHandler) for TIM2_IRQHandler
    startup_stm32f10x_hd.o(RESET) refers to bsp_time.o(i.TIM3_IRQHandler) for TIM3_IRQHandler
    startup_stm32f10x_hd.o(RESET) refers to bsp_usart.o(i.USART1_IRQHandler) for USART1_IRQHandler
    startup_stm32f10x_hd.o(RESET) refers to bsp_usart.o(i.USART2_IRQHandler) for USART2_IRQHandler
    startup_stm32f10x_hd.o(RESET) refers to bsp_usart.o(i.USART3_IRQHandler) for USART3_IRQHandler
    startup_stm32f10x_hd.o(RESET) refers to bsp_exit.o(i.EXTI15_10_IRQHandler) for EXTI15_10_IRQHandler
    startup_stm32f10x_hd.o(RESET) refers to bsp_hotlight.o(i.TIM5_IRQHandler) for TIM5_IRQHandler
    startup_stm32f10x_hd.o(RESET) refers to bsp_usart.o(i.UART4_IRQHandler) for UART4_IRQHandler
    startup_stm32f10x_hd.o(RESET) refers to bsp_hotlight.o(i.TIM6_IRQHandler) for TIM6_IRQHandler
    startup_stm32f10x_hd.o(RESET) refers to bsp_hotlight.o(i.TIM7_IRQHandler) for TIM7_IRQHandler
    startup_stm32f10x_hd.o(.text) refers to system_stm32f10x.o(i.SystemInit) for SystemInit
    startup_stm32f10x_hd.o(.text) refers to entry.o(.ARM.Collect$$$$00000000) for __main
    system_stm32f10x.o(i.SetSysClock) refers to system_stm32f10x.o(i.SetSysClockTo72) for SetSysClockTo72
    system_stm32f10x.o(i.SystemCoreClockUpdate) refers to system_stm32f10x.o(.data) for SystemCoreClock
    system_stm32f10x.o(i.SystemInit) refers to system_stm32f10x.o(i.SetSysClock) for SetSysClock
    stm32f10x_adc.o(i.ADC_DeInit) refers to stm32f10x_rcc.o(i.RCC_APB2PeriphResetCmd) for RCC_APB2PeriphResetCmd
    stm32f10x_bkp.o(i.BKP_DeInit) refers to stm32f10x_rcc.o(i.RCC_BackupResetCmd) for RCC_BackupResetCmd
    stm32f10x_can.o(i.CAN_DeInit) refers to stm32f10x_rcc.o(i.RCC_APB1PeriphResetCmd) for RCC_APB1PeriphResetCmd
    stm32f10x_can.o(i.CAN_GetITStatus) refers to stm32f10x_can.o(i.CheckITStatus) for CheckITStatus
    stm32f10x_cec.o(i.CEC_DeInit) refers to stm32f10x_rcc.o(i.RCC_APB1PeriphResetCmd) for RCC_APB1PeriphResetCmd
    stm32f10x_dac.o(i.DAC_DeInit) refers to stm32f10x_rcc.o(i.RCC_APB1PeriphResetCmd) for RCC_APB1PeriphResetCmd
    stm32f10x_flash.o(i.FLASH_EnableWriteProtection) refers to stm32f10x_flash.o(i.FLASH_WaitForLastOperation) for FLASH_WaitForLastOperation
    stm32f10x_flash.o(i.FLASH_EraseAllBank1Pages) refers to stm32f10x_flash.o(i.FLASH_WaitForLastBank1Operation) for FLASH_WaitForLastBank1Operation
    stm32f10x_flash.o(i.FLASH_EraseAllPages) refers to stm32f10x_flash.o(i.FLASH_WaitForLastOperation) for FLASH_WaitForLastOperation
    stm32f10x_flash.o(i.FLASH_EraseOptionBytes) refers to stm32f10x_flash.o(i.FLASH_GetReadOutProtectionStatus) for FLASH_GetReadOutProtectionStatus
    stm32f10x_flash.o(i.FLASH_EraseOptionBytes) refers to stm32f10x_flash.o(i.FLASH_WaitForLastOperation) for FLASH_WaitForLastOperation
    stm32f10x_flash.o(i.FLASH_ErasePage) refers to stm32f10x_flash.o(i.FLASH_WaitForLastOperation) for FLASH_WaitForLastOperation
    stm32f10x_flash.o(i.FLASH_ProgramHalfWord) refers to stm32f10x_flash.o(i.FLASH_WaitForLastOperation) for FLASH_WaitForLastOperation
    stm32f10x_flash.o(i.FLASH_ProgramOptionByteData) refers to stm32f10x_flash.o(i.FLASH_WaitForLastOperation) for FLASH_WaitForLastOperation
    stm32f10x_flash.o(i.FLASH_ProgramWord) refers to stm32f10x_flash.o(i.FLASH_WaitForLastOperation) for FLASH_WaitForLastOperation
[...]
    Task_WIFI_Stk                            0x20009db0   Data        1536  task_wifi.o(.bss)
    Task_4G_TCB                              0x2000a3b0   Data         200  task_4g.o(.bss)
    Task_4G_Stk                              0x2000a478   Data        1536  task_4g.o(.bss)
    Task_Humi_TCB                            0x2000aa78   Data         200  task_humi.o(.bss)
    Task_Humi_Stk                            0x2000ab40   Data        1536  task_humi.o(.bss)
    Task_Control_TCB                         0x2000b140   Data         800  task_control.o(.bss)
    Task_Control_Stk                         0x2000b460   Data        6144  task_control.o(.bss)
    que                                      0x2000cc60   Data         644  humi_cmd_queue.o(.bss)
    Humi_One_Order_Buf                       0x2000cee4   Data          96  humi_driver.o(.bss)
    __initial_sp                             0x2000d348   Data           0  startup_stm32f10x_hd.o(STACK)



==============================================================================

Memory Map of the image

  Image Entry point : 0x0800c931

  Load Region LR_IROM2 (Base: 0x0800c000, Size: 0x00000004, Max: 0x00000800, ABSOLUTE)

    Execution Region ER_IROM2 (Exec base: 0x0800c000, Load base: 0x0800c000, Size: 0x00000004, Max: 0x00000800, ABSOLUTE)

    Exec Addr    Load Addr    Size         Type   Attr      Idx    E Section Name        Object

    0x0800c000   0x0800c000   0x00000004   Data   RW         3185    pg_data             app.o



  Load Region LR_IROM1 (Base: 0x0800c800, Size: 0x00022910, Max: 0x0004b000, ABSOLUTE, COMPRESSED[0x00022594])

    Execution Region ER_IROM1 (Exec base: 0x0800c800, Load base: 0x0800c800, Size: 0x0002250c, Max: 0x0004b000, ABSOLUTE)

    Exec Addr    Load Addr    Size         Type   Attr      Idx    E Section Name        Object

    0x0800c800   0x0800c800   0x00000130   Data   RO            3    RESET               startup_stm32f10x_hd.o
    0x0800c930   0x0800c930   0x00000000   Code   RO         9316  * .ARM.Collect$$$$00000000  mc_w.l(entry.o)
    0x0800c930   0x0800c930   0x00000004   Code   RO         9635    .ARM.Collect$$$$00000001  mc_w.l(entry2.o)
    0x0800c934   0x0800c934   0x00000004   Code   RO         9638    .ARM.Collect$$$$00000004  mc_w.l(entry5.o)
    0x0800c938   0x0800c938   0x00000000   Code   RO         9640    .ARM.Collect$$$$00000008  mc_w.l(entry7b.o)
    0x0800c938   0x0800c938   0x00000000   Code   RO         9642    .ARM.Collect$$$$0000000A  mc_w.l(entry8b.o)
    0x0800c938   0x0800c938   0x00000008   Code   RO         9643    .ARM.Collect$$$$0000000B  mc_w.l(entry9a.o)
    0x0800c940   0x0800c940   0x00000000   Code   RO         9645    .ARM.Collect$$$$0000000D  mc_w.l(entry10a.o)
    0x0800c940   0x0800c940   0x00000000   Code   RO         9647    .ARM.Collect$$$$0000000F  mc_w.l(entry11a.o)
    0x0800c940   0x0800c940   0x00000004   Code   RO         9636    .ARM.Collect$$$$00002712  mc_w.l(entry2.o)
    0x0800c944   0x0800c944   0x00000024   Code   RO            4    .text               startup_stm32f10x_hd.o
    0x0800c968   0x0800c968   0x00000034   Code   RO         6825    .text               cpu_a.o
    0x0800c99c   0x0800c99c   0x00000062   Code   RO         9319    .text               mc_w.l(uldiv.o)
    0x0800c9fe   0x0800c9fe   0x00000002   PAD
    0x0800ca00   0x0800ca00   0x00000024   Code   RO         9321    .text               mc_w.l(rand.o)
    0x0800ca24   0x0800ca24   0x00000024   Code   RO         9324    .text               mc_w.l(memcpya.o)
    0x0800ca48   0x0800ca48   0x00000024   Code   RO         9326    .text               mc_w.l(memseta.o)
    0x0800ca6c   0x0800ca6c   0x00000038   Code   RO         9591    .text               mc_w.l(__0sscanf.o)
    0x0800caa4   0x0800caa4   0x0000014c   Code   RO         9593    .text               mc_w.l(_scanf_int.o)
    0x0800cbf0   0x0800cbf0   0x00000360   Code   RO         9595    .text               mc_w.l(scanf_fp.o)
    0x0800cf50   0x0800cf50   0x000000b0   Code   RO         9599    .text               mf_w.l(fadd.o)
    0x0800d000   0x0800d000   0x00000064   Code   RO         9601    .text               mf_w.l(fmul.o)
    0x0800d064   0x0800d064   0x0000007c   Code   RO         9603    .text               mf_w.l(fdiv.o)
    0x0800d0e0   0x0800d0e0   0x0000014e   Code   RO         9605    .text               mf_w.l(dadd.o)
    0x0800d22e   0x0800d22e   0x000000e4   Code   RO         9607    .text               mf_w.l(dmul.o)
    0x0800d312   0x0800d312   0x000000de   Code   RO         9609    .text               mf_w.l(ddiv.o)
    0x0800d3f0   0x0800d3f0   0x00000012   Code   RO         9611    .text               mf_w.l(fflti.o)
    0x0800d402   0x0800d402   0x0000000a   Code   RO         9613    .text               mf_w.l(ffltui.o)
    0x0800d40c   0x0800d40c   0x00000022   Code   RO         9615    .text               mf_w.l(dflti.o)
    0x0800d42e   0x0800d42e   0x0000001a   Code   RO         9617    .text               mf_w.l(dfltui.o)
    0x0800d448   0x0800d448   0x00000032   Code   RO         9619    .text               mf_w.l(ffixi.o)
    0x0800d47a   0x0800d47a   0x00000028   Code   RO         9621    .text               mf_w.l(ffixui.o)
    0x0800d4a2   0x0800d4a2   0x00000026   Code   RO         9623    .text               mf_w.l(f2d.o)
    0x0800d4c8   0x0800d4c8   0x00000030   Code   RO         9625    .text               mf_w.l(cdcmple.o)
    0x0800d4f8   0x0800d4f8   0x00000030   Code   RO         9627    .text               mf_w.l(cdrcmple.o)
    0x0800d528   0x0800d528   0x00000038   Code   RO         9629    .text               mf_w.l(d2f.o)
    0x0800d560   0x0800d560   0x00000014   Code   RO         9631    .text               mf_w.l(cfcmple.o)
    0x0800d574   0x0800d574   0x00000014   Code   RO         9633    .text               mf_w.l(cfrcmple.o)
    0x0800d588   0x0800d588   0x0000002c   Code   RO         9650    .text               mc_w.l(uidiv.o)
    0x0800d5b4   0x0800d5b4   0x0000001e   Code   RO         9652    .text               mc_w.l(llshl.o)
    0x0800d5d2   0x0800d5d2   0x00000020   Code   RO         9654    .text               mc_w.l(llushr.o)
    0x0800d5f2   0x0800d5f2   0x00000024   Code   RO         9656    .text               mc_w.l(llsshr.o)
    0x0800d616   0x0800d616   0x0000001c   Code   RO         9658    .text               mc_w.l(_chval.o)
    0x0800d632   0x0800d632   0x00000002   PAD
    0x0800d634   0x0800d634   0x00000028   Code   RO         9660    .text               mc_w.l(scanf_char.o)
    0x0800d65c   0x0800d65c   0x00000040   Code   RO         9662    .text               mc_w.l(_sgetc.o)
    0x0800d69c   0x0800d69c   0x00000000   Code   RO         9664    .text               mc_w.l(iusefp.o)
    0x0800d69c   0x0800d69c   0x0000006e   Code   RO         9665    .text               mf_w.l(fepilogue.o)
    0x0800d70a   0x0800d70a   0x000000ba   Code   RO         9667    .text               mf_w.l(depilogue.o)
    0x0800d7c4   0x0800d7c4   0x00000018   Code   RO         9669    .text               mf_w.l(dfltul.o)
    0x0800d7dc   0x0800d7dc   0x00000030   Code   RO         9671    .text               mf_w.l(dfixul.o)
    0x0800d80c   0x0800d80c   0x00000024   Code   RO         9673    .text               mc_w.l(init.o)
    0x0800d830   0x0800d830   0x0000000a   Code   RO         9675    .text               mc_w.l(isspace_c.o)
    0x0800d83a   0x0800d83a   0x00000002   PAD
    0x0800d83c   0x0800d83c   0x0000032c   Code   RO         9677    .text               mc_w.l(_scanf.o)
    0x0800db68   0x0800db68   0x00000028   Code   RO         9679    .text               mc_w.l(ctype_c.o)
    0x0800db90   0x0800db90   0x00000056   Code   RO         9690    .text               mc_w.l(__dczerorl2.o)
    0x0800dbe6   0x0800dbe6   0x00000002   PAD
    0x0800dbe8   0x0800dbe8   0x00000084   Code   RO         8325    CODE                os_cpu_a.o
    0x0800dc6c   0x0800dc6c   0x00000016   Code   RO          183    i.ADC_Cmd           stm32f10x_adc.o
    0x0800dc82   0x0800dc82   0x00000016   Code   RO          184    i.ADC_DMACmd        stm32f10x_adc.o
    0x0800dc98   0x0800dc98   0x00000014   Code   RO          191    i.ADC_GetCalibrationStatus  stm32f10x_adc.o
    0x0800dcac   0x0800dcac   0x00000014   Code   RO          197    i.ADC_GetResetCalibrationStatus  stm32f10x_adc.o
    0x0800dcc0   0x0800dcc0   0x00000050   Code   RO          201    i.ADC_Init          stm32f10x_adc.o
    0x0800dd10   0x0800dd10   0x000000e0   Code   RO         5561    i.ADC_Mult_Mode_Config  bsp_ad.o
    0x0800ddf0   0x0800ddf0   0x0000000a   Code   RO          206    i.ADC_ResetCalibration  stm32f10x_adc.o
    0x0800ddfa   0x0800ddfa   0x00000016   Code   RO          208    i.ADC_SoftwareStartConvCmd  stm32f10x_adc.o
    0x0800de10   0x0800de10   0x0000000a   Code   RO          210    i.ADC_StartCalibration  stm32f10x_adc.o
    0x0800de1a   0x0800de1a   0x00000044   Code   RO         5562    i.AD_BASE_Config    bsp_ad.o
    0x0800de5e   0x0800de5e   0x00000002   PAD
    0x0800de60   0x0800de60   0x00000020   Code   RO         5563    i.AD_Initial        bsp_ad.o
    0x0800de80   0x0800de80   0x00000018   Code   RO         4284    i.APP_Get_Screen    app_humi.o
    0x0800de98   0x0800de98   0x00000130   Code   RO         3953    i.APP_UART_Rece     app_uart.o
    0x0800dfc8   0x0800dfc8   0x00000180   Code   RO         3954    i.APP_UART_Send     app_uart.o
    0x0800e148   0x0800e148   0x000000f0   Code   RO         3171    i.APP_init          app.o
    0x0800e238   0x0800e238   0x00000a40   Code   RO         4801    i.Abnormal_Hotlight_Ctl_process  app_control.o
    0x0800ec78   0x0800ec78   0x0000003c   Code   RO         8571    i.AnimationPlayFrame  humi_driver.o
    0x0800ecb4   0x0800ecb4   0x00000034   Code   RO         8572    i.AnimationPlayNext  humi_driver.o
    0x0800ece8   0x0800ece8   0x000000a4   Code   RO         3172    i.AppTaskStart      app.o
    0x0800ed8c   0x0800ed8c   0x000000a4   Code   RO         5638    i.App_REAL_INF_ObjCreate  bsp_flash.o
    0x0800ee30   0x0800ee30   0x00000078   Code   RO         3173    i.App_Task_Start_Init  app.o
    0x0800eea8   0x0800eea8   0x00000020   Code   RO         8576    i.BEGIN_CMD         humi_driver.o
    0x0800eec8   0x0800eec8   0x00000040   Code   RO         5475    i.BELL_GPIO_Config  bsp_led.o
    0x0800ef08   0x0800ef08   0x0000005c   Code   RO         6506    i.BL0940_COM_Disable  bsp_bl0940.o
    0x0800ef64   0x0800ef64   0x0000003c   Code   RO         6507    i.BL0940_COM_Enable  bsp_bl0940.o
    0x0800efa0   0x0800efa0   0x00000064   Code   RO         6508    i.BL0940_CheckSum   bsp_bl0940.o
    0x0800f004   0x0800f004   0x00000170   Code   RO         6510    i.BL0940_GetActivePower  bsp_bl0940.o
    0x0800f174   0x0800f174   0x000000c0   Code   RO         6511    i.BL0940_GetCurrent  bsp_bl0940.o
    0x0800f234   0x0800f234   0x000000c0   Code   RO         6512    i.BL0940_GetEnergy  bsp_bl0940.o
    0x0800f2f4   0x0800f2f4   0x00000098   Code   RO         6514    i.BL0940_GetTemperature  bsp_bl0940.o
    0x0800f38c   0x0800f38c   0x000000f8   Code   RO         6515    i.BL0940_GetVoltage  bsp_bl0940.o
    0x0800f484   0x0800f484   0x0000014c   Code   RO         6516    i.BL0940_Init       bsp_bl0940.o
    0x0800f5d0   0x0800f5d0   0x000000f0   Code   RO         6517    i.BL0940_ReadRegister  bsp_bl0940.o
    0x0800f6c0   0x0800f6c0   0x000001dc   Code   RO         6519    i.BL0940_SPI_Init   bsp_bl0940.o
    0x0800f89c   0x0800f89c   0x000000f8   Code   RO         6520    i.BL0940_WriteRegister  bsp_bl0940.o
    0x0800f994   0x0800f994   0x0000002e   Code   RO         6521    i.BL0940_WriteRegister_Value  bsp_bl0940.o
    0x0800f9c2   0x0800f9c2   0x00000002   PAD
    0x0800f9c4   0x0800f9c4   0x00000020   Code   RO         5259    i.BSP_CPU_ClkFreq   bsp.o
    0x0800f9e4   0x0800f9e4   0x00000044   Code   RO         5260    i.BSP_Init          bsp.o
    0x0800fa28   0x0800fa28   0x00000022   Code   RO         8577    i.BatchBegin        humi_driver.o
    0x0800fa4a   0x0800fa4a   0x00000008   Code   RO         8578    i.BatchEnd          humi_driver.o
    0x0800fa52   0x0800fa52   0x00000020   Code   RO         8580    i.BatchSetEnable    humi_driver.o
    0x0800fa72   0x0800fa72   0x00000038   Code   RO         8585    i.BatchSetText      humi_driver.o
    0x0800faaa   0x0800faaa   0x00000002   PAD
    0x0800faac   0x0800faac   0x00000048   Code   RO         4967    i.Bell_Control_Basetime_100ms  app_cycle.o
    0x0800faf4   0x0800faf4   0x00000004   Code   RO         3108    i.BusFault_Handler  stm32f10x_it.o
    0x0800faf8   0x0800faf8   0x00000010   Code   RO         6661    i.CPU_Init          cpu_core.o
    0x0800fb08   0x0800fb08   0x00000084   Code   RO         6662    i.CPU_IntDisMeasInit  cpu_core.o
    0x0800fb8c   0x0800fb8c   0x0000001c   Code   RO         6663    i.CPU_IntDisMeasMaxCalc  cpu_core.o
    0x0800fba8   0x0800fba8   0x0000002c   Code   RO         6664    i.CPU_IntDisMeasMaxCurGet  cpu_core.o
    0x0800fbd4   0x0800fbd4   0x0000002c   Code   RO         6665    i.CPU_IntDisMeasMaxCurReset  cpu_core.o
    0x0800fc00   0x0800fc00   0x0000002c   Code   RO         6666    i.CPU_IntDisMeasMaxGet  cpu_core.o
    0x0800fc2c   0x0800fc2c   0x00000034   Code   RO         6667    i.CPU_IntDisMeasStart  cpu_core.o
    0x0800fc60   0x0800fc60   0x00000054   Code   RO         6668    i.CPU_IntDisMeasStop  cpu_core.o
    0x0800fcb4   0x0800fcb4   0x00000038   Code   RO         6669    i.CPU_NameClr       cpu_core.o
    0x0800fcec   0x0800fcec   0x00000008   Code   RO         6671    i.CPU_NameInit      cpu_core.o
    0x0800fcf4   0x0800fcf4   0x00000014   Code   RO         6675    i.CPU_TS_Init       cpu_core.o
    0x0800fd08   0x0800fd08   0x0000000c   Code   RO         6677    i.CPU_TS_TmrFreqSet  cpu_core.o
    0x0800fd14   0x0800fd14   0x00000034   Code   RO         5261    i.CPU_TS_TmrInit    bsp.o
    0x0800fd48   0x0800fd48   0x0000000c   Code   RO         5262    i.CPU_TS_TmrRd      bsp.o
    0x0800fd54   0x0800fd54   0x0000000c   Code   RO         3608    i.CRC32_GetResult   app_math.o
    0x0800fd60   0x0800fd60   0x00000010   Code   RO         3609    i.CRC32_Reset       app_math.o
    0x0800fd70   0x0800fd70   0x0000003c   Code   RO         3610    i.CRC32_Update      app_math.o
    0x0800fdac   0x0800fdac   0x0000018c   Code   RO         4802    i.Cal_Age_Day       app_control.o
    0x0800ff38   0x0800ff38   0x00000190   Code   RO         4803    i.Cal_Day_temperature  app_control.o
    0x080100c8   0x080100c8   0x00000098   Code   RO         4804    i.Cal_Des_Temperature  app_control.o
    0x08010160   0x08010160   0x000002a8   Code   RO         4805    i.Cal_Des_power     app_control.o
    0x08010408   0x08010408   0x000003e0   Code   RO         4807    i.Cal_Pow_Ratio_Change_swing  app_control.o
    0x080107e8   0x080107e8   0x0000028c   Code   RO         4808    i.Cal_Ratio_Change_Value  app_control.o
    0x08010a74   0x08010a74   0x00000048   Code   RO         4949    i.Check_Record_Flag  app_record.o
    0x08010abc   0x08010abc   0x0000003c   Code   RO         5127    i.Check_Wirte_Vaild  app_save_fireware.o
    0x08010af8   0x08010af8   0x00000028   Code   RO         5639    i.Clean_4G_Config   bsp_flash.o
    0x08010b20   0x08010b20   0x0000002c   Code   RO         5641    i.Clean_All_Temp_Data  bsp_flash.o
    0x08010b4c   0x08010b4c   0x00000030   Code   RO         5642    i.Clean_Device_Config  bsp_flash.o
    0x08010b7c   0x08010b7c   0x0000001c   Code   RO         5643    i.Clean_Fireware_Inf_Area  bsp_flash.o
    0x08010b98   0x08010b98   0x00000034   Code   RO         5644    i.Clean_Master_Config  bsp_flash.o
    0x08010bcc   0x08010bcc   0x00000038   Code   RO         5187    i.Clean_W25Q_Realtime_Area  app_w25q.o
    0x08010c04   0x08010c04   0x00000028   Code   RO         5646    i.Clean_Wifi_Config  bsp_flash.o
    0x08010c2c   0x08010c2c   0x00000018   Code   RO         3174    i.Code_Valid_Check  app.o
    0x08010c44   0x08010c44   0x0000004c   Code   RO         4124    i.Creat_Start_G4_TMR  app_4g.o
    0x08010c90   0x08010c90   0x0000004c   Code   RO         4968    i.Creat_Start_TMR   app_cycle.o
    0x08010cdc   0x08010cdc   0x0000004c   Code   RO         3822    i.Creat_Start_WIFI_TMR  app_wifi.o
    0x08010d28   0x08010d28   0x0000016c   Code   RO         4969    i.Cycle_Handle_100MS  app_cycle.o
    0x08010e94   0x08010e94   0x00000018   Code   RO         4970    i.Cycle_Handle_10MS  app_cycle.o
    0x08010eac   0x08010eac   0x00000044   Code   RO         4971    i.Cycle_Handle_1M   app_cycle.o
    0x08010ef0   0x08010ef0   0x000002e8   Code   RO         4972    i.Cycle_Handle_1S   app_cycle.o
    0x080111d8   0x080111d8   0x00000018   Code   RO         4973    i.Cycle_Handle_1_5S  app_cycle.o
    0x080111f0   0x080111f0   0x0000002c   Code   RO         4974    i.Cycle_Handle_200MS  app_cycle.o
    0x0801121c   0x0801121c   0x00000002   Code   RO         4975    i.Cycle_Handle_20MS  app_cycle.o
    0x0801121e   0x0801121e   0x0000001c   Code   RO         4976    i.Cycle_Handle_2S   app_cycle.o
    0x0801123a   0x0801123a   0x00000016   Code   RO         4977    i.Cycle_Handle_300MS  app_cycle.o
    0x08011250   0x08011250   0x00000002   Code   RO         4978    i.Cycle_Handle_30MS  app_cycle.o
    0x08011252   0x08011252   0x00000002   PAD
    0x08011254   0x08011254   0x00000170   Code   RO         4980    i.Cycle_Handle_500MS  app_cycle.o
    0x080113c4   0x080113c4   0x00000002   Code   RO         4981    i.Cycle_Handle_50MS  app_cycle.o
    0x080113c6   0x080113c6   0x00000002   Code   RO         4982    i.Cycle_Handle_5S   app_cycle.o
    0x080113c8   0x080113c8   0x0000001c   Code   RO         4983    i.Cycle_Handle_600MS  app_cycle.o
    0x080113e4   0x080113e4   0x00000054   Code   RO         5564    i.DMA1_Channel1_IRQHandler  bsp_ad.o
    0x08011438   0x08011438   0x0000001c   Code   RO          867    i.DMA_ClearITPendingBit  stm32f10x_dma.o
    0x08011454   0x08011454   0x0000014c   Code   RO          869    i.DMA_DeInit        stm32f10x_dma.o
    0x080115a0   0x080115a0   0x0000002c   Code   RO          872    i.DMA_GetITStatus   stm32f10x_dma.o
    0x080115cc   0x080115cc   0x00000012   Code   RO          873    i.DMA_ITConfig      stm32f10x_dma.o
    0x080115de   0x080115de   0x0000003c   Code   RO          874    i.DMA_Init          stm32f10x_dma.o
    0x0801161a   0x0801161a   0x00000002   PAD
    0x0801161c   0x0801161c   0x0000007c   Code   RO         6166    i.DS18B20_Answer_Check  bsp_18b20.o
    0x08011698   0x08011698   0x0000003c   Code   RO         6167    i.DS18B20_DQ_IN     bsp_18b20.o
    0x080116d4   0x080116d4   0x00000038   Code   RO         6168    i.DS18B20_DQ_OUT_High  bsp_18b20.o
    0x0801170c   0x0801170c   0x00000038   Code   RO         6169    i.DS18B20_DQ_OUT_Low  bsp_18b20.o
    0x08011744   0x08011744   0x00000030   Code   RO         6170    i.DS18B20_Delay_Us  bsp_18b20.o
    0x08011774   0x08011774   0x00000090   Code   RO         4233    i.DS18B20_Get_Temp  app_18b20.o
    0x08011804   0x08011804   0x000000a4   Code   RO         6171    i.DS18B20_Gpio_Init  bsp_18b20.o
    0x080118a8   0x080118a8   0x0000001a   Code   RO         6172    i.DS18B20_Init      bsp_18b20.o
    0x080118c2   0x080118c2   0x00000002   PAD
    0x080118c4   0x080118c4   0x0000005c   Code   RO         6173    i.DS18B20_Mode_IPU  bsp_18b20.o
    0x08011920   0x08011920   0x0000006c   Code   RO         6174    i.DS18B20_Mode_Out  bsp_18b20.o
    0x0801198c   0x0801198c   0x00000040   Code   RO         6176    i.DS18B20_Read_Bit  bsp_18b20.o
    0x080119cc   0x080119cc   0x00000052   Code   RO         6177    i.DS18B20_Read_Byte  bsp_18b20.o
    0x08011a1e   0x08011a1e   0x0000003c   Code   RO         4234    i.DS18B20_Read_Temp  app_18b20.o
    0x08011a5a   0x08011a5a   0x00000056   Code   RO         6178    i.DS18B20_Rst       bsp_18b20.o
    0x08011ab0   0x08011ab0   0x00000024   Code   RO         4235    i.DS18B20_Start_Convert  app_18b20.o
    0x08011ad4   0x08011ad4   0x00000080   Code   RO         6181    i.DS18B20_Write_Byte  bsp_18b20.o
    0x08011b54   0x08011b54   0x00000002   Code   RO         3109    i.DebugMon_Handler  stm32f10x_it.o
    0x08011b56   0x08011b56   0x00000028   Code   RO         3927    i.Debug_Data_Handle  app_debug.o
    0x08011b7e   0x08011b7e   0x00000002   PAD
    0x08011b80   0x08011b80   0x00000020   Code   RO         5885    i.Debug_USART_INIT  bsp_usart.o
    0x08011ba0   0x08011ba0   0x00002480   Code   RO         3928    i.Debug_Uart_data_handle  app_debug.o
    0x08014020   0x08014020   0x0000046a   Code   RO         5647    i.Default_Temp_Date  bsp_flash.o
    0x0801448a   0x0801448a   0x00000002   PAD
    0x0801448c   0x0801448c   0x000000f0   Code   RO         3175    i.Device_Config_Check  app.o
    0x0801457c   0x0801457c   0x0000000c   Code   RO         4084    i.Device_Para_Judge  app_hotlight.o
    0x08014588   0x08014588   0x00000134   Code   RO         8599    i.END_CMD           humi_driver.o
    0x080146bc   0x080146bc   0x0000008c   Code   RO         6277    i.EXIT_Cross_Zero_Config  bsp_exit.o
    0x08014748   0x08014748   0x00000024   Code   RO         6278    i.EXIT_GPIO_CONFIG  bsp_exit.o
    0x0801476c   0x0801476c   0x0000002c   Code   RO         6279    i.EXIT_MODE_CONFIG  bsp_exit.o
    0x08014798   0x08014798   0x00000178   Code   RO         6280    i.EXTI15_10_IRQHandler  bsp_exit.o
    0x08014910   0x08014910   0x0000019c   Code   RO         6281    i.EXTI9_5_IRQHandler  bsp_exit.o
    0x08014aac   0x08014aac   0x0000000c   Code   RO          939    i.EXTI_ClearITPendingBit  stm32f10x_exti.o
    0x08014ab8   0x08014ab8   0x00000028   Code   RO          943    i.EXTI_GetITStatus  stm32f10x_exti.o
    0x08014ae0   0x08014ae0   0x00000094   Code   RO          944    i.EXTI_Init         stm32f10x_exti.o
    0x08014b74   0x08014b74   0x00000038   Code   RO         5503    i.Enable_Watch_Dog  bsp_time.o
    0x08014bac   0x08014bac   0x00000054   Code   RO         4285    i.Endtime_Adjust    app_humi.o
    0x08014c00   0x08014c00   0x00000100   Code   RO         4677    i.Extract_Can_Net_Data_Frame  app_frame.o
    0x08014d00   0x08014d00   0x0000002c   Code   RO         6633    i.FAN_GPIO_Config   bsp_fan.o
    0x08014d2c   0x08014d2c   0x00000014   Code   RO         6634    i.FAN_Init          bsp_fan.o
    0x08014d40   0x08014d40   0x0000004c   Code   RO          997    i.FLASH_ErasePage   stm32f10x_flash.o
    0x08014d8c   0x08014d8c   0x00000034   Code   RO          998    i.FLASH_GetBank1Status  stm32f10x_flash.o
    0x08014dc0   0x08014dc0   0x00000018   Code   RO         1001    i.FLASH_GetReadOutProtectionStatus  stm32f10x_flash.o
    0x08014dd8   0x08014dd8   0x00000014   Code   RO         1007    i.FLASH_Lock        stm32f10x_flash.o
    0x08014dec   0x08014dec   0x00000014   Code   RO         1008    i.FLASH_LockBank1   stm32f10x_flash.o
    0x08014e00   0x08014e00   0x00000040   Code   RO         1010    i.FLASH_ProgramHalfWord  stm32f10x_flash.o
    0x08014e40   0x08014e40   0x000000ac   Code   RO         1013    i.FLASH_ReadOutProtection  stm32f10x_flash.o
    0x08014eec   0x08014eec   0x00000018   Code   RO         1015    i.FLASH_Unlock      stm32f10x_flash.o
    0x08014f04   0x08014f04   0x00000018   Code   RO         1016    i.FLASH_UnlockBank1  stm32f10x_flash.o
    0x08014f1c   0x08014f1c   0x00000026   Code   RO         1019    i.FLASH_WaitForLastOperation  stm32f10x_flash.o
    0x08014f42   0x08014f42   0x00000002   PAD
    0x08014f44   0x08014f44   0x000000a4   Code   RO         3177    i.Factory_Test_Task  app.o
    0x08014fe8   0x08014fe8   0x00000074   Code   RO         5229    i.Fan_Check         app_fan.o
    0x0801505c   0x0801505c   0x00000038   Code   RO         5504    i.Feed_Dog          bsp_time.o
    0x08015094   0x08015094   0x00000020   Code   RO         4125    i.Fill_4G_Send_Ack  app_4g.o
    0x080150b4   0x080150b4   0x00000158   Code   RO         4126    i.Fill_Send_4G_Heart  app_4g.o
    0x0801520c   0x0801520c   0x000000e8   Code   RO         4127    i.Fill_Send_4G_Updata_Require  app_4g.o
    0x080152f4   0x080152f4   0x00000158   Code   RO         3823    i.Fill_Send_Wifi_Heart  app_wifi.o
    0x0801544c   0x0801544c   0x000000e8   Code   RO         3824    i.Fill_Send_Wifi_Updata_Require  app_wifi.o
    0x08015534   0x08015534   0x00000020   Code   RO         3825    i.Fill_Wifi_Send_Ack  app_wifi.o
    0x08015554   0x08015554   0x000000e8   Code   RO         4679    i.Fill_updata_frame  app_frame.o
    0x0801563c   0x0801563c   0x0000001e   Code   RO         4811    i.Find_Last_Segment_num  app_control.o
    0x0801565a   0x0801565a   0x00000002   PAD
    0x0801565c   0x0801565c   0x000000ac   Code   RO         4812    i.Find_Last_Stage_num  app_control.o
    0x08015708   0x08015708   0x000000f4   Code   RO         4813    i.Find_Stage_num    app_control.o
    0x080157fc   0x080157fc   0x00000020   Code   RO         6324    i.Fireware_W25QXX_Write  bsp_w25q.o
    0x0801581c   0x0801581c   0x0000002c   Code   RO         5650    i.Flash_ObjCreate   bsp_flash.o
    0x08015848   0x08015848   0x000002a4   Code   RO         4128    i.G4_Badu_Change    app_4g.o
    0x08015aec   0x08015aec   0x000001d0   Code   RO         4129    i.G4_Badu_Change_handle  app_4g.o
    0x08015cbc   0x08015cbc   0x00000078   Code   RO         4130    i.G4_Data_Analyse   app_4g.o
    0x08015d34   0x08015d34   0x00000098   Code   RO         4131    i.G4_Data_Handle    app_4g.o
    0x08015dcc   0x08015dcc   0x0000009c   Code   RO         6124    i.G4_GPIO_Config    bsp_4g.o
    0x08015e68   0x08015e68   0x000002ac   Code   RO         4132    i.G4_INF_Inquire    app_4g.o
    0x08016114   0x08016114   0x00000158   Code   RO         4133    i.G4_INF_handle     app_4g.o
    0x0801626c   0x0801626c   0x00000030   Code   RO         6127    i.G4_Reset          bsp_4g.o
    0x0801629c   0x0801629c   0x0000007c   Code   RO         4134    i.G4_Test_handle    app_4g.o
    0x08016318   0x08016318   0x00000258   Code   RO         4135    i.G4_Timer_Callback_300MS  app_4g.o
    0x08016570   0x08016570   0x00000310   Code   RO         4136    i.G4_Transmit_Config  app_4g.o
    0x08016880   0x08016880   0x0000011c   Code   RO         4137    i.G4_Transmit_Config_handle  app_4g.o
    0x0801699c   0x0801699c   0x00000020   Code   RO         5886    i.G4_USART_INIT     bsp_usart.o
    0x080169bc   0x080169bc   0x000000d4   Code   RO         4138    i.G4_Work_Data_handle  app_4g.o
    0x08016a90   0x08016a90   0x00000048   Code   RO         5505    i.GENERAL_TIM1_Mode_Config  bsp_time.o
    0x08016ad8   0x08016ad8   0x00000048   Code   RO         5506    i.GENERAL_TIM3_Mode_Config  bsp_time.o
    0x08016b20   0x08016b20   0x00000044   Code   RO         6182    i.GENERAL_TIM8_Mode_Config  bsp_18b20.o
    0x08016b64   0x08016b64   0x00000074   Code   RO         5507    i.GENERAL_TIM_NVIC_Config  bsp_time.o
    0x08016bd8   0x08016bd8   0x00000040   Code   RO         1289    i.GPIO_EXTILineConfig  stm32f10x_gpio.o
    0x08016c18   0x08016c18   0x00000116   Code   RO         1292    i.GPIO_Init         stm32f10x_gpio.o
    0x08016d2e   0x08016d2e   0x00000002   PAD
    0x08016d30   0x08016d30   0x00000090   Code   RO         1294    i.GPIO_PinRemapConfig  stm32f10x_gpio.o
    0x08016dc0   0x08016dc0   0x00000012   Code   RO         1296    i.GPIO_ReadInputDataBit  stm32f10x_gpio.o
    0x08016dd2   0x08016dd2   0x00000012   Code   RO         1298    i.GPIO_ReadOutputDataBit  stm32f10x_gpio.o
    0x08016de4   0x08016de4   0x00000004   Code   RO         1299    i.GPIO_ResetBits    stm32f10x_gpio.o
    0x08016de8   0x08016de8   0x00000004   Code   RO         1300    i.GPIO_SetBits      stm32f10x_gpio.o
    0x08016dec   0x08016dec   0x00000028   Code   RO         5508    i.General_TIM_Init  bsp_time.o
    0x08016e14   0x08016e14   0x0000001a   Code   RO         8623    i.GetScreen         humi_driver.o
    0x08016e2e   0x08016e2e   0x00000012   Code   RO         8624    i.GetStringLen      humi_driver.o
    0x08016e40   0x08016e40   0x00000150   Code   RO         6523    i.Get_Bl0940_Para_Exp_Pow  bsp_bl0940.o
    0x08016f90   0x08016f90   0x00000018   Code   RO         6524    i.Get_Bl0940_Pow_Para  bsp_bl0940.o
    0x08016fa8   0x08016fa8   0x000000dc   Code   RO         5128    i.Get_Firmware_Version  app_save_fireware.o
    0x08017084   0x08017084   0x00000100   Code   RO         4814    i.Get_Segment_Start_End_Time  app_control.o
    0x08017184   0x08017184   0x00000098   Code   RO         4714    i.GregorianDay      app_systm_time.o
    0x0801721c   0x0801721c   0x00000004   Code   RO         3110    i.HardFault_Handler  stm32f10x_it.o
    0x08017220   0x08017220   0x000000c0   Code   RO         6052    i.Hotlight_Ctl_GPIO_Config  bsp_hotlight.o
    0x080172e0   0x080172e0   0x0000030c   Code   RO         4085    i.Hotlight_Current_Judge  app_hotlight.o
    0x080175ec   0x080175ec   0x00000008   Code   RO         6053    i.Hotlight_GPIO_Config  bsp_hotlight.o
    0x080175f4   0x080175f4   0x0000003c   Code   RO         6054    i.Hotlight_Initial  bsp_hotlight.o
    0x08017630   0x08017630   0x00000078   Code   RO         6055    i.Hotlight_OFF      bsp_hotlight.o
    0x080176a8   0x080176a8   0x00000078   Code   RO         6056    i.Hotlight_ON       bsp_hotlight.o
    0x08017720   0x08017720   0x00000058   Code   RO         4086    i.Hotlight_Para_CAL  app_hotlight.o
    0x08017778   0x08017778   0x0000003c   Code   RO         4286    i.Humi_Data_Handle  app_humi.o
    0x080177b4   0x080177b4   0x00000018   Code   RO         8639    i.Humi_SendChar     humi_driver.o
    0x080177cc   0x080177cc   0x00000088   Code   RO         4287    i.Humi_Test_handle  app_humi.o
    0x08017854   0x08017854   0x0000000c   Code   RO         1607    i.IWDG_SetPrescaler  stm32f10x_iwdg.o
    0x08017860   0x08017860   0x0000000c   Code   RO         1608    i.IWDG_SetReload    stm32f10x_iwdg.o
    0x0801786c   0x0801786c   0x00000040   Code   RO         6458    i.Indicator_BASE_Config  bsp_warn_indicator.o
    0x080178ac   0x080178ac   0x00000010   Code   RO         6459    i.Indicator_Initial  bsp_warn_indicator.o
    0x080178bc   0x080178bc   0x000000e8   Code   RO         4771    i.Indicator_OFF     app_warn_indicator.o
    0x080179a4   0x080179a4   0x000000e8   Code   RO         4772    i.Indicator_ON      app_warn_indicator.o
    0x08017a8c   0x08017a8c   0x00000120   Code   RO         4773    i.Indicator_TOGGLE  app_warn_indicator.o
    0x08017bac   0x08017bac   0x00000118   Code   RO         4288    i.Init_Keyboard_Page  app_humi.o
    0x08017cc4   0x08017cc4   0x000000fc   Code   RO         4289    i.Init_Screen       app_humi.o
    0x08017dc0   0x08017dc0   0x00000010   Code   RO         4139    i.Initi_G4_Para     app_4g.o
    0x08017dd0   0x08017dd0   0x00000050   Code   RO         3178    i.Initi_Master_Inf_Para  app.o
    0x08017e20   0x08017e20   0x00000010   Code   RO         3826    i.Initi_Wifi_Para   app_wifi.o
    0x08017e30   0x08017e30   0x00000050   Code   RO         3979    i.Judge_Write_MCU_ID  app_encryption.o
    0x08017e80   0x08017e80   0x00000032   Code   RO         5440    i.Key_Extend_Config  bsp_key.o
    0x08017eb2   0x08017eb2   0x00000002   PAD
    0x08017eb4   0x08017eb4   0x0000014c   Code   RO         3791    i.Key_Extend_Handle  app_key.o
    0x08018000   0x08018000   0x000000c4   Code   RO         3792    i.Key_Extend_Identify  app_key.o
    0x080180c4   0x080180c4   0x00000010   Code   RO         5441    i.Key_Initial       bsp_key.o
    0x080180d4   0x080180d4   0x00000040   Code   RO         3793    i.Key_Test_Extend_Handle  app_key.o
    0x08018114   0x08018114   0x00000090   Code   RO         5476    i.LED_BELL_Init     bsp_led.o
    0x080181a4   0x080181a4   0x000001e4   Code   RO         4984    i.LED_Control_Basetime_100ms  app_cycle.o
    0x08018388   0x08018388   0x000001b0   Code   RO         5477    i.LED_GPIO_Config   bsp_led.o
    0x08018538   0x08018538   0x000000e8   Code   RO         6057    i.Lamp_Control_TIM_Mode_Config  bsp_hotlight.o
    0x08018620   0x08018620   0x00000088   Code   RO         3980    i.Make_Encryption_Array  app_encryption.o
    0x080186a8   0x080186a8   0x00000080   Code   RO         3981    i.Make_Encryption_MCU_ID  app_encryption.o
    0x08018728   0x08018728   0x00000004   Code   RO         3111    i.MemManage_Handler  stm32f10x_it.o
    0x0801872c   0x0801872c   0x00000012   Code   RO         7017    i.Mem_Clr           lib_mem.o
    0x0801873e   0x0801873e   0x00000002   PAD
    0x08018740   0x08018740   0x00000048   Code   RO         7021    i.Mem_Init          lib_mem.o
    0x08018788   0x08018788   0x00000062   Code   RO         7034    i.Mem_Set           lib_mem.o
    0x080187ea   0x080187ea   0x00000002   Code   RO         3112    i.NMI_Handler       stm32f10x_it.o
    0x080187ec   0x080187ec   0x00000002   Code   RO         4290    i.NOTIFYHandShake   app_humi.o
    0x080187ee   0x080187ee   0x00000020   Code   RO         5565    i.NVIC_Configuration_ADC1_DMA  bsp_ad.o
    0x0801880e   0x0801880e   0x0000001e   Code   RO         6282    i.NVIC_EXIT_Configuration  bsp_exit.o
    0x0801882c   0x0801882c   0x00000070   Code   RO          137    i.NVIC_Init         misc.o
    0x0801889c   0x0801889c   0x00000078   Code   RO         5887    i.NVIC_UART_Configuration  bsp_usart.o
    0x08018914   0x08018914   0x000002c4   Code   RO         4815    i.Normal_Hotlight_Ctl_Process  app_control.o
    0x08018bd8   0x08018bd8   0x000000ba   Code   RO         4291    i.NotifyButton      app_humi.o
    0x08018c92   0x08018c92   0x0000001a   Code   RO         4292    i.NotifyButton_Common  app_humi.o
    0x08018cac   0x08018cac   0x000002d4   Code   RO         4294    i.NotifyButton_Page_Confirm_Age  app_humi.o
    0x08018f80   0x08018f80   0x000002a0   Code   RO         4295    i.NotifyButton_Page_Confirm_Date  app_humi.o
    0x08019220   0x08019220   0x00000238   Code   RO         4296    i.NotifyButton_Page_Confirm_Other  app_humi.o
    0x08019458   0x08019458   0x00000338   Code   RO         4297    i.NotifyButton_Page_Debug  app_humi.o
    0x08019790   0x08019790   0x00000088   Code   RO         4298    i.NotifyButton_Page_Debug2  app_humi.o
    0x08019818   0x08019818   0x00000104   Code   RO         4299    i.NotifyButton_Page_Detail  app_humi.o
    0x0801991c   0x0801991c   0x00000460   Code   RO         4300    i.NotifyButton_Page_Keyboard  app_humi.o
    0x08019d7c   0x08019d7c   0x00000548   Code   RO         4301    i.NotifyButton_Page_Main  app_humi.o
    0x0801a2c4   0x0801a2c4   0x00000a00   Code   RO         4302    i.NotifyButton_Page_Manage  app_humi.o
    0x0801acc4   0x0801acc4   0x00000044   Code   RO         4303    i.NotifyButton_Page_Promote  app_humi.o
    0x0801ad08   0x0801ad08   0x00000f24   Code   RO         4304    i.NotifyButton_Page_Temp_Config  app_humi.o
    0x0801bc2c   0x0801bc2c   0x0000006c   Code   RO         4305    i.NotifyButton_Page_Wifi_Config  app_humi.o
    0x0801bc98   0x0801bc98   0x00000002   Code   RO         4306    i.NotifyMenu        app_humi.o
    0x0801bc9a   0x0801bc9a   0x00000002   Code   RO         4307    i.NotifyMeter       app_humi.o
    0x0801bc9c   0x0801bc9c   0x00000002   Code   RO         4308    i.NotifyProgress    app_humi.o
    0x0801bc9e   0x0801bc9e   0x00000002   Code   RO         4309    i.NotifyReadFlash   app_humi.o
    0x0801bca0   0x0801bca0   0x0000003c   Code   RO         4311    i.NotifyScreen      app_humi.o
    0x0801bcdc   0x0801bcdc   0x00000002   Code   RO         4312    i.NotifySelector    app_humi.o
    0x0801bcde   0x0801bcde   0x00000016   Code   RO         4313    i.NotifySlider      app_humi.o
    0x0801bcf4   0x0801bcf4   0x000000e0   Code   RO         4314    i.NotifyText        app_humi.o
    0x0801bdd4   0x0801bdd4   0x0000002c   Code   RO         4315    i.NotifyText_Page_Comfire_Age  app_humi.o
    0x0801be00   0x0801be00   0x00000060   Code   RO         4316    i.NotifyText_Page_Comfire_Date  app_humi.o
    0x0801be60   0x0801be60   0x00000012   Code   RO         4317    i.NotifyText_Page_Comfire_Other  app_humi.o
    0x0801be72   0x0801be72   0x00000002   PAD
    0x0801be74   0x0801be74   0x000002b0   Code   RO         4318    i.NotifyText_Page_Debug  app_humi.o
    0x0801c124   0x0801c124   0x00000012   Code   RO         4319    i.NotifyText_Page_Detail  app_humi.o
    0x0801c136   0x0801c136   0x00000002   PAD
    0x0801c138   0x0801c138   0x0000001c   Code   RO         4320    i.NotifyText_Page_Keyboard  app_humi.o
    0x0801c154   0x0801c154   0x00000108   Code   RO         4321    i.NotifyText_Page_Main  app_humi.o
    0x0801c25c   0x0801c25c   0x0000037c   Code   RO         4322    i.NotifyText_Page_Manage  app_humi.o
    0x0801c5d8   0x0801c5d8   0x000001b0   Code   RO         4323    i.NotifyText_Page_Temp_Config  app_humi.o
    0x0801c788   0x0801c788   0x00000012   Code   RO         4324    i.NotifyText_Page_Test  app_humi.o
    0x0801c79a   0x0801c79a   0x00000002   PAD
    0x0801c79c   0x0801c79c   0x000000a4   Code   RO         4325    i.NotifyText_Page_Wifi_Config  app_humi.o
    0x0801c840   0x0801c840   0x00000002   Code   RO         4326    i.NotifyTimer       app_humi.o
    0x0801c842   0x0801c842   0x00000002   Code   RO         4327    i.NotifyTouchXY     app_humi.o
    0x0801c844   0x0801c844   0x00000002   Code   RO         4328    i.NotifyWriteFlash  app_humi.o
    0x0801c846   0x0801c846   0x00000002   Code   RO         7291    i.OSCfg_Init        os_cfg_app.o
    0x0801c848   0x0801c848   0x00000014   Code   RO         8328    i.OSIdleTaskHook    os_cpu_c.o
    0x0801c85c   0x0801c85c   0x00000174   Code   RO         7311    i.OSInit            os_core.o
    0x0801c9d0   0x0801c9d0   0x00000038   Code   RO         8329    i.OSInitHook        os_cpu_c.o
    0x0801ca08   0x0801ca08   0x0000002c   Code   RO         7312    i.OSIntEnter        os_core.o
    0x0801ca34   0x0801ca34   0x000000e4   Code   RO         7313    i.OSIntExit         os_core.o
    0x0801cb18   0x0801cb18   0x000000e8   Code   RO         7728    i.OSMutexCreate     os_mutex.o
    0x0801cc00   0x0801cc00   0x00000328   Code   RO         7730    i.OSMutexPend       os_mutex.o
    0x0801cf28   0x0801cf28   0x000002a0   Code   RO         7732    i.OSMutexPost       os_mutex.o
    0x0801d1c8   0x0801d1c8   0x000000a8   Code   RO         7314    i.OSSched           os_core.o
    0x0801d270   0x0801d270   0x0000007c   Code   RO         7315    i.OSSchedLock       os_core.o
    0x0801d2ec   0x0801d2ec   0x0000006c   Code   RO         7316    i.OSSchedRoundRobinCfg  os_core.o
    0x0801d358   0x0801d358   0x000000a0   Code   RO         7318    i.OSSchedUnlock     os_core.o
    0x0801d3f8   0x0801d3f8   0x000000e4   Code   RO         7861    i.OSSemCreate       os_sem.o
    0x0801d4dc   0x0801d4dc   0x0000021c   Code   RO         7863    i.OSSemPend         os_sem.o
    0x0801d6f8   0x0801d6f8   0x00000098   Code   RO         7865    i.OSSemPost         os_sem.o
    0x0801d790   0x0801d790   0x00000088   Code   RO         7866    i.OSSemSet          os_sem.o
    0x0801d818   0x0801d818   0x00000068   Code   RO         7319    i.OSStart           os_core.o
    0x0801d880   0x0801d880   0x00000108   Code   RO         7933    i.OSStatReset       os_stat.o
    0x0801d988   0x0801d988   0x00000100   Code   RO         7934    i.OSStatTaskCPUUsageInit  os_stat.o
    0x0801da88   0x0801da88   0x00000014   Code   RO         8330    i.OSStatTaskHook    os_cpu_c.o
    0x0801da9c   0x0801da9c   0x00000294   Code   RO         7964    i.OSTaskCreate      os_task.o
    0x0801dd30   0x0801dd30   0x00000018   Code   RO         8331    i.OSTaskCreateHook  os_cpu_c.o
    0x0801dd48   0x0801dd48   0x00000208   Code   RO         7965    i.OSTaskDel         os_task.o
    0x0801df50   0x0801df50   0x00000018   Code   RO         8332    i.OSTaskDelHook     os_cpu_c.o
    0x0801df68   0x0801df68   0x00000088   Code   RO         7973    i.OSTaskResume      os_task.o
    0x0801dff0   0x0801dff0   0x00000018   Code   RO         8333    i.OSTaskReturnHook  os_cpu_c.o
    0x0801e008   0x0801e008   0x00000250   Code   RO         7974    i.OSTaskSemPend     os_task.o
    0x0801e258   0x0801e258   0x0000006c   Code   RO         7976    i.OSTaskSemPost     os_task.o
    0x0801e2c4   0x0801e2c4   0x000000e4   Code   RO         7978    i.OSTaskStkChk      os_task.o
    0x0801e3a8   0x0801e3a8   0x000000c0   Code   RO         8334    i.OSTaskStkInit     os_cpu_c.o
    0x0801e468   0x0801e468   0x00000060   Code   RO         7979    i.OSTaskSuspend     os_task.o
    0x0801e4c8   0x0801e4c8   0x000000a4   Code   RO         8335    i.OSTaskSwHook      os_cpu_c.o
    0x0801e56c   0x0801e56c   0x00000150   Code   RO         8179    i.OSTimeDly         os_time.o
    0x0801e6bc   0x0801e6bc   0x0000022c   Code   RO         8180    i.OSTimeDlyHMSM     os_time.o
    0x0801e8e8   0x0801e8e8   0x00000044   Code   RO         8184    i.OSTimeTick        os_time.o
    0x0801e92c   0x0801e92c   0x00000014   Code   RO         8336    i.OSTimeTickHook    os_cpu_c.o
    0x0801e940   0x0801e940   0x00000130   Code   RO         8221    i.OSTmrCreate       os_tmr.o
    0x0801ea70   0x0801ea70   0x000000b4   Code   RO         8224    i.OSTmrStart        os_tmr.o
    0x0801eb24   0x0801eb24   0x00000040   Code   RO         8337    i.OS_CPU_SysTickHandler  os_cpu_c.o
    0x0801eb64   0x0801eb64   0x00000030   Code   RO         8338    i.OS_CPU_SysTickInit  os_cpu_c.o
    0x0801eb94   0x0801eb94   0x00000194   Code   RO         7557    i.OS_Dbg_Init       os_dbg.o
    0x0801ed28   0x0801ed28   0x00000018   Code   RO         7582    i.OS_FlagInit       os_flag.o
    0x0801ed40   0x0801ed40   0x0000027c   Code   RO         7583    i.OS_FlagPost       os_flag.o
    0x0801efbc   0x0801efbc   0x00000056   Code   RO         7584    i.OS_FlagTaskRdy    os_flag.o
    0x0801f012   0x0801f012   0x00000002   PAD
    0x0801f014   0x0801f014   0x0000004c   Code   RO         7321    i.OS_IdleTask       os_core.o
    0x0801f060   0x0801f060   0x00000070   Code   RO         7322    i.OS_IdleTaskInit   os_core.o
    0x0801f0d0   0x0801f0d0   0x00000104   Code   RO         7656    i.OS_IntQPost       os_int.o
    0x0801f1d4   0x0801f1d4   0x0000017c   Code   RO         7657    i.OS_IntQRePost     os_int.o
    0x0801f350   0x0801f350   0x000000c8   Code   RO         7658    i.OS_IntQTask       os_int.o
    0x0801f418   0x0801f418   0x00000128   Code   RO         7659    i.OS_IntQTaskInit   os_int.o
    0x0801f540   0x0801f540   0x0000007c   Code   RO         7692    i.OS_MsgPoolInit    os_msg.o
    0x0801f5bc   0x0801f5bc   0x00000044   Code   RO         7693    i.OS_MsgQFreeAll    os_msg.o
    0x0801f600   0x0801f600   0x0000000e   Code   RO         7695    i.OS_MsgQInit       os_msg.o
    0x0801f60e   0x0801f60e   0x00000002   PAD
    0x0801f610   0x0801f610   0x00000104   Code   RO         7696    i.OS_MsgQPut        os_msg.o
    0x0801f714   0x0801f714   0x00000030   Code   RO         7734    i.OS_MutexDbgListAdd  os_mutex.o
    0x0801f744   0x0801f744   0x00000018   Code   RO         7736    i.OS_MutexInit      os_mutex.o
    0x0801f75c   0x0801f75c   0x00000068   Code   RO         7323    i.OS_Pend           os_core.o
    0x0801f7c4   0x0801f7c4   0x00000026   Code   RO         7326    i.OS_PendDataInit   os_core.o
    0x0801f7ea   0x0801f7ea   0x00000002   PAD
    0x0801f7ec   0x0801f7ec   0x0000005c   Code   RO         7327    i.OS_PendDbgNameAdd  os_core.o
    0x0801f848   0x0801f848   0x00000024   Code   RO         7328    i.OS_PendDbgNameRemove  os_core.o
    0x0801f86c   0x0801f86c   0x00000046   Code   RO         7329    i.OS_PendListChangePrio  os_core.o
    0x0801f8b2   0x0801f8b2   0x0000000a   Code   RO         7330    i.OS_PendListInit   os_core.o
    0x0801f8bc   0x0801f8bc   0x00000066   Code   RO         7332    i.OS_PendListInsertPrio  os_core.o
    0x0801f922   0x0801f922   0x00000030   Code   RO         7333    i.OS_PendListRemove  os_core.o
    0x0801f952   0x0801f952   0x00000042   Code   RO         7334    i.OS_PendListRemove1  os_core.o
    0x0801f994   0x0801f994   0x000000c0   Code   RO         7337    i.OS_Post           os_core.o
    0x0801fa54   0x0801fa54   0x0000002a   Code   RO         7338    i.OS_Post1          os_core.o
    0x0801fa7e   0x0801fa7e   0x00000002   PAD
    0x0801fa80   0x0801fa80   0x00000028   Code   RO         7818    i.OS_PrioGetHighest  os_prio.o
    0x0801faa8   0x0801faa8   0x00000018   Code   RO         7819    i.OS_PrioInit       os_prio.o
    0x0801fac0   0x0801fac0   0x00000024   Code   RO         7820    i.OS_PrioInsert     os_prio.o
    0x0801fae4   0x0801fae4   0x00000024   Code   RO         7821    i.OS_PrioRemove     os_prio.o
    0x0801fb08   0x0801fb08   0x00000024   Code   RO         7339    i.OS_RdyListInit    os_core.o
    0x0801fb2c   0x0801fb2c   0x0000002c   Code   RO         7340    i.OS_RdyListInsert  os_core.o
    0x0801fb58   0x0801fb58   0x00000040   Code   RO         7341    i.OS_RdyListInsertHead  os_core.o
    0x0801fb98   0x0801fb98   0x0000003c   Code   RO         7342    i.OS_RdyListInsertTail  os_core.o
    0x0801fbd4   0x0801fbd4   0x00000044   Code   RO         7343    i.OS_RdyListMoveHeadToTail  os_core.o
    0x0801fc18   0x0801fc18   0x0000005c   Code   RO         7344    i.OS_RdyListRemove  os_core.o
    0x0801fc74   0x0801fc74   0x0000005c   Code   RO         7345    i.OS_Sched0         os_core.o
    0x0801fcd0   0x0801fcd0   0x0000001c   Code   RO         7346    i.OS_SchedLockTimeMeasStart  os_core.o
    0x0801fcec   0x0801fcec   0x0000003c   Code   RO         7347    i.OS_SchedLockTimeMeasStop  os_core.o
    0x0801fd28   0x0801fd28   0x000000ec   Code   RO         7348    i.OS_SchedRoundRobin  os_core.o
    0x0801fe14   0x0801fe14   0x00000030   Code   RO         7868    i.OS_SemDbgListAdd  os_sem.o
    0x0801fe44   0x0801fe44   0x00000018   Code   RO         7870    i.OS_SemInit        os_sem.o
    0x0801fe5c   0x0801fe5c   0x00000198   Code   RO         7871    i.OS_SemPost        os_sem.o
    0x0801fff4   0x0801fff4   0x000003b8   Code   RO         7935    i.OS_StatTask       os_stat.o
    0x080203ac   0x080203ac   0x000000cc   Code   RO         7936    i.OS_StatTaskInit   os_stat.o
    0x08020478   0x08020478   0x00000038   Code   RO         7349    i.OS_TaskBlock      os_core.o
    0x080204b0   0x080204b0   0x00000030   Code   RO         7981    i.OS_TaskDbgListAdd  os_task.o
    0x080204e0   0x080204e0   0x00000044   Code   RO         7982    i.OS_TaskDbgListRemove  os_task.o
    0x08020524   0x08020524   0x00000020   Code   RO         7983    i.OS_TaskInit       os_task.o
    0x08020544   0x08020544   0x000000d0   Code   RO         7984    i.OS_TaskInitTCB    os_task.o
    0x08020614   0x08020614   0x0000026c   Code   RO         7985    i.OS_TaskQPost      os_task.o
    0x08020880   0x08020880   0x0000001c   Code   RO         7350    i.OS_TaskRdy        os_core.o
    0x0802089c   0x0802089c   0x0000017c   Code   RO         7986    i.OS_TaskResume     os_task.o
    0x08020a18   0x08020a18   0x00000018   Code   RO         7987    i.OS_TaskReturn     os_task.o
    0x08020a30   0x08020a30   0x000005a8   Code   RO         7988    i.OS_TaskSemPost    os_task.o
    0x08020fd8   0x08020fd8   0x00000190   Code   RO         7989    i.OS_TaskSuspend    os_task.o
    0x08021168   0x08021168   0x00000028   Code   RO         8131    i.OS_TickListInit   os_tick.o
    0x08021190   0x08021190   0x000001bc   Code   RO         8132    i.OS_TickListInsert  os_tick.o
    0x0802134c   0x0802134c   0x00000038   Code   RO         8133    i.OS_TickListRemove  os_tick.o
    0x08021384   0x08021384   0x00000024   Code   RO         8134    i.OS_TickListResetPeak  os_tick.o
    0x080213a8   0x080213a8   0x00000220   Code   RO         8135    i.OS_TickListUpdate  os_tick.o
    0x080215c8   0x080215c8   0x0000002c   Code   RO         8136    i.OS_TickTask       os_tick.o
    0x080215f4   0x080215f4   0x000000b8   Code   RO         8137    i.OS_TickTaskInit   os_tick.o
    0x080216ac   0x080216ac   0x00000028   Code   RO         8228    i.OS_TmrDbgListAdd  os_tmr.o
    0x080216d4   0x080216d4   0x00000128   Code   RO         8230    i.OS_TmrInit        os_tmr.o
    0x080217fc   0x080217fc   0x000000d0   Code   RO         8231    i.OS_TmrLink        os_tmr.o
    0x080218cc   0x080218cc   0x00000024   Code   RO         8232    i.OS_TmrResetPeak   os_tmr.o
    0x080218f0   0x080218f0   0x000000c0   Code   RO         8233    i.OS_TmrTask        os_tmr.o
    0x080219b0   0x080219b0   0x00000050   Code   RO         8234    i.OS_TmrUnlink      os_tmr.o
    0x08021a00   0x08021a00   0x0000003c   Code   RO         3179    i.Os_App_Init       app.o
    0x08021a3c   0x08021a3c   0x00000058   Code   RO         4985    i.Other_Control_Basetime_100ms  app_cycle.o
    0x08021a94   0x08021a94   0x00000134   Code   RO         4986    i.Other_Operate_10ms  app_cycle.o
    0x08021bc8   0x08021bc8   0x000001ac   Code   RO         4816    i.Pow_Diff_To_Ration_Change_Value  app_control.o
    0x08021d74   0x08021d74   0x00000270   Code   RO         4329    i.ProcessMessage    app_humi.o
    0x08021fe4   0x08021fe4   0x00000414   Code   RO         5163    i.Product_Device_Summary_INF  app_monitor_data_handle.o
    0x080223f8   0x080223f8   0x00000084   Code   RO         8521    i.Queue_Find_Cmd    humi_cmd_queue.o
    0x0802247c   0x0802247c   0x00000030   Code   RO         8522    i.Queue_Push        humi_cmd_queue.o
    0x080224ac   0x080224ac   0x00000020   Code   RO         8523    i.Queue_Reset       humi_cmd_queue.o
    0x080224cc   0x080224cc   0x00000018   Code   RO         1706    i.RCC_ADCCLKConfig  stm32f10x_rcc.o
    0x080224e4   0x080224e4   0x00000020   Code   RO         1707    i.RCC_AHBPeriphClockCmd  stm32f10x_rcc.o
    0x08022504   0x08022504   0x00000020   Code   RO         1708    i.RCC_APB1PeriphClockCmd  stm32f10x_rcc.o
    0x08022524   0x08022524   0x00000020   Code   RO         1709    i.RCC_APB1PeriphResetCmd  stm32f10x_rcc.o
    0x08022544   0x08022544   0x00000020   Code   RO         1710    i.RCC_APB2PeriphClockCmd  stm32f10x_rcc.o
    0x08022564   0x08022564   0x00000020   Code   RO         1711    i.RCC_APB2PeriphResetCmd  stm32f10x_rcc.o
    0x08022584   0x08022584   0x00000014   Code   RO         1714    i.RCC_ClearFlag     stm32f10x_rcc.o
    0x08022598   0x08022598   0x000000d4   Code   RO         1718    i.RCC_GetClocksFreq  stm32f10x_rcc.o
    0x0802266c   0x0802266c   0x0000003c   Code   RO         1719    i.RCC_GetFlagStatus  stm32f10x_rcc.o
    0x080226a8   0x080226a8   0x000000d0   Code   RO         4817    i.Ratio_Diff_To_Ration_Change_Value  app_control.o
    0x08022778   0x08022778   0x00000012   Code   RO         8643    i.ReadRTC           humi_driver.o
    0x0802278a   0x0802278a   0x00000002   PAD
    0x0802278c   0x0802278c   0x0000009c   Code   RO         5652    i.Read_4G_Config    bsp_flash.o
    0x08022828   0x08022828   0x0000000c   Code   RO         5654    i.Read_App_Version  bsp_flash.o
    0x08022834   0x08022834   0x0000019c   Code   RO         5655    i.Read_Device_Config  bsp_flash.o
    0x080229d0   0x080229d0   0x0000005c   Code   RO         5656    i.Read_Fireware_Inf  bsp_flash.o
    0x08022a2c   0x08022a2c   0x000000f8   Code   RO         5657    i.Read_Master_Config  bsp_flash.o
    0x08022b24   0x08022b24   0x0000000c   Code   RO         5658    i.Read_New_Fireware_Position  bsp_flash.o
    0x08022b30   0x08022b30   0x00000050   Code   RO         5659    i.Read_Temp_Data_Info  bsp_flash.o
    0x08022b80   0x08022b80   0x00000060   Code   RO         5660    i.Read_Total_Temp_Data  bsp_flash.o
    0x08022be0   0x08022be0   0x00000190   Code   RO         5188    i.Read_W25Q_Realtime_Inf  app_w25q.o
    0x08022d70   0x08022d70   0x00000090   Code   RO         5661    i.Read_Wifi_Config  bsp_flash.o
    0x08022e00   0x08022e00   0x00000014   Code   RO         4818    i.Ready_Hotlight    app_control.o
    0x08022e14   0x08022e14   0x0000002c   Code   RO         5662    i.Record_4G_Config  bsp_flash.o
    0x08022e40   0x08022e40   0x000000c8   Code   RO         5666    i.Record_Device_Config  bsp_flash.o
    0x08022f08   0x08022f08   0x00000028   Code   RO         5667    i.Record_Fireware_Flag_Inf  bsp_flash.o
    0x08022f30   0x08022f30   0x00000098   Code   RO         5668    i.Record_Fireware_Inf  bsp_flash.o
    0x08022fc8   0x08022fc8   0x00000080   Code   RO         5669    i.Record_Inf        bsp_flash.o
    0x08023048   0x08023048   0x0000002c   Code   RO         5670    i.Record_Master_Config  bsp_flash.o
    0x08023074   0x08023074   0x00000016   Code   RO         5671    i.Record_New_Fireware_Position_Flag  bsp_flash.o
    0x0802308a   0x0802308a   0x00000016   Code   RO         5672    i.Record_New_Fireware_Tpye_Flag  bsp_flash.o
    0x080230a0   0x080230a0   0x00000060   Code   RO         5673    i.Record_Temp_Data  bsp_flash.o
    0x08023100   0x08023100   0x000000ac   Code   RO         5674    i.Record_Total_Temp_Data  bsp_flash.o
    0x080231ac   0x080231ac   0x0000002c   Code   RO         5675    i.Record_Wifi_Config  bsp_flash.o
    0x080231d8   0x080231d8   0x000003a4   Code   RO         4330    i.Refresh_Temp_Sch_Age_Dispaly  app_humi.o
    0x0802357c   0x0802357c   0x000001d4   Code   RO         4331    i.Refresh_Temp_Sch_Time_Dispaly  app_humi.o
    0x08023750   0x08023750   0x0000014c   Code   RO         4950    i.Renew_Energy_Record  app_record.o
    0x0802389c   0x0802389c   0x00000154   Code   RO         4819    i.Renew_Info_Cycle  app_control.o
    0x080239f0   0x080239f0   0x0000018c   Code   RO         4820    i.Renew_Power_Ratio  app_control.o
    0x08023b7c   0x08023b7c   0x00000064   Code   RO         3180    i.Reset_Analyse     app.o
    0x08023be0   0x08023be0   0x00000020   Code   RO         5888    i.SCREEN_USART_INIT  bsp_usart.o
    0x08023c00   0x08023c00   0x000000b0   Code   RO         6325    i.SPI1_Init         bsp_w25q.o
    0x08023cb0   0x08023cb0   0x0000001c   Code   RO         6326    i.SPI1_ReadBytes    bsp_w25q.o
    0x08023ccc   0x08023ccc   0x00000038   Code   RO         6327    i.SPI1_ReadWriteByte  bsp_w25q.o
    0x08023d04   0x08023d04   0x0000001a   Code   RO         6329    i.SPI1_WriteBytes   bsp_w25q.o
    0x08023d1e   0x08023d1e   0x00000018   Code   RO         2187    i.SPI_Cmd           stm32f10x_spi.o
    0x08023d36   0x08023d36   0x00000012   Code   RO         2195    i.SPI_I2S_GetFlagStatus  stm32f10x_spi.o
    0x08023d48   0x08023d48   0x00000006   Code   RO         2198    i.SPI_I2S_ReceiveData  stm32f10x_spi.o
    0x08023d4e   0x08023d4e   0x00000004   Code   RO         2199    i.SPI_I2S_SendData  stm32f10x_spi.o
    0x08023d52   0x08023d52   0x0000003c   Code   RO         2200    i.SPI_Init          stm32f10x_spi.o
    0x08023d8e   0x08023d8e   0x00000002   Code   RO         3114    i.SVC_Handler       stm32f10x_it.o
    0x08023d90   0x08023d90   0x00000030   Code   RO         6482    i.Screen_GPIO_Config  bsp_screen.o
    0x08023dc0   0x08023dc0   0x00000010   Code   RO         6483    i.Screen_Off        bsp_screen.o
    0x08023dd0   0x08023dd0   0x00000010   Code   RO         6484    i.Screen_Pow_On     bsp_screen.o
    0x08023de0   0x08023de0   0x000003cc   Code   RO         4821    i.Segment_Status_Change  app_control.o
    0x080241ac   0x080241ac   0x00000016   Code   RO         8654    i.SendStrings       humi_driver.o
    0x080241c2   0x080241c2   0x00000002   PAD
    0x080241c4   0x080241c4   0x000000c4   Code   RO         5889    i.Send_Interrupt_UART  bsp_usart.o
    0x08024288   0x08024288   0x0000003c   Code   RO         8657    i.SetButtonValue    humi_driver.o
    0x080242c4   0x080242c4   0x0000003c   Code   RO         8661    i.SetControlEnable  humi_driver.o
    0x08024300   0x08024300   0x0000003c   Code   RO         8664    i.SetControlVisiable  humi_driver.o
    0x0802433c   0x0802433c   0x00000120   Code   RO         8673    i.SetRTC            humi_driver.o
    0x0802445c   0x0802445c   0x00000026   Code   RO         8674    i.SetScreen         humi_driver.o
    0x08024482   0x08024482   0x00000008   Code   RO           24    i.SetSysClock       system_stm32f10x.o
    0x0802448a   0x0802448a   0x00000002   PAD
    0x0802448c   0x0802448c   0x000000e0   Code   RO           25    i.SetSysClockTo72   system_stm32f10x.o
    0x0802456c   0x0802456c   0x00000076   Code   RO         8678    i.SetTextFloat      humi_driver.o
    0x080245e2   0x080245e2   0x00000076   Code   RO         8679    i.SetTextInt32      humi_driver.o
    0x08024658   0x08024658   0x0000003c   Code   RO         8681    i.SetTextValue      humi_driver.o
    0x08024694   0x08024694   0x0000002c   Code   RO         5263    i.SoftReset         bsp.o
    0x080246c0   0x080246c0   0x00000050   Code   RO         4332    i.Starttime_Adjust  app_humi.o
    0x08024710   0x08024710   0x00000018   Code   RO         7135    i.Str_Cat           lib_str.o
    0x08024728   0x08024728   0x0000005a   Code   RO         7136    i.Str_Cat_N         lib_str.o
    0x08024782   0x08024782   0x0000009c   Code   RO         7146    i.Str_Cmp_N         lib_str.o
    0x0802481e   0x0802481e   0x00000018   Code   RO         7147    i.Str_Copy          lib_str.o
    0x08024836   0x08024836   0x00000046   Code   RO         7148    i.Str_Copy_N        lib_str.o
    0x0802487c   0x0802487c   0x00000014   Code   RO         7152    i.Str_Len           lib_str.o
    0x08024890   0x08024890   0x0000001c   Code   RO         7153    i.Str_Len_N         lib_str.o
    0x080248ac   0x080248ac   0x00000018   Code   RO         7157    i.Str_Str           lib_str.o
    0x080248c4   0x080248c4   0x000000b6   Code   RO         7158    i.Str_Str_N         lib_str.o
    0x0802497a   0x0802497a   0x00000002   PAD
    0x0802497c   0x0802497c   0x00000108   Code   RO         5189    i.Syn_Realtime_Inf  app_w25q.o
    0x08024a84   0x08024a84   0x00000060   Code   RO           27    i.SystemInit        system_stm32f10x.o
    0x08024ae4   0x08024ae4   0x00000050   Code   RO         5509    i.TIM1_UP_IRQHandler  bsp_time.o
    0x08024b34   0x08024b34   0x00000084   Code   RO         6058    i.TIM2_IRQHandler   bsp_hotlight.o
    0x08024bb8   0x08024bb8   0x000000c4   Code   RO         5510    i.TIM3_IRQHandler   bsp_time.o
    0x08024c7c   0x08024c7c   0x00000080   Code   RO         6059    i.TIM5_IRQHandler   bsp_hotlight.o
    0x08024cfc   0x08024cfc   0x00000090   Code   RO         6060    i.TIM6_IRQHandler   bsp_hotlight.o
    0x08024d8c   0x08024d8c   0x00000080   Code   RO         6061    i.TIM7_IRQHandler   bsp_hotlight.o
    0x08024e0c   0x08024e0c   0x00000006   Code   RO         2336    i.TIM_ClearFlag     stm32f10x_tim.o
    0x08024e12   0x08024e12   0x00000006   Code   RO         2337    i.TIM_ClearITPendingBit  stm32f10x_tim.o
    0x08024e18   0x08024e18   0x00000018   Code   RO         2342    i.TIM_Cmd           stm32f10x_tim.o
    0x08024e30   0x08024e30   0x00000006   Code   RO         2361    i.TIM_GetCounter    stm32f10x_tim.o
    0x08024e36   0x08024e36   0x00000022   Code   RO         2363    i.TIM_GetITStatus   stm32f10x_tim.o
    0x08024e58   0x08024e58   0x00000012   Code   RO         2367    i.TIM_ITConfig      stm32f10x_tim.o
    0x08024e6a   0x08024e6a   0x00000004   Code   RO         2407    i.TIM_SetCounter    stm32f10x_tim.o
    0x08024e6e   0x08024e6e   0x00000002   PAD
    0x08024e70   0x08024e70   0x000000a4   Code   RO         2413    i.TIM_TimeBaseInit  stm32f10x_tim.o
    0x08024f14   0x08024f14   0x0000025c   Code   RO         8464    i.Task_4G           task_4g.o
    0x08025170   0x08025170   0x0000016c   Code   RO         8406    i.Task_AD           task_ad.o
    0x080252dc   0x080252dc   0x000002d4   Code   RO         8502    i.Task_Control      task_control.o
    0x080255b0   0x080255b0   0x0000022c   Code   RO         3181    i.Task_Creat_Start  app.o
    0x080257dc   0x080257dc   0x00000330   Code   RO         8483    i.Task_Humi         task_humi.o
    0x08025b0c   0x08025b0c   0x00000530   Code   RO         8425    i.Task_Record       task_record.o
    0x0802603c   0x0802603c   0x000001f4   Code   RO         8444    i.Task_WIFI         task_wifi.o
    0x08026230   0x08026230   0x0000009c   Code   RO         4236    i.Temp_Fliter       app_18b20.o
    0x080262cc   0x080262cc   0x0000000c   Code   RO         4715    i.Time_Adjust       app_systm_time.o
    0x080262d8   0x080262d8   0x00000068   Code   RO         4987    i.Timer_Callback_100MS  app_cycle.o
    0x08026340   0x08026340   0x000000ac   Code   RO         5891    i.UART4_IRQHandler  bsp_usart.o
    0x080263ec   0x080263ec   0x00000074   Code   RO         5892    i.UARTX_ObjCreate   bsp_usart.o
    0x08026460   0x08026460   0x00000170   Code   RO         5893    i.UART_Rece_IRQ     bsp_usart.o
    0x080265d0   0x080265d0   0x000000b8   Code   RO         5894    i.USART1_IRQHandler  bsp_usart.o
    0x08026688   0x08026688   0x000000cc   Code   RO         5895    i.USART2_IRQHandler  bsp_usart.o
    0x08026754   0x08026754   0x000000ac   Code   RO         5896    i.USART3_IRQHandler  bsp_usart.o
    0x08026800   0x08026800   0x00000012   Code   RO         2874    i.USART_ClearFlag   stm32f10x_usart.o
    0x08026812   0x08026812   0x0000001e   Code   RO         2875    i.USART_ClearITPendingBit  stm32f10x_usart.o
    0x08026830   0x08026830   0x00000028   Code   RO         5897    i.USART_Clear_ORE_Flag  bsp_usart.o
    0x08026858   0x08026858   0x00000018   Code   RO         2878    i.USART_Cmd         stm32f10x_usart.o
    0x08026870   0x08026870   0x0000009c   Code   RO         2880    i.USART_DeInit      stm32f10x_usart.o
    0x0802690c   0x0802690c   0x00000170   Code   RO         5898    i.USART_GPIO_Config  bsp_usart.o
    0x08026a7c   0x08026a7c   0x0000001a   Code   RO         2881    i.USART_GetFlagStatus  stm32f10x_usart.o
    0x08026a96   0x08026a96   0x00000054   Code   RO         2882    i.USART_GetITStatus  stm32f10x_usart.o
    0x08026aea   0x08026aea   0x00000032   Code   RO         5899    i.USART_INIT        bsp_usart.o
    0x08026b1c   0x08026b1c   0x0000004a   Code   RO         2884    i.USART_ITConfig    stm32f10x_usart.o
    0x08026b66   0x08026b66   0x00000002   PAD
    0x08026b68   0x08026b68   0x000000d8   Code   RO         2885    i.USART_Init        stm32f10x_usart.o
    0x08026c40   0x08026c40   0x0000000a   Code   RO         2892    i.USART_ReceiveData  stm32f10x_usart.o
    0x08026c4a   0x08026c4a   0x00000008   Code   RO         2895    i.USART_SendData    stm32f10x_usart.o
    0x08026c52   0x08026c52   0x00000002   PAD
    0x08026c54   0x08026c54   0x000000f4   Code   RO         4988    i.Uart_Rece_Overtime_Handle  app_cycle.o
    0x08026d48   0x08026d48   0x00000190   Code   RO         5900    i.Uart_Send_Data    bsp_usart.o
    0x08026ed8   0x08026ed8   0x0000006c   Code   RO         4333    i.Updata_Page_UI_Confirm_Age  app_humi.o
    0x08026f44   0x08026f44   0x00000094   Code   RO         4334    i.Updata_Page_UI_Confirm_Date  app_humi.o
    0x08026fd8   0x08026fd8   0x00000054   Code   RO         4335    i.Updata_Page_UI_Confirm_Other  app_humi.o
    0x0802702c   0x0802702c   0x00000604   Code   RO         4336    i.Updata_Page_UI_Debug  app_humi.o
    0x08027630   0x08027630   0x000000cc   Code   RO         4337    i.Updata_Page_UI_Debug2  app_humi.o
    0x080276fc   0x080276fc   0x00000478   Code   RO         4338    i.Updata_Page_UI_Detail  app_humi.o
    0x08027b74   0x08027b74   0x00000204   Code   RO         4339    i.Updata_Page_UI_Keyboard  app_humi.o
    0x08027d78   0x08027d78   0x00000b9c   Code   RO         4340    i.Updata_Page_UI_Main  app_humi.o
    0x08028914   0x08028914   0x00000588   Code   RO         4341    i.Updata_Page_UI_Manage  app_humi.o
    0x08028e9c   0x08028e9c   0x00000054   Code   RO         4342    i.Updata_Page_UI_Promtoe  app_humi.o
    0x08028ef0   0x08028ef0   0x000000f4   Code   RO         4343    i.Updata_Page_UI_Temp_Config  app_humi.o
    0x08028fe4   0x08028fe4   0x00000030   Code   RO         4344    i.Updata_Page_UI_Test  app_humi.o
    0x08029014   0x08029014   0x00000084   Code   RO         4345    i.Updata_Page_UI_Wifi_Config_Date  app_humi.o
    0x08029098   0x08029098   0x000000fc   Code   RO         4346    i.UpdateUI          app_humi.o
    0x08029194   0x08029194   0x00000004   Code   RO         3116    i.UsageFault_Handler  stm32f10x_it.o
    0x08029198   0x08029198   0x000000c4   Code   RO         4989    i.Variable_Timer_100ms  app_cycle.o
    0x0802925c   0x0802925c   0x0000002c   Code   RO         4990    i.Variable_Timer_10ms  app_cycle.o
    0x08029288   0x08029288   0x00000084   Code   RO         5241    i.Vol_Check         app_bl0940.o
    0x0802930c   0x0802930c   0x00000058   Code   RO         5242    i.Vol_Warn          app_bl0940.o
    0x08029364   0x08029364   0x00000040   Code   RO         6332    i.W25QXX_Erase_Sector  bsp_w25q.o
    0x080293a4   0x080293a4   0x00000018   Code   RO         6333    i.W25QXX_Init       bsp_w25q.o
    0x080293bc   0x080293bc   0x00000044   Code   RO         6336    i.W25QXX_Read       bsp_w25q.o
    0x08029400   0x08029400   0x00000030   Code   RO         6339    i.W25QXX_WaitForWriteEnd  bsp_w25q.o
    0x08029430   0x08029430   0x0000002c   Code   RO         6340    i.W25QXX_WakeUp     bsp_w25q.o
    0x0802945c   0x0802945c   0x000000b4   Code   RO         6341    i.W25QXX_Write      bsp_w25q.o
    0x08029510   0x08029510   0x00000020   Code   RO         6342    i.W25QXX_WriteEnable  bsp_w25q.o
    0x08029530   0x08029530   0x0000004a   Code   RO         6343    i.W25QXX_Write_NoCheck  bsp_w25q.o
    0x0802957a   0x0802957a   0x00000002   PAD
    0x0802957c   0x0802957c   0x0000004c   Code   RO         6344    i.W25QXX_Write_Page  bsp_w25q.o
    0x080295c8   0x080295c8   0x00000024   Code   RO         5190    i.W25Q_ObjCreate    app_w25q.o
    0x080295ec   0x080295ec   0x0000023c   Code   RO         3827    i.WIFI_Badu_Change  app_wifi.o
    0x08029828   0x08029828   0x00000038   Code   RO         5609    i.WIFI_GPIO_Config  bsp_wifi.o
    0x08029860   0x08029860   0x000002d4   Code   RO         3828    i.WIFI_Link_Check   app_wifi.o
    0x08029b34   0x08029b34   0x00000184   Code   RO         3829    i.WIFI_Link_Check_handle  app_wifi.o
    0x08029cb8   0x08029cb8   0x00000058   Code   RO         5610    i.WIFI_Reset        bsp_wifi.o
    0x08029d10   0x08029d10   0x00000268   Code   RO         3830    i.WIFI_Timer_Callback_300MS  app_wifi.o
    0x08029f78   0x08029f78   0x0000034c   Code   RO         3831    i.WIFI_Transmit_Config  app_wifi.o
    0x0802a2c4   0x0802a2c4   0x00000124   Code   RO         3832    i.WIFI_Transmit_Config_handle  app_wifi.o
    0x0802a3e8   0x0802a3e8   0x00000190   Code   RO         3833    i.Wifi_Badu_Change_handle  app_wifi.o
    0x0802a578   0x0802a578   0x00000078   Code   RO         3834    i.Wifi_Data_Analyse  app_wifi.o
    0x0802a5f0   0x0802a5f0   0x0000007c   Code   RO         3835    i.Wifi_Data_Handle  app_wifi.o
    0x0802a66c   0x0802a66c   0x00000020   Code   RO         5901    i.Wifi_USART_INIT   bsp_usart.o
    0x0802a68c   0x0802a68c   0x000000d4   Code   RO         3836    i.Wifi_Work_Data_handle  app_wifi.o
    0x0802a760   0x0802a760   0x0000008c   Code   RO         5676    i.Write_Fireware_Inf  bsp_flash.o
    0x0802a7ec   0x0802a7ec   0x00000096   Code   RO         5191    i.Write_W25Q_Realtime_Inf  app_w25q.o
    0x0802a882   0x0802a882   0x00000002   PAD
    0x0802a884   0x0802a884   0x00000030   Code   RO         9564    i.__0snprintf       mc_w.l(printfa.o)
    0x0802a8b4   0x0802a8b4   0x00000028   Code   RO         9565    i.__0sprintf        mc_w.l(printfa.o)
    0x0802a8dc   0x0802a8dc   0x0000000e   Code   RO         9684    i.__scatterload_copy  mc_w.l(handlers.o)
    0x0802a8ea   0x0802a8ea   0x00000002   Code   RO         9685    i.__scatterload_null  mc_w.l(handlers.o)
    0x0802a8ec   0x0802a8ec   0x0000000e   Code   RO         9686    i.__scatterload_zeroinit  mc_w.l(handlers.o)
    0x0802a8fa   0x0802a8fa   0x00000002   PAD
    0x0802a8fc   0x0802a8fc   0x00000184   Code   RO         9570    i._fp_digits        mc_w.l(printfa.o)
    0x0802aa80   0x0802aa80   0x0000000e   Code   RO         9597    i._is_digit         mc_w.l(scanf_fp.o)
    0x0802aa8e   0x0802aa8e   0x00000002   PAD
    0x0802aa90   0x0802aa90   0x000006dc   Code   RO         9571    i._printf_core      mc_w.l(printfa.o)
    0x0802b16c   0x0802b16c   0x00000024   Code   RO         9572    i._printf_post_padding  mc_w.l(printfa.o)
    0x0802b190   0x0802b190   0x0000002e   Code   RO         9573    i._printf_pre_padding  mc_w.l(printfa.o)
    0x0802b1be   0x0802b1be   0x00000016   Code   RO         9574    i._snputc           mc_w.l(printfa.o)
    0x0802b1d4   0x0802b1d4   0x0000000a   Code   RO         9575    i._sputc            mc_w.l(printfa.o)
    0x0802b1de   0x0802b1de   0x00000002   PAD
    0x0802b1e0   0x0802b1e0   0x00000058   Code   RO         4718    i.calculate_sys_interval_day  app_systm_time.o
    0x0802b238   0x0802b238   0x00000076   Code   RO         3617    i.data_float_filter  app_math.o
    0x0802b2ae   0x0802b2ae   0x00000002   PAD
    0x0802b2b0   0x0802b2b0   0x0000036c   Code   RO         4822    i.except_status_switch  app_control.o
    0x0802b61c   0x0802b61c   0x0000002c   Code   RO         3618    i.find_bigest_float  app_math.o
    0x0802b648   0x0802b648   0x00000030   Code   RO         3619    i.find_bigest_float_move  app_math.o
    0x0802b678   0x0802b678   0x00000046   Code   RO         4680    i.find_n_char       app_frame.o
    0x0802b6be   0x0802b6be   0x0000002c   Code   RO         3626    i.find_smallest_float  app_math.o
    0x0802b6ea   0x0802b6ea   0x00000030   Code   RO         3627    i.find_smallest_float_move  app_math.o
    0x0802b71a   0x0802b71a   0x00000002   PAD
    0x0802b71c   0x0802b71c   0x0000067c   Code   RO         5129    i.fireware_data_handle  app_save_fireware.o
    0x0802bd98   0x0802bd98   0x0000009e   Code   RO         3633    i.float_filter_n    app_math.o
    0x0802be36   0x0802be36   0x00000002   PAD
    0x0802be38   0x0802be38   0x00000098   Code   RO         3929    i.float_to_str      app_debug.o
    0x0802bed0   0x0802bed0   0x00000060   Code   RO         3982    i.judge_code_valid  app_encryption.o
    0x0802bf30   0x0802bf30   0x000000ac   Code   RO         3182    i.main              app.o
    0x0802bfdc   0x0802bfdc   0x0000008c   Code   RO         4719    i.mktimev           app_systm_time.o
    0x0802c068   0x0802c068   0x00001240   Code   RO         5164    i.monitor_data_handle  app_monitor_data_handle.o
    0x0802d2a8   0x0802d2a8   0x0000010c   Code   RO         5165    i.monitor_operation  app_monitor_data_handle.o
    0x0802d3b4   0x0802d3b4   0x00000034   Code   RO         8524    i.queue_pop         humi_cmd_queue.o
    0x0802d3e8   0x0802d3e8   0x00000024   Code   RO         8525    i.queue_size        humi_cmd_queue.o
    0x0802d40c   0x0802d40c   0x00000044   Code   RO         3983    i.record_MCU_ID     app_encryption.o
    0x0802d450   0x0802d450   0x000000cc   Code   RO         4720    i.to_tm             app_systm_time.o
    0x0802d51c   0x0802d51c   0x00000400   Data   RO         3636    .constdata          app_math.o
    0x0802d91c   0x0802d91c   0x00000010   Data   RO         3956    .constdata          app_uart.o
    0x0802d92c   0x0802d92c   0x00000030   Data   RO         3985    .constdata          app_encryption.o
    0x0802d95c   0x0802d95c   0x00000180   Data   RO         4090    .constdata          app_hotlight.o
    0x0802dadc   0x0802dadc   0x00000030   Data   RO         4722    .constdata          app_systm_time.o
    0x0802db0c   0x0802db0c   0x000001c0   Data   RO         4824    .constdata          app_control.o
    0x0802dccc   0x0802dccc   0x00000030   Data   RO         5444    .constdata          bsp_key.o
    0x0802dcfc   0x0802dcfc   0x00000018   Data   RO         5568    .constdata          bsp_ad.o
    0x0802dd14   0x0802dd14   0x0000025f   Data   RO         5611    .constdata          bsp_wifi.o
    0x0802df73   0x0802df73   0x00000001   PAD
    0x0802df74   0x0802df74   0x00000050   Data   RO         5905    .constdata          bsp_usart.o
    0x0802dfc4   0x0802dfc4   0x000007d0   Data   RO         6062    .constdata          bsp_hotlight.o
    0x0802e794   0x0802e794   0x00000096   Data   RO         6129    .constdata          bsp_4g.o
    0x0802e82a   0x0802e82a   0x00000002   PAD
    0x0802e82c   0x0802e82c   0x00000018   Data   RO         6460    .constdata          bsp_warn_indicator.o
    0x0802e844   0x0802e844   0x000000a4   Data   RO         7293    .constdata          os_cfg_app.o
    0x0802e8e8   0x0802e8e8   0x0000016c   Data   RO         7558    .constdata          os_dbg.o
    0x0802ea54   0x0802ea54   0x00000040   Data   RO         9680    .constdata          mc_w.l(ctype_c.o)
    0x0802ea94   0x0802ea94   0x00000135   Data   RO         3930    .conststring        app_debug.o
    0x0802ebc9   0x0802ebc9   0x00000003   PAD
    0x0802ebcc   0x0802ebcc   0x0000001b   Data   RO         4723    .conststring        app_systm_time.o
    0x0802ebe7   0x0802ebe7   0x00000001   PAD
    0x0802ebe8   0x0802ebe8   0x00000103   Data   RO         5906    .conststring        bsp_usart.o
    0x0802eceb   0x0802eceb   0x00000001   PAD
    0x0802ecec   0x0802ecec   0x00000020   Data   RO         9682    Region$$Table       anon$$obj.o


    Execution Region RW_IRAM1 (Exec base: 0x20000000, Load base: 0x0802ed0c, Size: 0x0000d348, Max: 0x00010000, ABSOLUTE, COMPRESSED[0x00000088])

    Exec Addr    Load Addr    Size         Type   Attr      Idx    E Section Name        Object

    0x20000000   COMPRESSED   0x00000014   Data   RW         1738    .data               stm32f10x_rcc.o
    0x20000014   COMPRESSED   0x0000000a   Data   RW         3184    .data               app.o
    0x2000001e   COMPRESSED   0x00000002   PAD
    0x20000020   COMPRESSED   0x0000000c   Data   RW         3637    .data               app_math.o
    0x2000002c   COMPRESSED   0x00000022   Data   RW         3795    .data               app_key.o
    0x2000004e   COMPRESSED   0x00000002   PAD
    0x20000050   COMPRESSED   0x00000010   Data   RW         3838    .data               app_wifi.o
    0x20000060   COMPRESSED   0x00000010   Data   RW         3957    .data               app_uart.o
    0x20000070   COMPRESSED   0x00000008   Data   RW         3986    .data               app_encryption.o
    0x20000078   COMPRESSED   0x00000006   Data   RW         4141    .data               app_4g.o
    0x2000007e   COMPRESSED   0x00000007   Data   RW         4238    .data               app_18b20.o
    0x20000085   COMPRESSED   0x00000001   Data   RW         4271    .data               app_fre_capture.o
    0x20000086   COMPRESSED   0x00000038   Data   RW         4349    .data               app_humi.o
    0x200000be   COMPRESSED   0x00000006   Data   RW         4681    .data               app_frame.o
    0x200000c4   COMPRESSED   0x00000071   Data   RW         4724    .data               app_systm_time.o
    0x20000135   COMPRESSED   0x00000001   PAD
    0x20000136   COMPRESSED   0x00000004   Data   RW         4774    .data               app_warn_indicator.o
    0x2000013a   COMPRESSED   0x0000001c   Data   RW         4825    .data               app_control.o
    0x20000156   COMPRESSED   0x00000002   PAD
    0x20000158   COMPRESSED   0x00000040   Data   RW         4992    .data               app_cycle.o
    0x20000198   COMPRESSED   0x00000008   Data   RW         5264    .data               bsp.o
    0x200001a0   COMPRESSED   0x0000001a   Data   RW         5478    .data               bsp_led.o
    0x200001ba   COMPRESSED   0x00000002   PAD
    0x200001bc   COMPRESSED   0x00000020   Data   RW         5511    .data               bsp_time.o
    0x200001dc   COMPRESSED   0x00000008   Data   RW         5569    .data               bsp_ad.o
    0x200001e4   COMPRESSED   0x00000078   Data   RW         5907    .data               bsp_usart.o
    0x2000025c   COMPRESSED   0x00000018   Data   RW         6063    .data               bsp_hotlight.o
    0x20000274   COMPRESSED   0x00000001   Data   RW         6283    .data               bsp_exit.o
    0x20000275   COMPRESSED   0x00000001   PAD
    0x20000276   COMPRESSED   0x00000004   Data   RW         6461    .data               bsp_warn_indicator.o
    0x2000027a   COMPRESSED   0x00000008   Data   RW         6527    .data               bsp_bl0940.o
    0x20000282   COMPRESSED   0x00000002   PAD
    0x20000284   COMPRESSED   0x0000001c   Data   RW         6681    .data               cpu_core.o
    0x200002a0   COMPRESSED   0x00000004   Data   RW         7036    .data               lib_mem.o
    0x200002a4   COMPRESSED   0x00000004   Data   RW         7822    .data               os_prio.o
    0x200002a8   COMPRESSED   0x000000c0   Data   RW         8312    .data               os_var.o
    0x20000368   COMPRESSED   0x00000004   Data   RW         8339    .data               os_cpu_c.o
    0x2000036c   COMPRESSED   0x00000009   Data   RW         8408    .data               task_ad.o
    0x20000375   COMPRESSED   0x00000003   PAD
    0x20000378   COMPRESSED   0x00000015   Data   RW         8427    .data               task_record.o
    0x2000038d   COMPRESSED   0x00000003   PAD
    0x20000390   COMPRESSED   0x00000008   Data   RW         8446    .data               task_wifi.o
    0x20000398   COMPRESSED   0x00000034   Data   RW         8466    .data               task_4g.o
    0x200003cc   COMPRESSED   0x0000000c   Data   RW         8485    .data               task_humi.o
    0x200003d8   COMPRESSED   0x0000001c   Data   RW         8504    .data               task_control.o
    0x200003f4   COMPRESSED   0x00000006   Data   RW         8527    .data               humi_cmd_queue.o
    0x200003fa   COMPRESSED   0x00000002   PAD
    0x200003fc   COMPRESSED   0x00000004   Data   RW         8693    .data               humi_driver.o
    0x20000400   COMPRESSED   0x00000004   Data   RW         9322    .data               mc_w.l(rand.o)
    0x20000404   COMPRESSED   0x00000004   PAD
    0x20000408        -       0x00000588   Zero   RW         3183    .bss                app.o
    0x20000990        -       0x000002cc   Zero   RW         3837    .bss                app_wifi.o
    0x20000c5c        -       0x00000d80   Zero   RW         3955    .bss                app_uart.o
    0x200019dc        -       0x00000020   Zero   RW         3984    .bss                app_encryption.o
    0x200019fc        -       0x00000080   Zero   RW         4089    .bss                app_hotlight.o
    0x20001a7c        -       0x00000478   Zero   RW         4140    .bss                app_4g.o
    0x20001ef4        -       0x00000054   Zero   RW         4237    .bss                app_18b20.o
    0x20001f48        -       0x00000138   Zero   RW         4347    .bss                app_humi.o
    0x20002080        -       0x0000001c   Zero   RW         4721    .bss                app_systm_time.o
    0x2000209c   COMPRESSED   0x00000004   PAD
    0x200020a0        -       0x00001080   Zero   RW         4823    .bss                app_control.o
    0x20003120        -       0x00000034   Zero   RW         4991    .bss                app_cycle.o
    0x20003154        -       0x0000012c   Zero   RW         5130    .bss                app_save_fireware.o
    0x20003280        -       0x00000038   Zero   RW         5192    .bss                app_w25q.o
    0x200032b8        -       0x0000005a   Zero   RW         5567    .bss                bsp_ad.o
    0x20003312   COMPRESSED   0x00000002   PAD
    0x20003314        -       0x000008dc   Zero   RW         5677    .bss                bsp_flash.o
    0x20003bf0        -       0x00001914   Zero   RW         5904    .bss                bsp_usart.o
    0x20005504        -       0x00001000   Zero   RW         6345    .bss                bsp_w25q.o
    0x20006504        -       0x0000012c   Zero   RW         6525    .bss                bsp_bl0940.o
    0x20006630        -       0x00000010   Zero   RW         6679    .bss                cpu_core.o
    0x20006640        -       0x00000448   Zero   RW         7035    .bss                lib_mem.o
    0x20006a88        -       0x00001ef0   Zero   RW         7292    .bss                os_cfg_app.o
    0x20008978        -       0x00000574   Zero   RW         8311    .bss                os_var.o
    0x20008eec   COMPRESSED   0x00000004   PAD
    0x20008ef0        -       0x0000072c   Zero   RW         8407    .bss                task_ad.o
    0x2000961c   COMPRESSED   0x00000004   PAD
    0x20009620        -       0x000006c8   Zero   RW         8426    .bss                task_record.o
    0x20009ce8        -       0x000006c8   Zero   RW         8445    .bss                task_wifi.o
    0x2000a3b0        -       0x000006c8   Zero   RW         8465    .bss                task_4g.o
    0x2000aa78        -       0x000006c8   Zero   RW         8484    .bss                task_humi.o
    0x2000b140        -       0x00001b20   Zero   RW         8503    .bss                task_control.o
    0x2000cc60        -       0x00000284   Zero   RW         8526    .bss                humi_cmd_queue.o
    0x2000cee4        -       0x00000060   Zero   RW         8692    .bss                humi_driver.o
    0x2000cf44   COMPRESSED   0x00000004   PAD
    0x2000cf48        -       0x00000400   Zero   RW            1    STACK               startup_stm32f10x_hd.o


==============================================================================

Image component sizes


      Code (inc. data)   RO Data    RW Data    ZI Data      Debug   Object Name

      1920        352          0         14       1416      64705   app.o
       396         36          0          7         84       3432   app_18b20.o
      5144        416          0          6       1144      14442   app_4g.o
       220         20          0          0          0       1031   app_bl0940.o
     10546        488        448         28       4224      24452   app_control.o
      3338        356          0         64         52      15214   app_cycle.o
      9536       2136        309          0          0       5207   app_debug.o
       508         70         48          8         32       4143   app_encryption.o
       116         12          0          0          0        640   app_fan.o
       558         14          0          6          0       5103   app_frame.o
         0          0          0          1          0        723   app_fre_capture.o
       880         52        384          0        128       3169   app_hotlight.o
     27298       2960          0         56        312      53361   app_humi.o
       592         52          0         34          0       2879   app_key.o
       548         18       1024         12          0       8186   app_math.o
      5984        174          0          0          0       5999   app_monitor_data_handle.o
       404         36          0          0          0       1290   app_record.o
      1940         68          0          0        300       5633   app_save_fireware.o
       596         32         75        113         28       4269   app_systm_time.o
       688         76         16         16       3456       3724   app_uart.o
       906         50          0          0         56       4545   app_w25q.o
       752         54          0          4          0       2792   app_warn_indicator.o
      4992        416          0         16        716      13455   app_wifi.o
       208         34          0          8          0      18007   bsp.o
      1162         72          0          0          0       8760   bsp_18b20.o
       204         18        150          0          0       2594   bsp_4g.o
       440         36         24          8         90       4935   bsp_ad.o
      3106        238          0          8        300      15585   bsp_bl0940.o
      1038         62          0          1          0       4470   bsp_exit.o
        64         10          0          0          0        955   bsp_fan.o
      3946        366          0          0       2268      23811   bsp_flash.o
      1264        130       2000         24          0       6691   bsp_hotlight.o
        66          4         48          0          0       2257   bsp_key.o
       640         48          0         26          0       2773   bsp_led.o
        80         14          0          0          0       1498   bsp_screen.o
       688         64          0         32          0       5499   bsp_time.o
      2518        272        339        120       6420      15760   bsp_usart.o
       928         54          0          0       4096       9304   bsp_w25q.o
        80          4         24          4          0       3589   bsp_warn_indicator.o
       144         16        607          0          0       4893   bsp_wifi.o
         0          0          0          0          0       4508   core_cm3.o
        52          0          0          0          0        360   cpu_a.o
       540         98          0         28         16      16697   cpu_core.o
       300         40          0          6        644       4093   humi_cmd_queue.o
      1492         42          0          4         96      14466   humi_driver.o
       188         18          0          4       1096      13687   lib_mem.o
       618          0          0          0          0       7590   lib_str.o
       112         12          0          0          0       1080   misc.o
         0          0          0          0          0      40625   os_app_hooks.o
         2          0        164          0       7920      20888   os_cfg_app.o
      3160        424          0          0          0      22422   os_core.o
       132         32          0          0          0        404   os_cpu_a.o
       656         68          0          4          0       8417   os_cpu_c.o
       404        264        364          0          0       4857   os_dbg.o
       746         28          0          0          0       3161   os_flag.o
      1136        206          0          0          0       3566   os_int.o
       466         26          0          0          0       3305   os_msg.o
      1784         90          0          0          0       4876   os_mutex.o
       136         16          0          4          0       2922   os_prio.o
      1536         74          0          0          0       6682   os_sem.o
      1676        212          0          0          0       4059   os_stat.o
      5568        270          0          0          0      14944   os_task.o
      1348        124          0          0          0       5593   os_tick.o
       960         46          0          0          0       3185   os_time.o
      1336        168          0          0          0       6730   os_tmr.o
         0          0          0        192       1396      19363   os_var.o
        36          8        304          0       1024        896   startup_stm32f10x_hd.o
       206         10          0          0          0       6782   stm32f10x_adc.o
       482         26          0          0          0       4773   stm32f10x_dma.o
       200         18          0          0          0       2220   stm32f10x_exti.o
       514         68          0          0          0       5909   stm32f10x_flash.o
       530         10          0          0          0       5961   stm32f10x_gpio.o
        22          0          0          0          0       3203   stm32f10x_it.o
        24         12          0          0          0       1069   stm32f10x_iwdg.o
       476         66          0         20          0       8119   stm32f10x_rcc.o
       112          0          0          0          0       3994   stm32f10x_spi.o
       262         42          0          0          0       5408   stm32f10x_tim.o
       646         28          0          0          0       8276   stm32f10x_usart.o
       328         30          0          0          0     285177   system_stm32f10x.o
       604         92          0         52       1736       1674   task_4g.o
       364         28          0          9       1836       1797   task_ad.o
       724         38          0         28       6944       2408   task_control.o
       816        100          0         12       1736       1895   task_humi.o
      1328         90          0         21       1736       2491   task_record.o
       500         32          0          8       1736       1721   task_wifi.o

    ----------------------------------------------------------------------
    127024      12286       6368       1028      53056     972028   Object Totals
         0          0         32          0          0          0   (incl. Generated)
        64          0          8         20         18          0   (incl. Padding)

    ----------------------------------------------------------------------

      Code (inc. data)   RO Data    RW Data    ZI Data      Debug   Library Member Name

        56          8          0          0          0         84   __0sscanf.o
        86          0          0          0          0          0   __dczerorl2.o
        28          0          0          0          0         68   _chval.o
       812          4          0          0          0        112   _scanf.o
       332          0          0          0          0         96   _scanf_int.o
        64          0          0          0          0         84   _sgetc.o
        40          6         64          0          0         68   ctype_c.o
         0          0          0          0          0          0   entry.o
         0          0          0          0          0          0   entry10a.o
         0          0          0          0          0          0   entry11a.o
         8          4          0          0          0          0   entry2.o
         4          0          0          0          0          0   entry5.o
         0          0          0          0          0          0   entry7b.o
         0          0          0          0          0          0   entry8b.o
         8          4          0          0          0          0   entry9a.o
        30          0          0          0          0          0   handlers.o
        36          8          0          0          0         68   init.o
        10          0          0          0          0         68   isspace_c.o
         0          0          0          0          0          0   iusefp.o
        30          0          0          0          0         68   llshl.o
        36          0          0          0          0         68   llsshr.o
        32          0          0          0          0         68   llushr.o
        36          0          0          0          0         68   memcpya.o
        36          0          0          0          0        108   memseta.o
      2346         90          0          0          0        672   printfa.o
        36         10          0          4          0        136   rand.o
        40          8          0          0          0         84   scanf_char.o
       878         12          0          0          0        216   scanf_fp.o
        44          0          0          0          0         80   uidiv.o
        98          0          0          0          0         92   uldiv.o
        48          0          0          0          0         68   cdcmple.o
        48          0          0          0          0         68   cdrcmple.o
        20          0          0          0          0         68   cfcmple.o
        20          0          0          0          0         68   cfrcmple.o
        56          0          0          0          0         88   d2f.o
       334          0          0          0          0        148   dadd.o
       222          0          0          0          0        100   ddiv.o
       186          0          0          0          0        176   depilogue.o
        48          0          0          0          0         68   dfixul.o
        34          0          0          0          0         76   dflti.o
        26          0          0          0          0         76   dfltui.o
        24          0          0          0          0         76   dfltul.o
       228          0          0          0          0         96   dmul.o
        38          0          0          0          0         68   f2d.o
       176          0          0          0          0        140   fadd.o
       124          0          0          0          0         88   fdiv.o
       110          0          0          0          0        168   fepilogue.o
        50          0          0          0          0         68   ffixi.o
        40          0          0          0          0         68   ffixui.o
        18          0          0          0          0         68   fflti.o
        10          0          0          0          0         68   ffltui.o
       100          0          0          0          0         76   fmul.o

    ----------------------------------------------------------------------
      7100        154         64          4          4       4296   Library Totals
        14          0          0          0          4          0   (incl. Padding)

    ----------------------------------------------------------------------

      Code (inc. data)   RO Data    RW Data    ZI Data      Debug   Library Name

      5126        154         64          4          0       2308   mc_w.l
      1960          0          0          0          0       1988   mf_w.l

    ----------------------------------------------------------------------
      7100        154         64          4          4       4296   Library Totals

    ----------------------------------------------------------------------

==============================================================================


      Code (inc. data)   RO Data    RW Data    ZI Data      Debug   

    134124      12440       6432       1032      53060     943900   Grand Totals
    134124      12440       6432        140      53060     943900   ELF Image Totals (compressed)
    134124      12440       6432        140          0          0   ROM Totals

==============================================================================

    Total RO  Size (Code + RO Data)               140556 ( 137.26kB)
    Total RW  Size (RW Data + ZI Data)             54092 (  52.82kB)
    Total ROM Size (Code + RO Data + RW Data)     140696 ( 137.40kB)

==============================================================================

