Component: ARM Compiler 5.06 update 6 (build 750) Tool: armlink [4d35ed]

==============================================================================

Section Cross References

    startup_stm32f10x_hd.o(RESET) refers to startup_stm32f10x_hd.o(STACK) for __initial_sp
    startup_stm32f10x_hd.o(RESET) refers to startup_stm32f10x_hd.o(.text) for Reset_Handler
    startup_stm32f10x_hd.o(RESET) refers to stm32f10x_it.o(i.NMI_Handler) for NMI_Handler
    startup_stm32f10x_hd.o(RESET) refers to stm32f10x_it.o(i.HardFault_Handler) for HardFault_Handler
    startup_stm32f10x_hd.o(RESET) refers to stm32f10x_it.o(i.MemManage_Handler) for MemManage_Handler
    startup_stm32f10x_hd.o(RESET) refers to stm32f10x_it.o(i.BusFault_Handler) for BusFault_Handler
    startup_stm32f10x_hd.o(RESET) refers to stm32f10x_it.o(i.UsageFault_Handler) for UsageFault_Handler
    startup_stm32f10x_hd.o(RESET) refers to stm32f10x_it.o(i.SVC_Handler) for SVC_Handler
    startup_stm32f10x_hd.o(RESET) refers to stm32f10x_it.o(i.DebugMon_Handler) for DebugMon_Handler
    startup_stm32f10x_hd.o(RESET) refers to os_cpu_a.o(CODE) for OS_CPU_PendSVHandler
    startup_stm32f10x_hd.o(RESET) refers to os_cpu_c.o(i.OS_CPU_SysTickHandler) for OS_CPU_SysTickHandler
    startup_stm32f10x_hd.o(RESET) refers to bsp_ad.o(i.DMA1_Channel1_IRQHandler) for DMA1_Channel1_IRQHandler
    startup_stm32f10x_hd.o(RESET) refers to bsp_exit.o(i.EXTI9_5_IRQHandler) for EXTI9_5_IRQHandler
    startup_stm32f10x_hd.o(RESET) refers to bsp_time.o(i.TIM1_UP_IRQHandler) for TIM1_UP_IRQHandler
    startup_stm32f10x_hd.o(RESET) refers to bsp_hotlight.o(i.TIM2_IRQHandler) for TIM2_IRQHandler
    startup_stm32f10x_hd.o(RESET) refers to bsp_time.o(i.TIM3_IRQHandler) for TIM3_IRQHandler
    startup_stm32f10x_hd.o(RESET) refers to bsp_usart.o(i.USART1_IRQHandler) for USART1_IRQHandler
    startup_stm32f10x_hd.o(RESET) refers to bsp_usart.o(i.USART2_IRQHandler) for USART2_IRQHandler
    startup_stm32f10x_hd.o(RESET) refers to bsp_usart.o(i.USART3_IRQHandler) for USART3_IRQHandler
    startup_stm32f10x_hd.o(RESET) refers to bsp_exit.o(i.EXTI15_10_IRQHandler) for EXTI15_10_IRQHandler
    startup_stm32f10x_hd.o(RESET) refers to bsp_hotlight.o(i.TIM5_IRQHandler) for TIM5_IRQHandler
    startup_stm32f10x_hd.o(RESET) refers to bsp_usart.o(i.UART4_IRQHandler) for UART4_IRQHandler
    startup_stm32f10x_hd.o(RESET) refers to bsp_hotlight.o(i.TIM6_IRQHandler) for TIM6_IRQHandler
    startup_stm32f10x_hd.o(RESET) refers to bsp_hotlight.o(i.TIM7_IRQHandler) for TIM7_IRQHandler
    startup_stm32f10x_hd.o(.text) refers to system_stm32f10x.o(i.SystemInit) for SystemInit
    startup_stm32f10x_hd.o(.text) refers to entry.o(.ARM.Collect$$$$00000000) for __main
    system_stm32f10x.o(i.SetSysClock) refers to system_stm32f10x.o(i.SetSysClockTo72) for SetSysClockTo72
    system_stm32f10x.o(i.SystemCoreClockUpdate) refers to system_stm32f10x.o(.data) for SystemCoreClock
    system_stm32f10x.o(i.SystemInit) refers to system_stm32f10x.o(i.SetSysClock) for SetSysClock
    stm32f10x_adc.o(i.ADC_DeInit) refers to stm32f10x_rcc.o(i.RCC_APB2PeriphResetCmd) for RCC_APB2PeriphResetCmd
    stm32f10x_bkp.o(i.BKP_DeInit) refers to stm32f10x_rcc.o(i.RCC_BackupResetCmd) for RCC_BackupResetCmd
    stm32f10x_can.o(i.CAN_DeInit) refers to stm32f10x_rcc.o(i.RCC_APB1PeriphResetCmd) for RCC_APB1PeriphResetCmd
    stm32f10x_can.o(i.CAN_GetITStatus) refers to stm32f10x_can.o(i.CheckITStatus) for CheckITStatus
    stm32f10x_cec.o(i.CEC_DeInit) refers to stm32f10x_rcc.o(i.RCC_APB1PeriphResetCmd) for RCC_APB1PeriphResetCmd
    stm32f10x_dac.o(i.DAC_DeInit) refers to stm32f10x_rcc.o(i.RCC_APB1PeriphResetCmd) for RCC_APB1PeriphResetCmd
    stm32f10x_flash.o(i.FLASH_EnableWriteProtection) refers to stm32f10x_flash.o(i.FLASH_WaitForLastOperation) for FLASH_WaitForLastOperation
    stm32f10x_flash.o(i.FLASH_EraseAllBank1Pages) refers to stm32f10x_flash.o(i.FLASH_WaitForLastBank1Operation) for FLASH_WaitForLastBank1Operation
    stm32f10x_flash.o(i.FLASH_EraseAllPages) refers to stm32f10x_flash.o(i.FLASH_WaitForLastOperation) for FLASH_WaitForLastOperation
    stm32f10x_flash.o(i.FLASH_EraseOptionBytes) refers to stm32f10x_flash.o(i.FLASH_GetReadOutProtectionStatus) for FLASH_GetReadOutProtectionStatus
    stm32f10x_flash.o(i.FLASH_EraseOptionBytes) refers to stm32f10x_flash.o(i.FLASH_WaitForLastOperation) for FLASH_WaitForLastOperation
    stm32f10x_flash.o(i.FLASH_ErasePage) refers to stm32f10x_flash.o(i.FLASH_WaitForLastOperation) for FLASH_WaitForLastOperation
    stm32f10x_flash.o(i.FLASH_ProgramHalfWord) refers to stm32f10x_flash.o(i.FLASH_WaitForLastOperation) for FLASH_WaitForLastOperation
    stm32f10x_flash.o(i.FLASH_ProgramOptionByteData) refers to stm32f10x_flash.o(i.FLASH_WaitForLastOperation) for FLASH_WaitForLastOperation
    stm32f10x_flash.o(i.FLASH_ProgramWord) refers to stm32f10x_flash.o(i.FLASH_WaitForLastOperation) for FLASH_WaitForLastOperation
[...]
    Task_Record_Stk                          0x200096e8   Data        1536  task_record.o(.bss)
    Task_WIFI_TCB                            0x20009ce8   Data         200  task_wifi.o(.bss)
    Task_WIFI_Stk                            0x20009db0   Data        1536  task_wifi.o(.bss)
    Task_4G_TCB                              0x2000a3b0   Data         200  task_4g.o(.bss)
    Task_4G_Stk                              0x2000a478   Data        1536  task_4g.o(.bss)
    Task_Humi_TCB                            0x2000aa78   Data         200  task_humi.o(.bss)
    Task_Humi_Stk                            0x2000ab40   Data        1536  task_humi.o(.bss)
    Task_Control_TCB                         0x2000b140   Data         800  task_control.o(.bss)
    Task_Control_Stk                         0x2000b460   Data        6144  task_control.o(.bss)
    que                                      0x2000cc60   Data         644  humi_cmd_queue.o(.bss)
    Humi_One_Order_Buf                       0x2000cee4   Data          96  humi_driver.o(.bss)
    __initial_sp                             0x2000d348   Data           0  startup_stm32f10x_hd.o(STACK)



==============================================================================

Memory Map of the image

  Image Entry point : 0x0800c931

  Load Region LR_IROM2 (Base: 0x0800c000, Size: 0x00000004, Max: 0x00000800, ABSOLUTE)

    Execution Region ER_IROM2 (Exec base: 0x0800c000, Load base: 0x0800c000, Size: 0x00000004, Max: 0x00000800, ABSOLUTE)

    Exec Addr    Load Addr    Size         Type   Attr      Idx    E Section Name        Object

    0x0800c000   0x0800c000   0x00000004   Data   RW         3185    pg_data             app.o



  Load Region LR_IROM1 (Base: 0x0800c800, Size: 0x00022898, Max: 0x0004b000, ABSOLUTE, COMPRESSED[0x0002251c])

    Execution Region ER_IROM1 (Exec base: 0x0800c800, Load base: 0x0800c800, Size: 0x00022494, Max: 0x0004b000, ABSOLUTE)

    Exec Addr    Load Addr    Size         Type   Attr      Idx    E Section Name        Object

    0x0800c800   0x0800c800   0x00000130   Data   RO            3    RESET               startup_stm32f10x_hd.o
    0x0800c930   0x0800c930   0x00000000   Code   RO         9241  * .ARM.Collect$$$$00000000  mc_w.l(entry.o)
    0x0800c930   0x0800c930   0x00000004   Code   RO         9560    .ARM.Collect$$$$00000001  mc_w.l(entry2.o)
    0x0800c934   0x0800c934   0x00000004   Code   RO         9563    .ARM.Collect$$$$00000004  mc_w.l(entry5.o)
    0x0800c938   0x0800c938   0x00000000   Code   RO         9565    .ARM.Collect$$$$00000008  mc_w.l(entry7b.o)
    0x0800c938   0x0800c938   0x00000000   Code   RO         9567    .ARM.Collect$$$$0000000A  mc_w.l(entry8b.o)
    0x0800c938   0x0800c938   0x00000008   Code   RO         9568    .ARM.Collect$$$$0000000B  mc_w.l(entry9a.o)
    0x0800c940   0x0800c940   0x00000000   Code   RO         9570    .ARM.Collect$$$$0000000D  mc_w.l(entry10a.o)
    0x0800c940   0x0800c940   0x00000000   Code   RO         9572    .ARM.Collect$$$$0000000F  mc_w.l(entry11a.o)
    0x0800c940   0x0800c940   0x00000004   Code   RO         9561    .ARM.Collect$$$$00002712  mc_w.l(entry2.o)
    0x0800c944   0x0800c944   0x00000024   Code   RO            4    .text               startup_stm32f10x_hd.o
    0x0800c968   0x0800c968   0x00000034   Code   RO         6750    .text               cpu_a.o
    0x0800c99c   0x0800c99c   0x00000062   Code   RO         9244    .text               mc_w.l(uldiv.o)
    0x0800c9fe   0x0800c9fe   0x00000002   PAD
    0x0800ca00   0x0800ca00   0x00000024   Code   RO         9246    .text               mc_w.l(rand.o)
    0x0800ca24   0x0800ca24   0x00000024   Code   RO         9249    .text               mc_w.l(memcpya.o)
    0x0800ca48   0x0800ca48   0x00000024   Code   RO         9251    .text               mc_w.l(memseta.o)
    0x0800ca6c   0x0800ca6c   0x00000038   Code   RO         9516    .text               mc_w.l(__0sscanf.o)
    0x0800caa4   0x0800caa4   0x0000014c   Code   RO         9518    .text               mc_w.l(_scanf_int.o)
    0x0800cbf0   0x0800cbf0   0x00000360   Code   RO         9520    .text               mc_w.l(scanf_fp.o)
    0x0800cf50   0x0800cf50   0x000000b0   Code   RO         9524    .text               mf_w.l(fadd.o)
    0x0800d000   0x0800d000   0x00000064   Code   RO         9526    .text               mf_w.l(fmul.o)
    0x0800d064   0x0800d064   0x0000007c   Code   RO         9528    .text               mf_w.l(fdiv.o)
    0x0800d0e0   0x0800d0e0   0x0000014e   Code   RO         9530    .text               mf_w.l(dadd.o)
    0x0800d22e   0x0800d22e   0x000000e4   Code   RO         9532    .text               mf_w.l(dmul.o)
    0x0800d312   0x0800d312   0x000000de   Code   RO         9534    .text               mf_w.l(ddiv.o)
    0x0800d3f0   0x0800d3f0   0x00000012   Code   RO         9536    .text               mf_w.l(fflti.o)
    0x0800d402   0x0800d402   0x0000000a   Code   RO         9538    .text               mf_w.l(ffltui.o)
    0x0800d40c   0x0800d40c   0x00000022   Code   RO         9540    .text               mf_w.l(dflti.o)
    0x0800d42e   0x0800d42e   0x0000001a   Code   RO         9542    .text               mf_w.l(dfltui.o)
    0x0800d448   0x0800d448   0x00000032   Code   RO         9544    .text               mf_w.l(ffixi.o)
    0x0800d47a   0x0800d47a   0x00000028   Code   RO         9546    .text               mf_w.l(ffixui.o)
    0x0800d4a2   0x0800d4a2   0x00000026   Code   RO         9548    .text               mf_w.l(f2d.o)
    0x0800d4c8   0x0800d4c8   0x00000030   Code   RO         9550    .text               mf_w.l(cdcmple.o)
    0x0800d4f8   0x0800d4f8   0x00000030   Code   RO         9552    .text               mf_w.l(cdrcmple.o)
    0x0800d528   0x0800d528   0x00000038   Code   RO         9554    .text               mf_w.l(d2f.o)
    0x0800d560   0x0800d560   0x00000014   Code   RO         9556    .text               mf_w.l(cfcmple.o)
    0x0800d574   0x0800d574   0x00000014   Code   RO         9558    .text               mf_w.l(cfrcmple.o)
    0x0800d588   0x0800d588   0x0000002c   Code   RO         9575    .text               mc_w.l(uidiv.o)
    0x0800d5b4   0x0800d5b4   0x0000001e   Code   RO         9577    .text               mc_w.l(llshl.o)
    0x0800d5d2   0x0800d5d2   0x00000020   Code   RO         9579    .text               mc_w.l(llushr.o)
    0x0800d5f2   0x0800d5f2   0x00000024   Code   RO         9581    .text               mc_w.l(llsshr.o)
    0x0800d616   0x0800d616   0x0000001c   Code   RO         9583    .text               mc_w.l(_chval.o)
    0x0800d632   0x0800d632   0x00000002   PAD
    0x0800d634   0x0800d634   0x00000028   Code   RO         9585    .text               mc_w.l(scanf_char.o)
    0x0800d65c   0x0800d65c   0x00000040   Code   RO         9587    .text               mc_w.l(_sgetc.o)
    0x0800d69c   0x0800d69c   0x00000000   Code   RO         9589    .text               mc_w.l(iusefp.o)
    0x0800d69c   0x0800d69c   0x0000006e   Code   RO         9590    .text               mf_w.l(fepilogue.o)
    0x0800d70a   0x0800d70a   0x000000ba   Code   RO         9592    .text               mf_w.l(depilogue.o)
    0x0800d7c4   0x0800d7c4   0x00000018   Code   RO         9594    .text               mf_w.l(dfltul.o)
    0x0800d7dc   0x0800d7dc   0x00000030   Code   RO         9596    .text               mf_w.l(dfixul.o)
    0x0800d80c   0x0800d80c   0x00000024   Code   RO         9598    .text               mc_w.l(init.o)
    0x0800d830   0x0800d830   0x0000000a   Code   RO         9600    .text               mc_w.l(isspace_c.o)
    0x0800d83a   0x0800d83a   0x00000002   PAD
    0x0800d83c   0x0800d83c   0x0000032c   Code   RO         9602    .text               mc_w.l(_scanf.o)
    0x0800db68   0x0800db68   0x00000028   Code   RO         9604    .text               mc_w.l(ctype_c.o)
    0x0800db90   0x0800db90   0x00000056   Code   RO         9615    .text               mc_w.l(__dczerorl2.o)
    0x0800dbe6   0x0800dbe6   0x00000002   PAD
    0x0800dbe8   0x0800dbe8   0x00000084   Code   RO         8250    CODE                os_cpu_a.o
    0x0800dc6c   0x0800dc6c   0x00000016   Code   RO          183    i.ADC_Cmd           stm32f10x_adc.o
    0x0800dc82   0x0800dc82   0x00000016   Code   RO          184    i.ADC_DMACmd        stm32f10x_adc.o
    0x0800dc98   0x0800dc98   0x00000014   Code   RO          191    i.ADC_GetCalibrationStatus  stm32f10x_adc.o
    0x0800dcac   0x0800dcac   0x00000014   Code   RO          197    i.ADC_GetResetCalibrationStatus  stm32f10x_adc.o
    0x0800dcc0   0x0800dcc0   0x00000050   Code   RO          201    i.ADC_Init          stm32f10x_adc.o
    0x0800dd10   0x0800dd10   0x000000e0   Code   RO         5518    i.ADC_Mult_Mode_Config  bsp_ad.o
    0x0800ddf0   0x0800ddf0   0x0000000a   Code   RO          206    i.ADC_ResetCalibration  stm32f10x_adc.o
    0x0800ddfa   0x0800ddfa   0x00000016   Code   RO          208    i.ADC_SoftwareStartConvCmd  stm32f10x_adc.o
    0x0800de10   0x0800de10   0x0000000a   Code   RO          210    i.ADC_StartCalibration  stm32f10x_adc.o
    0x0800de1a   0x0800de1a   0x00000044   Code   RO         5519    i.AD_BASE_Config    bsp_ad.o
    0x0800de5e   0x0800de5e   0x00000002   PAD
    0x0800de60   0x0800de60   0x00000020   Code   RO         5520    i.AD_Initial        bsp_ad.o
    0x0800de80   0x0800de80   0x00000018   Code   RO         4277    i.APP_Get_Screen    app_humi.o
    0x0800de98   0x0800de98   0x00000130   Code   RO         3944    i.APP_UART_Rece     app_uart.o
    0x0800dfc8   0x0800dfc8   0x00000180   Code   RO         3945    i.APP_UART_Send     app_uart.o
    0x0800e148   0x0800e148   0x000000f0   Code   RO         3171    i.APP_init          app.o
    0x0800e238   0x0800e238   0x00000a40   Code   RO         4794    i.Abnormal_Hotlight_Ctl_process  app_control.o
    0x0800ec78   0x0800ec78   0x0000003c   Code   RO         8496    i.AnimationPlayFrame  humi_driver.o
    0x0800ecb4   0x0800ecb4   0x00000034   Code   RO         8497    i.AnimationPlayNext  humi_driver.o
    0x0800ece8   0x0800ece8   0x000000a4   Code   RO         3172    i.AppTaskStart      app.o
    0x0800ed8c   0x0800ed8c   0x000000a4   Code   RO         5595    i.App_REAL_INF_ObjCreate  bsp_flash.o
    0x0800ee30   0x0800ee30   0x00000078   Code   RO         3173    i.App_Task_Start_Init  app.o
    0x0800eea8   0x0800eea8   0x00000020   Code   RO         8501    i.BEGIN_CMD         humi_driver.o
    0x0800eec8   0x0800eec8   0x00000040   Code   RO         5432    i.BELL_GPIO_Config  bsp_led.o
    0x0800ef08   0x0800ef08   0x0000005c   Code   RO         6451    i.BL0940_COM_Disable  bsp_bl0940.o
    0x0800ef64   0x0800ef64   0x0000003c   Code   RO         6452    i.BL0940_COM_Enable  bsp_bl0940.o
    0x0800efa0   0x0800efa0   0x00000064   Code   RO         6453    i.BL0940_CheckSum   bsp_bl0940.o
    0x0800f004   0x0800f004   0x00000170   Code   RO         6455    i.BL0940_GetActivePower  bsp_bl0940.o
    0x0800f174   0x0800f174   0x000000c0   Code   RO         6456    i.BL0940_GetCurrent  bsp_bl0940.o
    0x0800f234   0x0800f234   0x000000c0   Code   RO         6457    i.BL0940_GetEnergy  bsp_bl0940.o
    0x0800f2f4   0x0800f2f4   0x00000098   Code   RO         6459    i.BL0940_GetTemperature  bsp_bl0940.o
    0x0800f38c   0x0800f38c   0x000000f8   Code   RO         6460    i.BL0940_GetVoltage  bsp_bl0940.o
    0x0800f484   0x0800f484   0x0000014c   Code   RO         6461    i.BL0940_Init       bsp_bl0940.o
    0x0800f5d0   0x0800f5d0   0x000000f0   Code   RO         6462    i.BL0940_ReadRegister  bsp_bl0940.o
    0x0800f6c0   0x0800f6c0   0x000001dc   Code   RO         6464    i.BL0940_SPI_Init   bsp_bl0940.o
    0x0800f89c   0x0800f89c   0x000000f8   Code   RO         6465    i.BL0940_WriteRegister  bsp_bl0940.o
    0x0800f994   0x0800f994   0x0000002e   Code   RO         6466    i.BL0940_WriteRegister_Value  bsp_bl0940.o
    0x0800f9c2   0x0800f9c2   0x00000002   PAD
    0x0800f9c4   0x0800f9c4   0x00000020   Code   RO         5222    i.BSP_CPU_ClkFreq   bsp.o
    0x0800f9e4   0x0800f9e4   0x00000040   Code   RO         5223    i.BSP_Init          bsp.o
    0x0800fa24   0x0800fa24   0x00000022   Code   RO         8502    i.BatchBegin        humi_driver.o
    0x0800fa46   0x0800fa46   0x00000008   Code   RO         8503    i.BatchEnd          humi_driver.o
    0x0800fa4e   0x0800fa4e   0x00000020   Code   RO         8505    i.BatchSetEnable    humi_driver.o
    0x0800fa6e   0x0800fa6e   0x00000038   Code   RO         8510    i.BatchSetText      humi_driver.o
    0x0800faa6   0x0800faa6   0x00000002   PAD
    0x0800faa8   0x0800faa8   0x00000048   Code   RO         4960    i.Bell_Control_Basetime_100ms  app_cycle.o
    0x0800faf0   0x0800faf0   0x00000004   Code   RO         3108    i.BusFault_Handler  stm32f10x_it.o
    0x0800faf4   0x0800faf4   0x00000010   Code   RO         6586    i.CPU_Init          cpu_core.o
    0x0800fb04   0x0800fb04   0x00000084   Code   RO         6587    i.CPU_IntDisMeasInit  cpu_core.o
    0x0800fb88   0x0800fb88   0x0000001c   Code   RO         6588    i.CPU_IntDisMeasMaxCalc  cpu_core.o
    0x0800fba4   0x0800fba4   0x0000002c   Code   RO         6589    i.CPU_IntDisMeasMaxCurGet  cpu_core.o
    0x0800fbd0   0x0800fbd0   0x0000002c   Code   RO         6590    i.CPU_IntDisMeasMaxCurReset  cpu_core.o
    0x0800fbfc   0x0800fbfc   0x0000002c   Code   RO         6591    i.CPU_IntDisMeasMaxGet  cpu_core.o
    0x0800fc28   0x0800fc28   0x00000034   Code   RO         6592    i.CPU_IntDisMeasStart  cpu_core.o
    0x0800fc5c   0x0800fc5c   0x00000054   Code   RO         6593    i.CPU_IntDisMeasStop  cpu_core.o
    0x0800fcb0   0x0800fcb0   0x00000038   Code   RO         6594    i.CPU_NameClr       cpu_core.o
    0x0800fce8   0x0800fce8   0x00000008   Code   RO         6596    i.CPU_NameInit      cpu_core.o
    0x0800fcf0   0x0800fcf0   0x00000014   Code   RO         6600    i.CPU_TS_Init       cpu_core.o
    0x0800fd04   0x0800fd04   0x0000000c   Code   RO         6602    i.CPU_TS_TmrFreqSet  cpu_core.o
    0x0800fd10   0x0800fd10   0x00000034   Code   RO         5224    i.CPU_TS_TmrInit    bsp.o
    0x0800fd44   0x0800fd44   0x0000000c   Code   RO         5225    i.CPU_TS_TmrRd      bsp.o
    0x0800fd50   0x0800fd50   0x0000000c   Code   RO         3599    i.CRC32_GetResult   app_math.o
    0x0800fd5c   0x0800fd5c   0x00000010   Code   RO         3600    i.CRC32_Reset       app_math.o
    0x0800fd6c   0x0800fd6c   0x0000003c   Code   RO         3601    i.CRC32_Update      app_math.o
    0x0800fda8   0x0800fda8   0x0000018c   Code   RO         4795    i.Cal_Age_Day       app_control.o
    0x0800ff34   0x0800ff34   0x00000190   Code   RO         4796    i.Cal_Day_temperature  app_control.o
    0x080100c4   0x080100c4   0x00000098   Code   RO         4797    i.Cal_Des_Temperature  app_control.o
    0x0801015c   0x0801015c   0x000002a8   Code   RO         4798    i.Cal_Des_power     app_control.o
    0x08010404   0x08010404   0x000003e0   Code   RO         4800    i.Cal_Pow_Ratio_Change_swing  app_control.o
    0x080107e4   0x080107e4   0x00000294   Code   RO         4801    i.Cal_Ratio_Change_Value  app_control.o
    0x08010a78   0x08010a78   0x00000048   Code   RO         4942    i.Check_Record_Flag  app_record.o
    0x08010ac0   0x08010ac0   0x00000274   Code   RO         4802    i.Check_Steady_State  app_control.o
    0x08010d34   0x08010d34   0x0000003c   Code   RO         5120    i.Check_Wirte_Vaild  app_save_fireware.o
    0x08010d70   0x08010d70   0x00000028   Code   RO         5596    i.Clean_4G_Config   bsp_flash.o
    0x08010d98   0x08010d98   0x0000002c   Code   RO         5598    i.Clean_All_Temp_Data  bsp_flash.o
    0x08010dc4   0x08010dc4   0x00000030   Code   RO         5599    i.Clean_Device_Config  bsp_flash.o
    0x08010df4   0x08010df4   0x0000001c   Code   RO         5600    i.Clean_Fireware_Inf_Area  bsp_flash.o
    0x08010e10   0x08010e10   0x00000034   Code   RO         5601    i.Clean_Master_Config  bsp_flash.o
    0x08010e44   0x08010e44   0x00000038   Code   RO         5180    i.Clean_W25Q_Realtime_Area  app_w25q.o
    0x08010e7c   0x08010e7c   0x00000028   Code   RO         5603    i.Clean_Wifi_Config  bsp_flash.o
    0x08010ea4   0x08010ea4   0x00000018   Code   RO         3174    i.Code_Valid_Check  app.o
    0x08010ebc   0x08010ebc   0x0000004c   Code   RO         4117    i.Creat_Start_G4_TMR  app_4g.o
    0x08010f08   0x08010f08   0x0000004c   Code   RO         4961    i.Creat_Start_TMR   app_cycle.o
    0x08010f54   0x08010f54   0x0000004c   Code   RO         3813    i.Creat_Start_WIFI_TMR  app_wifi.o
    0x08010fa0   0x08010fa0   0x00000140   Code   RO         4962    i.Cycle_Handle_100MS  app_cycle.o
    0x080110e0   0x080110e0   0x00000018   Code   RO         4963    i.Cycle_Handle_10MS  app_cycle.o
    0x080110f8   0x080110f8   0x00000044   Code   RO         4964    i.Cycle_Handle_1M   app_cycle.o
    0x0801113c   0x0801113c   0x000002e0   Code   RO         4965    i.Cycle_Handle_1S   app_cycle.o
    0x0801141c   0x0801141c   0x00000018   Code   RO         4966    i.Cycle_Handle_1_5S  app_cycle.o
    0x08011434   0x08011434   0x0000002c   Code   RO         4967    i.Cycle_Handle_200MS  app_cycle.o
    0x08011460   0x08011460   0x00000002   Code   RO         4968    i.Cycle_Handle_20MS  app_cycle.o
    0x08011462   0x08011462   0x0000001c   Code   RO         4969    i.Cycle_Handle_2S   app_cycle.o
    0x0801147e   0x0801147e   0x00000002   Code   RO         4970    i.Cycle_Handle_300MS  app_cycle.o
    0x08011480   0x08011480   0x00000002   Code   RO         4971    i.Cycle_Handle_30MS  app_cycle.o
    0x08011482   0x08011482   0x00000002   PAD
    0x08011484   0x08011484   0x00000170   Code   RO         4973    i.Cycle_Handle_500MS  app_cycle.o
    0x080115f4   0x080115f4   0x00000002   Code   RO         4974    i.Cycle_Handle_50MS  app_cycle.o
    0x080115f6   0x080115f6   0x00000002   Code   RO         4975    i.Cycle_Handle_5S   app_cycle.o
    0x080115f8   0x080115f8   0x0000001c   Code   RO         4976    i.Cycle_Handle_600MS  app_cycle.o
    0x08011614   0x08011614   0x00000054   Code   RO         5521    i.DMA1_Channel1_IRQHandler  bsp_ad.o
    0x08011668   0x08011668   0x0000001c   Code   RO          867    i.DMA_ClearITPendingBit  stm32f10x_dma.o
    0x08011684   0x08011684   0x0000014c   Code   RO          869    i.DMA_DeInit        stm32f10x_dma.o
    0x080117d0   0x080117d0   0x0000002c   Code   RO          872    i.DMA_GetITStatus   stm32f10x_dma.o
    0x080117fc   0x080117fc   0x00000012   Code   RO          873    i.DMA_ITConfig      stm32f10x_dma.o
    0x0801180e   0x0801180e   0x0000003c   Code   RO          874    i.DMA_Init          stm32f10x_dma.o
    0x0801184a   0x0801184a   0x00000002   PAD
    0x0801184c   0x0801184c   0x0000007c   Code   RO         6111    i.DS18B20_Answer_Check  bsp_18b20.o
    0x080118c8   0x080118c8   0x0000003c   Code   RO         6112    i.DS18B20_DQ_IN     bsp_18b20.o
    0x08011904   0x08011904   0x00000038   Code   RO         6113    i.DS18B20_DQ_OUT_High  bsp_18b20.o
    0x0801193c   0x0801193c   0x00000038   Code   RO         6114    i.DS18B20_DQ_OUT_Low  bsp_18b20.o
    0x08011974   0x08011974   0x00000030   Code   RO         6115    i.DS18B20_Delay_Us  bsp_18b20.o
    0x080119a4   0x080119a4   0x00000090   Code   RO         4226    i.DS18B20_Get_Temp  app_18b20.o
    0x08011a34   0x08011a34   0x000000a4   Code   RO         6116    i.DS18B20_Gpio_Init  bsp_18b20.o
    0x08011ad8   0x08011ad8   0x0000001a   Code   RO         6117    i.DS18B20_Init      bsp_18b20.o
    0x08011af2   0x08011af2   0x00000002   PAD
    0x08011af4   0x08011af4   0x0000005c   Code   RO         6118    i.DS18B20_Mode_IPU  bsp_18b20.o
    0x08011b50   0x08011b50   0x0000006c   Code   RO         6119    i.DS18B20_Mode_Out  bsp_18b20.o
    0x08011bbc   0x08011bbc   0x00000040   Code   RO         6121    i.DS18B20_Read_Bit  bsp_18b20.o
    0x08011bfc   0x08011bfc   0x00000052   Code   RO         6122    i.DS18B20_Read_Byte  bsp_18b20.o
    0x08011c4e   0x08011c4e   0x0000003c   Code   RO         4227    i.DS18B20_Read_Temp  app_18b20.o
    0x08011c8a   0x08011c8a   0x00000056   Code   RO         6123    i.DS18B20_Rst       bsp_18b20.o
    0x08011ce0   0x08011ce0   0x00000024   Code   RO         4228    i.DS18B20_Start_Convert  app_18b20.o
    0x08011d04   0x08011d04   0x00000080   Code   RO         6126    i.DS18B20_Write_Byte  bsp_18b20.o
    0x08011d84   0x08011d84   0x00000002   Code   RO         3109    i.DebugMon_Handler  stm32f10x_it.o
    0x08011d86   0x08011d86   0x00000028   Code   RO         3918    i.Debug_Data_Handle  app_debug.o
    0x08011dae   0x08011dae   0x00000002   PAD
    0x08011db0   0x08011db0   0x00000020   Code   RO         5830    i.Debug_USART_INIT  bsp_usart.o
    0x08011dd0   0x08011dd0   0x000023b0   Code   RO         3919    i.Debug_Uart_data_handle  app_debug.o
    0x08014180   0x08014180   0x0000046a   Code   RO         5604    i.Default_Temp_Date  bsp_flash.o
    0x080145ea   0x080145ea   0x00000002   PAD
    0x080145ec   0x080145ec   0x000000f0   Code   RO         3175    i.Device_Config_Check  app.o
    0x080146dc   0x080146dc   0x0000000c   Code   RO         4077    i.Device_Para_Judge  app_hotlight.o
    0x080146e8   0x080146e8   0x00000134   Code   RO         8524    i.END_CMD           humi_driver.o
    0x0801481c   0x0801481c   0x0000008c   Code   RO         6222    i.EXIT_Cross_Zero_Config  bsp_exit.o
    0x080148a8   0x080148a8   0x00000024   Code   RO         6223    i.EXIT_GPIO_CONFIG  bsp_exit.o
    0x080148cc   0x080148cc   0x0000002c   Code   RO         6224    i.EXIT_MODE_CONFIG  bsp_exit.o
    0x080148f8   0x080148f8   0x00000178   Code   RO         6225    i.EXTI15_10_IRQHandler  bsp_exit.o
    0x08014a70   0x08014a70   0x0000019c   Code   RO         6226    i.EXTI9_5_IRQHandler  bsp_exit.o
    0x08014c0c   0x08014c0c   0x0000000c   Code   RO          939    i.EXTI_ClearITPendingBit  stm32f10x_exti.o
    0x08014c18   0x08014c18   0x00000028   Code   RO          943    i.EXTI_GetITStatus  stm32f10x_exti.o
    0x08014c40   0x08014c40   0x00000094   Code   RO          944    i.EXTI_Init         stm32f10x_exti.o
    0x08014cd4   0x08014cd4   0x00000038   Code   RO         5460    i.Enable_Watch_Dog  bsp_time.o
    0x08014d0c   0x08014d0c   0x00000054   Code   RO         4278    i.Endtime_Adjust    app_humi.o
    0x08014d60   0x08014d60   0x00000100   Code   RO         4670    i.Extract_Can_Net_Data_Frame  app_frame.o
    0x08014e60   0x08014e60   0x0000004c   Code   RO          997    i.FLASH_ErasePage   stm32f10x_flash.o
    0x08014eac   0x08014eac   0x00000034   Code   RO          998    i.FLASH_GetBank1Status  stm32f10x_flash.o
    0x08014ee0   0x08014ee0   0x00000018   Code   RO         1001    i.FLASH_GetReadOutProtectionStatus  stm32f10x_flash.o
    0x08014ef8   0x08014ef8   0x00000014   Code   RO         1007    i.FLASH_Lock        stm32f10x_flash.o
    0x08014f0c   0x08014f0c   0x00000014   Code   RO         1008    i.FLASH_LockBank1   stm32f10x_flash.o
    0x08014f20   0x08014f20   0x00000040   Code   RO         1010    i.FLASH_ProgramHalfWord  stm32f10x_flash.o
    0x08014f60   0x08014f60   0x000000ac   Code   RO         1013    i.FLASH_ReadOutProtection  stm32f10x_flash.o
    0x0801500c   0x0801500c   0x00000018   Code   RO         1015    i.FLASH_Unlock      stm32f10x_flash.o
    0x08015024   0x08015024   0x00000018   Code   RO         1016    i.FLASH_UnlockBank1  stm32f10x_flash.o
    0x0801503c   0x0801503c   0x00000026   Code   RO         1019    i.FLASH_WaitForLastOperation  stm32f10x_flash.o
    0x08015062   0x08015062   0x00000002   PAD
    0x08015064   0x08015064   0x000000a4   Code   RO         3177    i.Factory_Test_Task  app.o
    0x08015108   0x08015108   0x00000038   Code   RO         5461    i.Feed_Dog          bsp_time.o
    0x08015140   0x08015140   0x00000020   Code   RO         4118    i.Fill_4G_Send_Ack  app_4g.o
    0x08015160   0x08015160   0x00000158   Code   RO         4119    i.Fill_Send_4G_Heart  app_4g.o
    0x080152b8   0x080152b8   0x000000e8   Code   RO         4120    i.Fill_Send_4G_Updata_Require  app_4g.o
    0x080153a0   0x080153a0   0x00000158   Code   RO         3814    i.Fill_Send_Wifi_Heart  app_wifi.o
    0x080154f8   0x080154f8   0x000000e8   Code   RO         3815    i.Fill_Send_Wifi_Updata_Require  app_wifi.o
    0x080155e0   0x080155e0   0x00000020   Code   RO         3816    i.Fill_Wifi_Send_Ack  app_wifi.o
    0x08015600   0x08015600   0x000000e8   Code   RO         4672    i.Fill_updata_frame  app_frame.o
    0x080156e8   0x080156e8   0x0000001e   Code   RO         4804    i.Find_Last_Segment_num  app_control.o
    0x08015706   0x08015706   0x00000002   PAD
    0x08015708   0x08015708   0x000000ac   Code   RO         4805    i.Find_Last_Stage_num  app_control.o
    0x080157b4   0x080157b4   0x000000f4   Code   RO         4806    i.Find_Stage_num    app_control.o
    0x080158a8   0x080158a8   0x00000020   Code   RO         6269    i.Fireware_W25QXX_Write  bsp_w25q.o
    0x080158c8   0x080158c8   0x0000002c   Code   RO         5605    i.Flash_ObjCreate   bsp_flash.o
    0x080158f4   0x080158f4   0x000002a4   Code   RO         4121    i.G4_Badu_Change    app_4g.o
    0x08015b98   0x08015b98   0x000001d0   Code   RO         4122    i.G4_Badu_Change_handle  app_4g.o
    0x08015d68   0x08015d68   0x00000078   Code   RO         4123    i.G4_Data_Analyse   app_4g.o
    0x08015de0   0x08015de0   0x00000098   Code   RO         4124    i.G4_Data_Handle    app_4g.o
    0x08015e78   0x08015e78   0x0000009c   Code   RO         6069    i.G4_GPIO_Config    bsp_4g.o
    0x08015f14   0x08015f14   0x000002ac   Code   RO         4125    i.G4_INF_Inquire    app_4g.o
    0x080161c0   0x080161c0   0x00000158   Code   RO         4126    i.G4_INF_handle     app_4g.o
    0x08016318   0x08016318   0x00000030   Code   RO         6072    i.G4_Reset          bsp_4g.o
    0x08016348   0x08016348   0x0000007c   Code   RO         4127    i.G4_Test_handle    app_4g.o
    0x080163c4   0x080163c4   0x00000258   Code   RO         4128    i.G4_Timer_Callback_300MS  app_4g.o
    0x0801661c   0x0801661c   0x00000310   Code   RO         4129    i.G4_Transmit_Config  app_4g.o
    0x0801692c   0x0801692c   0x0000011c   Code   RO         4130    i.G4_Transmit_Config_handle  app_4g.o
    0x08016a48   0x08016a48   0x00000020   Code   RO         5831    i.G4_USART_INIT     bsp_usart.o
    0x08016a68   0x08016a68   0x000000d4   Code   RO         4131    i.G4_Work_Data_handle  app_4g.o
    0x08016b3c   0x08016b3c   0x00000048   Code   RO         5462    i.GENERAL_TIM1_Mode_Config  bsp_time.o
    0x08016b84   0x08016b84   0x00000048   Code   RO         5463    i.GENERAL_TIM3_Mode_Config  bsp_time.o
    0x08016bcc   0x08016bcc   0x00000044   Code   RO         6127    i.GENERAL_TIM8_Mode_Config  bsp_18b20.o
    0x08016c10   0x08016c10   0x00000074   Code   RO         5464    i.GENERAL_TIM_NVIC_Config  bsp_time.o
    0x08016c84   0x08016c84   0x00000040   Code   RO         1289    i.GPIO_EXTILineConfig  stm32f10x_gpio.o
    0x08016cc4   0x08016cc4   0x00000116   Code   RO         1292    i.GPIO_Init         stm32f10x_gpio.o
    0x08016dda   0x08016dda   0x00000002   PAD
    0x08016ddc   0x08016ddc   0x00000090   Code   RO         1294    i.GPIO_PinRemapConfig  stm32f10x_gpio.o
    0x08016e6c   0x08016e6c   0x00000012   Code   RO         1296    i.GPIO_ReadInputDataBit  stm32f10x_gpio.o
    0x08016e7e   0x08016e7e   0x00000012   Code   RO         1298    i.GPIO_ReadOutputDataBit  stm32f10x_gpio.o
    0x08016e90   0x08016e90   0x00000004   Code   RO         1299    i.GPIO_ResetBits    stm32f10x_gpio.o
    0x08016e94   0x08016e94   0x00000004   Code   RO         1300    i.GPIO_SetBits      stm32f10x_gpio.o
    0x08016e98   0x08016e98   0x00000028   Code   RO         5465    i.General_TIM_Init  bsp_time.o
    0x08016ec0   0x08016ec0   0x0000001a   Code   RO         8548    i.GetScreen         humi_driver.o
    0x08016eda   0x08016eda   0x00000012   Code   RO         8549    i.GetStringLen      humi_driver.o
    0x08016eec   0x08016eec   0x00000150   Code   RO         6468    i.Get_Bl0940_Para_Exp_Pow  bsp_bl0940.o
    0x0801703c   0x0801703c   0x00000018   Code   RO         6469    i.Get_Bl0940_Pow_Para  bsp_bl0940.o
    0x08017054   0x08017054   0x000000dc   Code   RO         5121    i.Get_Firmware_Version  app_save_fireware.o
    0x08017130   0x08017130   0x00000100   Code   RO         4807    i.Get_Segment_Start_End_Time  app_control.o
    0x08017230   0x08017230   0x00000098   Code   RO         4707    i.GregorianDay      app_systm_time.o
    0x080172c8   0x080172c8   0x00000004   Code   RO         3110    i.HardFault_Handler  stm32f10x_it.o
    0x080172cc   0x080172cc   0x000000c0   Code   RO         5997    i.Hotlight_Ctl_GPIO_Config  bsp_hotlight.o
    0x0801738c   0x0801738c   0x0000030c   Code   RO         4078    i.Hotlight_Current_Judge  app_hotlight.o
    0x08017698   0x08017698   0x00000008   Code   RO         5998    i.Hotlight_GPIO_Config  bsp_hotlight.o
    0x080176a0   0x080176a0   0x0000003c   Code   RO         5999    i.Hotlight_Initial  bsp_hotlight.o
    0x080176dc   0x080176dc   0x00000078   Code   RO         6000    i.Hotlight_OFF      bsp_hotlight.o
    0x08017754   0x08017754   0x00000078   Code   RO         6001    i.Hotlight_ON       bsp_hotlight.o
    0x080177cc   0x080177cc   0x00000058   Code   RO         4079    i.Hotlight_Para_CAL  app_hotlight.o
    0x08017824   0x08017824   0x0000003c   Code   RO         4279    i.Humi_Data_Handle  app_humi.o
    0x08017860   0x08017860   0x00000018   Code   RO         8564    i.Humi_SendChar     humi_driver.o
    0x08017878   0x08017878   0x00000088   Code   RO         4280    i.Humi_Test_handle  app_humi.o
    0x08017900   0x08017900   0x0000000c   Code   RO         1607    i.IWDG_SetPrescaler  stm32f10x_iwdg.o
    0x0801790c   0x0801790c   0x0000000c   Code   RO         1608    i.IWDG_SetReload    stm32f10x_iwdg.o
    0x08017918   0x08017918   0x00000040   Code   RO         6403    i.Indicator_BASE_Config  bsp_warn_indicator.o
    0x08017958   0x08017958   0x00000010   Code   RO         6404    i.Indicator_Initial  bsp_warn_indicator.o
    0x08017968   0x08017968   0x000000e8   Code   RO         4764    i.Indicator_OFF     app_warn_indicator.o
    0x08017a50   0x08017a50   0x000000e8   Code   RO         4765    i.Indicator_ON      app_warn_indicator.o
    0x08017b38   0x08017b38   0x00000120   Code   RO         4766    i.Indicator_TOGGLE  app_warn_indicator.o
    0x08017c58   0x08017c58   0x00000118   Code   RO         4281    i.Init_Keyboard_Page  app_humi.o
    0x08017d70   0x08017d70   0x000000fc   Code   RO         4282    i.Init_Screen       app_humi.o
    0x08017e6c   0x08017e6c   0x00000010   Code   RO         4132    i.Initi_G4_Para     app_4g.o
    0x08017e7c   0x08017e7c   0x00000050   Code   RO         3178    i.Initi_Master_Inf_Para  app.o
    0x08017ecc   0x08017ecc   0x00000010   Code   RO         3817    i.Initi_Wifi_Para   app_wifi.o
    0x08017edc   0x08017edc   0x00000050   Code   RO         3970    i.Judge_Write_MCU_ID  app_encryption.o
    0x08017f2c   0x08017f2c   0x00000032   Code   RO         5397    i.Key_Extend_Config  bsp_key.o
    0x08017f5e   0x08017f5e   0x00000002   PAD
    0x08017f60   0x08017f60   0x0000014c   Code   RO         3782    i.Key_Extend_Handle  app_key.o
    0x080180ac   0x080180ac   0x000000c4   Code   RO         3783    i.Key_Extend_Identify  app_key.o
    0x08018170   0x08018170   0x00000010   Code   RO         5398    i.Key_Initial       bsp_key.o
    0x08018180   0x08018180   0x00000040   Code   RO         3784    i.Key_Test_Extend_Handle  app_key.o
    0x080181c0   0x080181c0   0x00000090   Code   RO         5433    i.LED_BELL_Init     bsp_led.o
    0x08018250   0x08018250   0x000001e4   Code   RO         4977    i.LED_Control_Basetime_100ms  app_cycle.o
    0x08018434   0x08018434   0x000001b0   Code   RO         5434    i.LED_GPIO_Config   bsp_led.o
    0x080185e4   0x080185e4   0x000000e8   Code   RO         6002    i.Lamp_Control_TIM_Mode_Config  bsp_hotlight.o
    0x080186cc   0x080186cc   0x00000088   Code   RO         3971    i.Make_Encryption_Array  app_encryption.o
    0x08018754   0x08018754   0x00000088   Code   RO         3972    i.Make_Encryption_MCU_ID  app_encryption.o
    0x080187dc   0x080187dc   0x00000004   Code   RO         3111    i.MemManage_Handler  stm32f10x_it.o
    0x080187e0   0x080187e0   0x00000012   Code   RO         6942    i.Mem_Clr           lib_mem.o
    0x080187f2   0x080187f2   0x00000002   PAD
    0x080187f4   0x080187f4   0x00000048   Code   RO         6946    i.Mem_Init          lib_mem.o
    0x0801883c   0x0801883c   0x00000062   Code   RO         6959    i.Mem_Set           lib_mem.o
    0x0801889e   0x0801889e   0x00000002   Code   RO         3112    i.NMI_Handler       stm32f10x_it.o
    0x080188a0   0x080188a0   0x00000002   Code   RO         4283    i.NOTIFYHandShake   app_humi.o
    0x080188a2   0x080188a2   0x00000020   Code   RO         5522    i.NVIC_Configuration_ADC1_DMA  bsp_ad.o
    0x080188c2   0x080188c2   0x0000001e   Code   RO         6227    i.NVIC_EXIT_Configuration  bsp_exit.o
    0x080188e0   0x080188e0   0x00000070   Code   RO          137    i.NVIC_Init         misc.o
    0x08018950   0x08018950   0x00000078   Code   RO         5832    i.NVIC_UART_Configuration  bsp_usart.o
    0x080189c8   0x080189c8   0x000002c4   Code   RO         4808    i.Normal_Hotlight_Ctl_Process  app_control.o
    0x08018c8c   0x08018c8c   0x000000ba   Code   RO         4284    i.NotifyButton      app_humi.o
    0x08018d46   0x08018d46   0x0000001a   Code   RO         4285    i.NotifyButton_Common  app_humi.o
    0x08018d60   0x08018d60   0x000002d4   Code   RO         4287    i.NotifyButton_Page_Confirm_Age  app_humi.o
    0x08019034   0x08019034   0x000002a0   Code   RO         4288    i.NotifyButton_Page_Confirm_Date  app_humi.o
    0x080192d4   0x080192d4   0x00000238   Code   RO         4289    i.NotifyButton_Page_Confirm_Other  app_humi.o
    0x0801950c   0x0801950c   0x00000338   Code   RO         4290    i.NotifyButton_Page_Debug  app_humi.o
    0x08019844   0x08019844   0x00000088   Code   RO         4291    i.NotifyButton_Page_Debug2  app_humi.o
    0x080198cc   0x080198cc   0x00000104   Code   RO         4292    i.NotifyButton_Page_Detail  app_humi.o
    0x080199d0   0x080199d0   0x00000460   Code   RO         4293    i.NotifyButton_Page_Keyboard  app_humi.o
    0x08019e30   0x08019e30   0x00000548   Code   RO         4294    i.NotifyButton_Page_Main  app_humi.o
    0x0801a378   0x0801a378   0x00000a00   Code   RO         4295    i.NotifyButton_Page_Manage  app_humi.o
    0x0801ad78   0x0801ad78   0x00000044   Code   RO         4296    i.NotifyButton_Page_Promote  app_humi.o
    0x0801adbc   0x0801adbc   0x00000f24   Code   RO         4297    i.NotifyButton_Page_Temp_Config  app_humi.o
    0x0801bce0   0x0801bce0   0x0000006c   Code   RO         4298    i.NotifyButton_Page_Wifi_Config  app_humi.o
    0x0801bd4c   0x0801bd4c   0x00000002   Code   RO         4299    i.NotifyMenu        app_humi.o
    0x0801bd4e   0x0801bd4e   0x00000002   Code   RO         4300    i.NotifyMeter       app_humi.o
    0x0801bd50   0x0801bd50   0x00000002   Code   RO         4301    i.NotifyProgress    app_humi.o
    0x0801bd52   0x0801bd52   0x00000002   Code   RO         4302    i.NotifyReadFlash   app_humi.o
    0x0801bd54   0x0801bd54   0x0000003c   Code   RO         4304    i.NotifyScreen      app_humi.o
    0x0801bd90   0x0801bd90   0x00000002   Code   RO         4305    i.NotifySelector    app_humi.o
    0x0801bd92   0x0801bd92   0x00000016   Code   RO         4306    i.NotifySlider      app_humi.o
    0x0801bda8   0x0801bda8   0x000000e0   Code   RO         4307    i.NotifyText        app_humi.o
    0x0801be88   0x0801be88   0x0000002c   Code   RO         4308    i.NotifyText_Page_Comfire_Age  app_humi.o
    0x0801beb4   0x0801beb4   0x00000060   Code   RO         4309    i.NotifyText_Page_Comfire_Date  app_humi.o
    0x0801bf14   0x0801bf14   0x00000012   Code   RO         4310    i.NotifyText_Page_Comfire_Other  app_humi.o
    0x0801bf26   0x0801bf26   0x00000002   PAD
    0x0801bf28   0x0801bf28   0x000002b0   Code   RO         4311    i.NotifyText_Page_Debug  app_humi.o
    0x0801c1d8   0x0801c1d8   0x00000012   Code   RO         4312    i.NotifyText_Page_Detail  app_humi.o
    0x0801c1ea   0x0801c1ea   0x00000002   PAD
    0x0801c1ec   0x0801c1ec   0x0000001c   Code   RO         4313    i.NotifyText_Page_Keyboard  app_humi.o
    0x0801c208   0x0801c208   0x00000108   Code   RO         4314    i.NotifyText_Page_Main  app_humi.o
    0x0801c310   0x0801c310   0x0000037c   Code   RO         4315    i.NotifyText_Page_Manage  app_humi.o
    0x0801c68c   0x0801c68c   0x000001b0   Code   RO         4316    i.NotifyText_Page_Temp_Config  app_humi.o
    0x0801c83c   0x0801c83c   0x00000012   Code   RO         4317    i.NotifyText_Page_Test  app_humi.o
    0x0801c84e   0x0801c84e   0x00000002   PAD
    0x0801c850   0x0801c850   0x000000a4   Code   RO         4318    i.NotifyText_Page_Wifi_Config  app_humi.o
    0x0801c8f4   0x0801c8f4   0x00000002   Code   RO         4319    i.NotifyTimer       app_humi.o
    0x0801c8f6   0x0801c8f6   0x00000002   Code   RO         4320    i.NotifyTouchXY     app_humi.o
    0x0801c8f8   0x0801c8f8   0x00000002   Code   RO         4321    i.NotifyWriteFlash  app_humi.o
    0x0801c8fa   0x0801c8fa   0x00000002   Code   RO         7216    i.OSCfg_Init        os_cfg_app.o
    0x0801c8fc   0x0801c8fc   0x00000014   Code   RO         8253    i.OSIdleTaskHook    os_cpu_c.o
    0x0801c910   0x0801c910   0x00000174   Code   RO         7236    i.OSInit            os_core.o
    0x0801ca84   0x0801ca84   0x00000038   Code   RO         8254    i.OSInitHook        os_cpu_c.o
    0x0801cabc   0x0801cabc   0x0000002c   Code   RO         7237    i.OSIntEnter        os_core.o
    0x0801cae8   0x0801cae8   0x000000e4   Code   RO         7238    i.OSIntExit         os_core.o
    0x0801cbcc   0x0801cbcc   0x000000e8   Code   RO         7653    i.OSMutexCreate     os_mutex.o
    0x0801ccb4   0x0801ccb4   0x00000328   Code   RO         7655    i.OSMutexPend       os_mutex.o
    0x0801cfdc   0x0801cfdc   0x000002a0   Code   RO         7657    i.OSMutexPost       os_mutex.o
    0x0801d27c   0x0801d27c   0x000000a8   Code   RO         7239    i.OSSched           os_core.o
    0x0801d324   0x0801d324   0x0000007c   Code   RO         7240    i.OSSchedLock       os_core.o
    0x0801d3a0   0x0801d3a0   0x0000006c   Code   RO         7241    i.OSSchedRoundRobinCfg  os_core.o
    0x0801d40c   0x0801d40c   0x000000a0   Code   RO         7243    i.OSSchedUnlock     os_core.o
    0x0801d4ac   0x0801d4ac   0x000000e4   Code   RO         7786    i.OSSemCreate       os_sem.o
    0x0801d590   0x0801d590   0x0000021c   Code   RO         7788    i.OSSemPend         os_sem.o
    0x0801d7ac   0x0801d7ac   0x00000098   Code   RO         7790    i.OSSemPost         os_sem.o
    0x0801d844   0x0801d844   0x00000088   Code   RO         7791    i.OSSemSet          os_sem.o
    0x0801d8cc   0x0801d8cc   0x00000068   Code   RO         7244    i.OSStart           os_core.o
    0x0801d934   0x0801d934   0x00000108   Code   RO         7858    i.OSStatReset       os_stat.o
    0x0801da3c   0x0801da3c   0x00000100   Code   RO         7859    i.OSStatTaskCPUUsageInit  os_stat.o
    0x0801db3c   0x0801db3c   0x00000014   Code   RO         8255    i.OSStatTaskHook    os_cpu_c.o
    0x0801db50   0x0801db50   0x00000294   Code   RO         7889    i.OSTaskCreate      os_task.o
    0x0801dde4   0x0801dde4   0x00000018   Code   RO         8256    i.OSTaskCreateHook  os_cpu_c.o
    0x0801ddfc   0x0801ddfc   0x00000208   Code   RO         7890    i.OSTaskDel         os_task.o
    0x0801e004   0x0801e004   0x00000018   Code   RO         8257    i.OSTaskDelHook     os_cpu_c.o
    0x0801e01c   0x0801e01c   0x00000088   Code   RO         7898    i.OSTaskResume      os_task.o
    0x0801e0a4   0x0801e0a4   0x00000018   Code   RO         8258    i.OSTaskReturnHook  os_cpu_c.o
    0x0801e0bc   0x0801e0bc   0x00000250   Code   RO         7899    i.OSTaskSemPend     os_task.o
    0x0801e30c   0x0801e30c   0x0000006c   Code   RO         7901    i.OSTaskSemPost     os_task.o
    0x0801e378   0x0801e378   0x000000e4   Code   RO         7903    i.OSTaskStkChk      os_task.o
    0x0801e45c   0x0801e45c   0x000000c0   Code   RO         8259    i.OSTaskStkInit     os_cpu_c.o
    0x0801e51c   0x0801e51c   0x00000060   Code   RO         7904    i.OSTaskSuspend     os_task.o
    0x0801e57c   0x0801e57c   0x000000a4   Code   RO         8260    i.OSTaskSwHook      os_cpu_c.o
    0x0801e620   0x0801e620   0x00000150   Code   RO         8104    i.OSTimeDly         os_time.o
    0x0801e770   0x0801e770   0x0000022c   Code   RO         8105    i.OSTimeDlyHMSM     os_time.o
    0x0801e99c   0x0801e99c   0x00000044   Code   RO         8109    i.OSTimeTick        os_time.o
    0x0801e9e0   0x0801e9e0   0x00000014   Code   RO         8261    i.OSTimeTickHook    os_cpu_c.o
    0x0801e9f4   0x0801e9f4   0x00000130   Code   RO         8146    i.OSTmrCreate       os_tmr.o
    0x0801eb24   0x0801eb24   0x000000b4   Code   RO         8149    i.OSTmrStart        os_tmr.o
    0x0801ebd8   0x0801ebd8   0x00000040   Code   RO         8262    i.OS_CPU_SysTickHandler  os_cpu_c.o
    0x0801ec18   0x0801ec18   0x00000030   Code   RO         8263    i.OS_CPU_SysTickInit  os_cpu_c.o
    0x0801ec48   0x0801ec48   0x00000194   Code   RO         7482    i.OS_Dbg_Init       os_dbg.o
    0x0801eddc   0x0801eddc   0x00000018   Code   RO         7507    i.OS_FlagInit       os_flag.o
    0x0801edf4   0x0801edf4   0x0000027c   Code   RO         7508    i.OS_FlagPost       os_flag.o
    0x0801f070   0x0801f070   0x00000056   Code   RO         7509    i.OS_FlagTaskRdy    os_flag.o
    0x0801f0c6   0x0801f0c6   0x00000002   PAD
    0x0801f0c8   0x0801f0c8   0x0000004c   Code   RO         7246    i.OS_IdleTask       os_core.o
    0x0801f114   0x0801f114   0x00000070   Code   RO         7247    i.OS_IdleTaskInit   os_core.o
    0x0801f184   0x0801f184   0x00000104   Code   RO         7581    i.OS_IntQPost       os_int.o
    0x0801f288   0x0801f288   0x0000017c   Code   RO         7582    i.OS_IntQRePost     os_int.o
    0x0801f404   0x0801f404   0x000000c8   Code   RO         7583    i.OS_IntQTask       os_int.o
    0x0801f4cc   0x0801f4cc   0x00000128   Code   RO         7584    i.OS_IntQTaskInit   os_int.o
    0x0801f5f4   0x0801f5f4   0x0000007c   Code   RO         7617    i.OS_MsgPoolInit    os_msg.o
    0x0801f670   0x0801f670   0x00000044   Code   RO         7618    i.OS_MsgQFreeAll    os_msg.o
    0x0801f6b4   0x0801f6b4   0x0000000e   Code   RO         7620    i.OS_MsgQInit       os_msg.o
    0x0801f6c2   0x0801f6c2   0x00000002   PAD
    0x0801f6c4   0x0801f6c4   0x00000104   Code   RO         7621    i.OS_MsgQPut        os_msg.o
    0x0801f7c8   0x0801f7c8   0x00000030   Code   RO         7659    i.OS_MutexDbgListAdd  os_mutex.o
    0x0801f7f8   0x0801f7f8   0x00000018   Code   RO         7661    i.OS_MutexInit      os_mutex.o
    0x0801f810   0x0801f810   0x00000068   Code   RO         7248    i.OS_Pend           os_core.o
    0x0801f878   0x0801f878   0x00000026   Code   RO         7251    i.OS_PendDataInit   os_core.o
    0x0801f89e   0x0801f89e   0x00000002   PAD
    0x0801f8a0   0x0801f8a0   0x0000005c   Code   RO         7252    i.OS_PendDbgNameAdd  os_core.o
    0x0801f8fc   0x0801f8fc   0x00000024   Code   RO         7253    i.OS_PendDbgNameRemove  os_core.o
    0x0801f920   0x0801f920   0x00000046   Code   RO         7254    i.OS_PendListChangePrio  os_core.o
    0x0801f966   0x0801f966   0x0000000a   Code   RO         7255    i.OS_PendListInit   os_core.o
    0x0801f970   0x0801f970   0x00000066   Code   RO         7257    i.OS_PendListInsertPrio  os_core.o
    0x0801f9d6   0x0801f9d6   0x00000030   Code   RO         7258    i.OS_PendListRemove  os_core.o
    0x0801fa06   0x0801fa06   0x00000042   Code   RO         7259    i.OS_PendListRemove1  os_core.o
    0x0801fa48   0x0801fa48   0x000000c0   Code   RO         7262    i.OS_Post           os_core.o
    0x0801fb08   0x0801fb08   0x0000002a   Code   RO         7263    i.OS_Post1          os_core.o
    0x0801fb32   0x0801fb32   0x00000002   PAD
    0x0801fb34   0x0801fb34   0x00000028   Code   RO         7743    i.OS_PrioGetHighest  os_prio.o
    0x0801fb5c   0x0801fb5c   0x00000018   Code   RO         7744    i.OS_PrioInit       os_prio.o
    0x0801fb74   0x0801fb74   0x00000024   Code   RO         7745    i.OS_PrioInsert     os_prio.o
    0x0801fb98   0x0801fb98   0x00000024   Code   RO         7746    i.OS_PrioRemove     os_prio.o
    0x0801fbbc   0x0801fbbc   0x00000024   Code   RO         7264    i.OS_RdyListInit    os_core.o
    0x0801fbe0   0x0801fbe0   0x0000002c   Code   RO         7265    i.OS_RdyListInsert  os_core.o
    0x0801fc0c   0x0801fc0c   0x00000040   Code   RO         7266    i.OS_RdyListInsertHead  os_core.o
    0x0801fc4c   0x0801fc4c   0x0000003c   Code   RO         7267    i.OS_RdyListInsertTail  os_core.o
    0x0801fc88   0x0801fc88   0x00000044   Code   RO         7268    i.OS_RdyListMoveHeadToTail  os_core.o
    0x0801fccc   0x0801fccc   0x0000005c   Code   RO         7269    i.OS_RdyListRemove  os_core.o
    0x0801fd28   0x0801fd28   0x0000005c   Code   RO         7270    i.OS_Sched0         os_core.o
    0x0801fd84   0x0801fd84   0x0000001c   Code   RO         7271    i.OS_SchedLockTimeMeasStart  os_core.o
    0x0801fda0   0x0801fda0   0x0000003c   Code   RO         7272    i.OS_SchedLockTimeMeasStop  os_core.o
    0x0801fddc   0x0801fddc   0x000000ec   Code   RO         7273    i.OS_SchedRoundRobin  os_core.o
    0x0801fec8   0x0801fec8   0x00000030   Code   RO         7793    i.OS_SemDbgListAdd  os_sem.o
    0x0801fef8   0x0801fef8   0x00000018   Code   RO         7795    i.OS_SemInit        os_sem.o
    0x0801ff10   0x0801ff10   0x00000198   Code   RO         7796    i.OS_SemPost        os_sem.o
    0x080200a8   0x080200a8   0x000003b8   Code   RO         7860    i.OS_StatTask       os_stat.o
    0x08020460   0x08020460   0x000000cc   Code   RO         7861    i.OS_StatTaskInit   os_stat.o
    0x0802052c   0x0802052c   0x00000038   Code   RO         7274    i.OS_TaskBlock      os_core.o
    0x08020564   0x08020564   0x00000030   Code   RO         7906    i.OS_TaskDbgListAdd  os_task.o
    0x08020594   0x08020594   0x00000044   Code   RO         7907    i.OS_TaskDbgListRemove  os_task.o
    0x080205d8   0x080205d8   0x00000020   Code   RO         7908    i.OS_TaskInit       os_task.o
    0x080205f8   0x080205f8   0x000000d0   Code   RO         7909    i.OS_TaskInitTCB    os_task.o
    0x080206c8   0x080206c8   0x0000026c   Code   RO         7910    i.OS_TaskQPost      os_task.o
    0x08020934   0x08020934   0x0000001c   Code   RO         7275    i.OS_TaskRdy        os_core.o
    0x08020950   0x08020950   0x0000017c   Code   RO         7911    i.OS_TaskResume     os_task.o
    0x08020acc   0x08020acc   0x00000018   Code   RO         7912    i.OS_TaskReturn     os_task.o
    0x08020ae4   0x08020ae4   0x000005a8   Code   RO         7913    i.OS_TaskSemPost    os_task.o
    0x0802108c   0x0802108c   0x00000190   Code   RO         7914    i.OS_TaskSuspend    os_task.o
    0x0802121c   0x0802121c   0x00000028   Code   RO         8056    i.OS_TickListInit   os_tick.o
    0x08021244   0x08021244   0x000001bc   Code   RO         8057    i.OS_TickListInsert  os_tick.o
    0x08021400   0x08021400   0x00000038   Code   RO         8058    i.OS_TickListRemove  os_tick.o
    0x08021438   0x08021438   0x00000024   Code   RO         8059    i.OS_TickListResetPeak  os_tick.o
    0x0802145c   0x0802145c   0x00000220   Code   RO         8060    i.OS_TickListUpdate  os_tick.o
    0x0802167c   0x0802167c   0x0000002c   Code   RO         8061    i.OS_TickTask       os_tick.o
    0x080216a8   0x080216a8   0x000000b8   Code   RO         8062    i.OS_TickTaskInit   os_tick.o
    0x08021760   0x08021760   0x00000028   Code   RO         8153    i.OS_TmrDbgListAdd  os_tmr.o
    0x08021788   0x08021788   0x00000128   Code   RO         8155    i.OS_TmrInit        os_tmr.o
    0x080218b0   0x080218b0   0x000000d0   Code   RO         8156    i.OS_TmrLink        os_tmr.o
    0x08021980   0x08021980   0x00000024   Code   RO         8157    i.OS_TmrResetPeak   os_tmr.o
    0x080219a4   0x080219a4   0x000000c0   Code   RO         8158    i.OS_TmrTask        os_tmr.o
    0x08021a64   0x08021a64   0x00000050   Code   RO         8159    i.OS_TmrUnlink      os_tmr.o
    0x08021ab4   0x08021ab4   0x0000003c   Code   RO         3179    i.Os_App_Init       app.o
    0x08021af0   0x08021af0   0x00000058   Code   RO         4978    i.Other_Control_Basetime_100ms  app_cycle.o
    0x08021b48   0x08021b48   0x00000134   Code   RO         4979    i.Other_Operate_10ms  app_cycle.o
    0x08021c7c   0x08021c7c   0x000001ac   Code   RO         4809    i.Pow_Diff_To_Ration_Change_Value  app_control.o
    0x08021e28   0x08021e28   0x00000270   Code   RO         4322    i.ProcessMessage    app_humi.o
    0x08022098   0x08022098   0x00000414   Code   RO         5156    i.Product_Device_Summary_INF  app_monitor_data_handle.o
    0x080224ac   0x080224ac   0x00000084   Code   RO         8446    i.Queue_Find_Cmd    humi_cmd_queue.o
    0x08022530   0x08022530   0x00000030   Code   RO         8447    i.Queue_Push        humi_cmd_queue.o
    0x08022560   0x08022560   0x00000020   Code   RO         8448    i.Queue_Reset       humi_cmd_queue.o
    0x08022580   0x08022580   0x00000018   Code   RO         1706    i.RCC_ADCCLKConfig  stm32f10x_rcc.o
    0x08022598   0x08022598   0x00000020   Code   RO         1707    i.RCC_AHBPeriphClockCmd  stm32f10x_rcc.o
    0x080225b8   0x080225b8   0x00000020   Code   RO         1708    i.RCC_APB1PeriphClockCmd  stm32f10x_rcc.o
    0x080225d8   0x080225d8   0x00000020   Code   RO         1709    i.RCC_APB1PeriphResetCmd  stm32f10x_rcc.o
    0x080225f8   0x080225f8   0x00000020   Code   RO         1710    i.RCC_APB2PeriphClockCmd  stm32f10x_rcc.o
    0x08022618   0x08022618   0x00000020   Code   RO         1711    i.RCC_APB2PeriphResetCmd  stm32f10x_rcc.o
    0x08022638   0x08022638   0x00000014   Code   RO         1714    i.RCC_ClearFlag     stm32f10x_rcc.o
    0x0802264c   0x0802264c   0x000000d4   Code   RO         1718    i.RCC_GetClocksFreq  stm32f10x_rcc.o
    0x08022720   0x08022720   0x0000003c   Code   RO         1719    i.RCC_GetFlagStatus  stm32f10x_rcc.o
    0x0802275c   0x0802275c   0x000000d0   Code   RO         4810    i.Ratio_Diff_To_Ration_Change_Value  app_control.o
    0x0802282c   0x0802282c   0x00000012   Code   RO         8568    i.ReadRTC           humi_driver.o
    0x0802283e   0x0802283e   0x00000002   PAD
    0x08022840   0x08022840   0x0000009c   Code   RO         5607    i.Read_4G_Config    bsp_flash.o
    0x080228dc   0x080228dc   0x0000000c   Code   RO         5609    i.Read_App_Version  bsp_flash.o
    0x080228e8   0x080228e8   0x0000019c   Code   RO         5610    i.Read_Device_Config  bsp_flash.o
    0x08022a84   0x08022a84   0x0000005c   Code   RO         5611    i.Read_Fireware_Inf  bsp_flash.o
    0x08022ae0   0x08022ae0   0x000000ec   Code   RO         5612    i.Read_Master_Config  bsp_flash.o
    0x08022bcc   0x08022bcc   0x0000000c   Code   RO         5613    i.Read_New_Fireware_Position  bsp_flash.o
    0x08022bd8   0x08022bd8   0x00000050   Code   RO         5614    i.Read_Temp_Data_Info  bsp_flash.o
    0x08022c28   0x08022c28   0x00000060   Code   RO         5615    i.Read_Total_Temp_Data  bsp_flash.o
    0x08022c88   0x08022c88   0x00000190   Code   RO         5181    i.Read_W25Q_Realtime_Inf  app_w25q.o
    0x08022e18   0x08022e18   0x00000090   Code   RO         5616    i.Read_Wifi_Config  bsp_flash.o
    0x08022ea8   0x08022ea8   0x00000014   Code   RO         4811    i.Ready_Hotlight    app_control.o
    0x08022ebc   0x08022ebc   0x0000002c   Code   RO         5617    i.Record_4G_Config  bsp_flash.o
    0x08022ee8   0x08022ee8   0x000000c8   Code   RO         5621    i.Record_Device_Config  bsp_flash.o
    0x08022fb0   0x08022fb0   0x00000028   Code   RO         5622    i.Record_Fireware_Flag_Inf  bsp_flash.o
    0x08022fd8   0x08022fd8   0x00000098   Code   RO         5623    i.Record_Fireware_Inf  bsp_flash.o
    0x08023070   0x08023070   0x00000080   Code   RO         5624    i.Record_Inf        bsp_flash.o
    0x080230f0   0x080230f0   0x0000002c   Code   RO         5625    i.Record_Master_Config  bsp_flash.o
    0x0802311c   0x0802311c   0x00000016   Code   RO         5626    i.Record_New_Fireware_Position_Flag  bsp_flash.o
    0x08023132   0x08023132   0x00000016   Code   RO         5627    i.Record_New_Fireware_Tpye_Flag  bsp_flash.o
    0x08023148   0x08023148   0x00000060   Code   RO         5628    i.Record_Temp_Data  bsp_flash.o
    0x080231a8   0x080231a8   0x000000ac   Code   RO         5629    i.Record_Total_Temp_Data  bsp_flash.o
    0x08023254   0x08023254   0x0000002c   Code   RO         5630    i.Record_Wifi_Config  bsp_flash.o
    0x08023280   0x08023280   0x000003a4   Code   RO         4323    i.Refresh_Temp_Sch_Age_Dispaly  app_humi.o
    0x08023624   0x08023624   0x000001d4   Code   RO         4324    i.Refresh_Temp_Sch_Time_Dispaly  app_humi.o
    0x080237f8   0x080237f8   0x0000014c   Code   RO         4943    i.Renew_Energy_Record  app_record.o
    0x08023944   0x08023944   0x00000154   Code   RO         4812    i.Renew_Info_Cycle  app_control.o
    0x08023a98   0x08023a98   0x0000018c   Code   RO         4813    i.Renew_Power_Ratio  app_control.o
    0x08023c24   0x08023c24   0x00000064   Code   RO         3180    i.Reset_Analyse     app.o
    0x08023c88   0x08023c88   0x00000020   Code   RO         5833    i.SCREEN_USART_INIT  bsp_usart.o
    0x08023ca8   0x08023ca8   0x000000b0   Code   RO         6270    i.SPI1_Init         bsp_w25q.o
    0x08023d58   0x08023d58   0x0000001c   Code   RO         6271    i.SPI1_ReadBytes    bsp_w25q.o
    0x08023d74   0x08023d74   0x00000038   Code   RO         6272    i.SPI1_ReadWriteByte  bsp_w25q.o
    0x08023dac   0x08023dac   0x0000001a   Code   RO         6274    i.SPI1_WriteBytes   bsp_w25q.o
    0x08023dc6   0x08023dc6   0x00000018   Code   RO         2187    i.SPI_Cmd           stm32f10x_spi.o
    0x08023dde   0x08023dde   0x00000012   Code   RO         2195    i.SPI_I2S_GetFlagStatus  stm32f10x_spi.o
    0x08023df0   0x08023df0   0x00000006   Code   RO         2198    i.SPI_I2S_ReceiveData  stm32f10x_spi.o
    0x08023df6   0x08023df6   0x00000004   Code   RO         2199    i.SPI_I2S_SendData  stm32f10x_spi.o
    0x08023dfa   0x08023dfa   0x0000003c   Code   RO         2200    i.SPI_Init          stm32f10x_spi.o
    0x08023e36   0x08023e36   0x00000002   Code   RO         3114    i.SVC_Handler       stm32f10x_it.o
    0x08023e38   0x08023e38   0x00000030   Code   RO         6427    i.Screen_GPIO_Config  bsp_screen.o
    0x08023e68   0x08023e68   0x00000010   Code   RO         6428    i.Screen_Off        bsp_screen.o
    0x08023e78   0x08023e78   0x00000010   Code   RO         6429    i.Screen_Pow_On     bsp_screen.o
    0x08023e88   0x08023e88   0x000003cc   Code   RO         4814    i.Segment_Status_Change  app_control.o
    0x08024254   0x08024254   0x00000016   Code   RO         8579    i.SendStrings       humi_driver.o
    0x0802426a   0x0802426a   0x00000002   PAD
    0x0802426c   0x0802426c   0x000000c4   Code   RO         5834    i.Send_Interrupt_UART  bsp_usart.o
    0x08024330   0x08024330   0x0000003c   Code   RO         8582    i.SetButtonValue    humi_driver.o
    0x0802436c   0x0802436c   0x0000003c   Code   RO         8586    i.SetControlEnable  humi_driver.o
    0x080243a8   0x080243a8   0x0000003c   Code   RO         8589    i.SetControlVisiable  humi_driver.o
    0x080243e4   0x080243e4   0x00000120   Code   RO         8598    i.SetRTC            humi_driver.o
    0x08024504   0x08024504   0x00000026   Code   RO         8599    i.SetScreen         humi_driver.o
    0x0802452a   0x0802452a   0x00000008   Code   RO           24    i.SetSysClock       system_stm32f10x.o
    0x08024532   0x08024532   0x00000002   PAD
    0x08024534   0x08024534   0x000000e0   Code   RO           25    i.SetSysClockTo72   system_stm32f10x.o
    0x08024614   0x08024614   0x00000076   Code   RO         8603    i.SetTextFloat      humi_driver.o
    0x0802468a   0x0802468a   0x00000076   Code   RO         8604    i.SetTextInt32      humi_driver.o
    0x08024700   0x08024700   0x0000003c   Code   RO         8606    i.SetTextValue      humi_driver.o
    0x0802473c   0x0802473c   0x0000002c   Code   RO         5226    i.SoftReset         bsp.o
    0x08024768   0x08024768   0x00000050   Code   RO         4325    i.Starttime_Adjust  app_humi.o
    0x080247b8   0x080247b8   0x00000018   Code   RO         7060    i.Str_Cat           lib_str.o
    0x080247d0   0x080247d0   0x0000005a   Code   RO         7061    i.Str_Cat_N         lib_str.o
    0x0802482a   0x0802482a   0x0000009c   Code   RO         7071    i.Str_Cmp_N         lib_str.o
    0x080248c6   0x080248c6   0x00000018   Code   RO         7072    i.Str_Copy          lib_str.o
    0x080248de   0x080248de   0x00000046   Code   RO         7073    i.Str_Copy_N        lib_str.o
    0x08024924   0x08024924   0x00000014   Code   RO         7077    i.Str_Len           lib_str.o
    0x08024938   0x08024938   0x0000001c   Code   RO         7078    i.Str_Len_N         lib_str.o
    0x08024954   0x08024954   0x00000018   Code   RO         7082    i.Str_Str           lib_str.o
    0x0802496c   0x0802496c   0x000000b6   Code   RO         7083    i.Str_Str_N         lib_str.o
    0x08024a22   0x08024a22   0x00000002   PAD
    0x08024a24   0x08024a24   0x00000108   Code   RO         5182    i.Syn_Realtime_Inf  app_w25q.o
    0x08024b2c   0x08024b2c   0x00000060   Code   RO           27    i.SystemInit        system_stm32f10x.o
    0x08024b8c   0x08024b8c   0x00000050   Code   RO         5466    i.TIM1_UP_IRQHandler  bsp_time.o
    0x08024bdc   0x08024bdc   0x00000084   Code   RO         6003    i.TIM2_IRQHandler   bsp_hotlight.o
    0x08024c60   0x08024c60   0x000000c4   Code   RO         5467    i.TIM3_IRQHandler   bsp_time.o
    0x08024d24   0x08024d24   0x00000080   Code   RO         6004    i.TIM5_IRQHandler   bsp_hotlight.o
    0x08024da4   0x08024da4   0x00000090   Code   RO         6005    i.TIM6_IRQHandler   bsp_hotlight.o
    0x08024e34   0x08024e34   0x00000080   Code   RO         6006    i.TIM7_IRQHandler   bsp_hotlight.o
    0x08024eb4   0x08024eb4   0x00000006   Code   RO         2336    i.TIM_ClearFlag     stm32f10x_tim.o
    0x08024eba   0x08024eba   0x00000006   Code   RO         2337    i.TIM_ClearITPendingBit  stm32f10x_tim.o
    0x08024ec0   0x08024ec0   0x00000018   Code   RO         2342    i.TIM_Cmd           stm32f10x_tim.o
    0x08024ed8   0x08024ed8   0x00000006   Code   RO         2361    i.TIM_GetCounter    stm32f10x_tim.o
    0x08024ede   0x08024ede   0x00000022   Code   RO         2363    i.TIM_GetITStatus   stm32f10x_tim.o
    0x08024f00   0x08024f00   0x00000012   Code   RO         2367    i.TIM_ITConfig      stm32f10x_tim.o
    0x08024f12   0x08024f12   0x00000004   Code   RO         2407    i.TIM_SetCounter    stm32f10x_tim.o
    0x08024f16   0x08024f16   0x00000002   PAD
    0x08024f18   0x08024f18   0x000000a4   Code   RO         2413    i.TIM_TimeBaseInit  stm32f10x_tim.o
    0x08024fbc   0x08024fbc   0x0000025c   Code   RO         8389    i.Task_4G           task_4g.o
    0x08025218   0x08025218   0x0000016c   Code   RO         8331    i.Task_AD           task_ad.o
    0x08025384   0x08025384   0x000002d4   Code   RO         8427    i.Task_Control      task_control.o
    0x08025658   0x08025658   0x000001f8   Code   RO         3181    i.Task_Creat_Start  app.o
    0x08025850   0x08025850   0x00000328   Code   RO         8408    i.Task_Humi         task_humi.o
    0x08025b78   0x08025b78   0x00000530   Code   RO         8350    i.Task_Record       task_record.o
    0x080260a8   0x080260a8   0x000001f4   Code   RO         8369    i.Task_WIFI         task_wifi.o
    0x0802629c   0x0802629c   0x0000009c   Code   RO         4229    i.Temp_Fliter       app_18b20.o
    0x08026338   0x08026338   0x0000000c   Code   RO         4708    i.Time_Adjust       app_systm_time.o
    0x08026344   0x08026344   0x00000068   Code   RO         4980    i.Timer_Callback_100MS  app_cycle.o
    0x080263ac   0x080263ac   0x000000ac   Code   RO         5836    i.UART4_IRQHandler  bsp_usart.o
    0x08026458   0x08026458   0x00000074   Code   RO         5837    i.UARTX_ObjCreate   bsp_usart.o
    0x080264cc   0x080264cc   0x00000170   Code   RO         5838    i.UART_Rece_IRQ     bsp_usart.o
    0x0802663c   0x0802663c   0x000000b8   Code   RO         5839    i.USART1_IRQHandler  bsp_usart.o
    0x080266f4   0x080266f4   0x000000cc   Code   RO         5840    i.USART2_IRQHandler  bsp_usart.o
    0x080267c0   0x080267c0   0x000000ac   Code   RO         5841    i.USART3_IRQHandler  bsp_usart.o
    0x0802686c   0x0802686c   0x00000012   Code   RO         2874    i.USART_ClearFlag   stm32f10x_usart.o
    0x0802687e   0x0802687e   0x0000001e   Code   RO         2875    i.USART_ClearITPendingBit  stm32f10x_usart.o
    0x0802689c   0x0802689c   0x00000028   Code   RO         5842    i.USART_Clear_ORE_Flag  bsp_usart.o
    0x080268c4   0x080268c4   0x00000018   Code   RO         2878    i.USART_Cmd         stm32f10x_usart.o
    0x080268dc   0x080268dc   0x0000009c   Code   RO         2880    i.USART_DeInit      stm32f10x_usart.o
    0x08026978   0x08026978   0x00000170   Code   RO         5843    i.USART_GPIO_Config  bsp_usart.o
    0x08026ae8   0x08026ae8   0x0000001a   Code   RO         2881    i.USART_GetFlagStatus  stm32f10x_usart.o
    0x08026b02   0x08026b02   0x00000054   Code   RO         2882    i.USART_GetITStatus  stm32f10x_usart.o
    0x08026b56   0x08026b56   0x00000032   Code   RO         5844    i.USART_INIT        bsp_usart.o
    0x08026b88   0x08026b88   0x0000004a   Code   RO         2884    i.USART_ITConfig    stm32f10x_usart.o
    0x08026bd2   0x08026bd2   0x00000002   PAD
    0x08026bd4   0x08026bd4   0x000000d8   Code   RO         2885    i.USART_Init        stm32f10x_usart.o
    0x08026cac   0x08026cac   0x0000000a   Code   RO         2892    i.USART_ReceiveData  stm32f10x_usart.o
    0x08026cb6   0x08026cb6   0x00000008   Code   RO         2895    i.USART_SendData    stm32f10x_usart.o
    0x08026cbe   0x08026cbe   0x00000002   PAD
    0x08026cc0   0x08026cc0   0x000000f4   Code   RO         4981    i.Uart_Rece_Overtime_Handle  app_cycle.o
    0x08026db4   0x08026db4   0x00000190   Code   RO         5845    i.Uart_Send_Data    bsp_usart.o
    0x08026f44   0x08026f44   0x0000006c   Code   RO         4326    i.Updata_Page_UI_Confirm_Age  app_humi.o
    0x08026fb0   0x08026fb0   0x00000094   Code   RO         4327    i.Updata_Page_UI_Confirm_Date  app_humi.o
    0x08027044   0x08027044   0x00000054   Code   RO         4328    i.Updata_Page_UI_Confirm_Other  app_humi.o
    0x08027098   0x08027098   0x00000604   Code   RO         4329    i.Updata_Page_UI_Debug  app_humi.o
    0x0802769c   0x0802769c   0x000000cc   Code   RO         4330    i.Updata_Page_UI_Debug2  app_humi.o
    0x08027768   0x08027768   0x00000478   Code   RO         4331    i.Updata_Page_UI_Detail  app_humi.o
    0x08027be0   0x08027be0   0x00000204   Code   RO         4332    i.Updata_Page_UI_Keyboard  app_humi.o
    0x08027de4   0x08027de4   0x00000b9c   Code   RO         4333    i.Updata_Page_UI_Main  app_humi.o
    0x08028980   0x08028980   0x00000588   Code   RO         4334    i.Updata_Page_UI_Manage  app_humi.o
    0x08028f08   0x08028f08   0x00000054   Code   RO         4335    i.Updata_Page_UI_Promtoe  app_humi.o
    0x08028f5c   0x08028f5c   0x000000f4   Code   RO         4336    i.Updata_Page_UI_Temp_Config  app_humi.o
    0x08029050   0x08029050   0x00000030   Code   RO         4337    i.Updata_Page_UI_Test  app_humi.o
    0x08029080   0x08029080   0x00000084   Code   RO         4338    i.Updata_Page_UI_Wifi_Config_Date  app_humi.o
    0x08029104   0x08029104   0x000000fc   Code   RO         4339    i.UpdateUI          app_humi.o
    0x08029200   0x08029200   0x00000004   Code   RO         3116    i.UsageFault_Handler  stm32f10x_it.o
    0x08029204   0x08029204   0x000000c4   Code   RO         4982    i.Variable_Timer_100ms  app_cycle.o
    0x080292c8   0x080292c8   0x0000002c   Code   RO         4983    i.Variable_Timer_10ms  app_cycle.o
    0x080292f4   0x080292f4   0x00000040   Code   RO         6277    i.W25QXX_Erase_Sector  bsp_w25q.o
    0x08029334   0x08029334   0x00000018   Code   RO         6278    i.W25QXX_Init       bsp_w25q.o
    0x0802934c   0x0802934c   0x00000044   Code   RO         6281    i.W25QXX_Read       bsp_w25q.o
    0x08029390   0x08029390   0x00000030   Code   RO         6284    i.W25QXX_WaitForWriteEnd  bsp_w25q.o
    0x080293c0   0x080293c0   0x0000002c   Code   RO         6285    i.W25QXX_WakeUp     bsp_w25q.o
    0x080293ec   0x080293ec   0x000000b4   Code   RO         6286    i.W25QXX_Write      bsp_w25q.o
    0x080294a0   0x080294a0   0x00000020   Code   RO         6287    i.W25QXX_WriteEnable  bsp_w25q.o
    0x080294c0   0x080294c0   0x0000004a   Code   RO         6288    i.W25QXX_Write_NoCheck  bsp_w25q.o
    0x0802950a   0x0802950a   0x00000002   PAD
    0x0802950c   0x0802950c   0x0000004c   Code   RO         6289    i.W25QXX_Write_Page  bsp_w25q.o
    0x08029558   0x08029558   0x00000024   Code   RO         5183    i.W25Q_ObjCreate    app_w25q.o
    0x0802957c   0x0802957c   0x0000023c   Code   RO         3818    i.WIFI_Badu_Change  app_wifi.o
    0x080297b8   0x080297b8   0x00000038   Code   RO         5566    i.WIFI_GPIO_Config  bsp_wifi.o
    0x080297f0   0x080297f0   0x000002d4   Code   RO         3819    i.WIFI_Link_Check   app_wifi.o
    0x08029ac4   0x08029ac4   0x00000184   Code   RO         3820    i.WIFI_Link_Check_handle  app_wifi.o
    0x08029c48   0x08029c48   0x00000058   Code   RO         5567    i.WIFI_Reset        bsp_wifi.o
    0x08029ca0   0x08029ca0   0x00000268   Code   RO         3821    i.WIFI_Timer_Callback_300MS  app_wifi.o
    0x08029f08   0x08029f08   0x0000034c   Code   RO         3822    i.WIFI_Transmit_Config  app_wifi.o
    0x0802a254   0x0802a254   0x00000124   Code   RO         3823    i.WIFI_Transmit_Config_handle  app_wifi.o
    0x0802a378   0x0802a378   0x00000190   Code   RO         3824    i.Wifi_Badu_Change_handle  app_wifi.o
    0x0802a508   0x0802a508   0x00000078   Code   RO         3825    i.Wifi_Data_Analyse  app_wifi.o
    0x0802a580   0x0802a580   0x0000007c   Code   RO         3826    i.Wifi_Data_Handle  app_wifi.o
    0x0802a5fc   0x0802a5fc   0x00000020   Code   RO         5846    i.Wifi_USART_INIT   bsp_usart.o
    0x0802a61c   0x0802a61c   0x000000d4   Code   RO         3827    i.Wifi_Work_Data_handle  app_wifi.o
    0x0802a6f0   0x0802a6f0   0x0000008c   Code   RO         5631    i.Write_Fireware_Inf  bsp_flash.o
    0x0802a77c   0x0802a77c   0x00000096   Code   RO         5184    i.Write_W25Q_Realtime_Inf  app_w25q.o
    0x0802a812   0x0802a812   0x00000002   PAD
    0x0802a814   0x0802a814   0x00000030   Code   RO         9489    i.__0snprintf       mc_w.l(printfa.o)
    0x0802a844   0x0802a844   0x00000028   Code   RO         9490    i.__0sprintf        mc_w.l(printfa.o)
    0x0802a86c   0x0802a86c   0x0000000e   Code   RO         9609    i.__scatterload_copy  mc_w.l(handlers.o)
    0x0802a87a   0x0802a87a   0x00000002   Code   RO         9610    i.__scatterload_null  mc_w.l(handlers.o)
    0x0802a87c   0x0802a87c   0x0000000e   Code   RO         9611    i.__scatterload_zeroinit  mc_w.l(handlers.o)
    0x0802a88a   0x0802a88a   0x00000002   PAD
    0x0802a88c   0x0802a88c   0x00000184   Code   RO         9495    i._fp_digits        mc_w.l(printfa.o)
    0x0802aa10   0x0802aa10   0x0000000e   Code   RO         9522    i._is_digit         mc_w.l(scanf_fp.o)
    0x0802aa1e   0x0802aa1e   0x00000002   PAD
    0x0802aa20   0x0802aa20   0x000006dc   Code   RO         9496    i._printf_core      mc_w.l(printfa.o)
    0x0802b0fc   0x0802b0fc   0x00000024   Code   RO         9497    i._printf_post_padding  mc_w.l(printfa.o)
    0x0802b120   0x0802b120   0x0000002e   Code   RO         9498    i._printf_pre_padding  mc_w.l(printfa.o)
    0x0802b14e   0x0802b14e   0x00000016   Code   RO         9499    i._snputc           mc_w.l(printfa.o)
    0x0802b164   0x0802b164   0x0000000a   Code   RO         9500    i._sputc            mc_w.l(printfa.o)
    0x0802b16e   0x0802b16e   0x00000002   PAD
    0x0802b170   0x0802b170   0x00000058   Code   RO         4711    i.calculate_sys_interval_day  app_systm_time.o
    0x0802b1c8   0x0802b1c8   0x00000076   Code   RO         3608    i.data_float_filter  app_math.o
    0x0802b23e   0x0802b23e   0x00000002   PAD
    0x0802b240   0x0802b240   0x0000036c   Code   RO         4815    i.except_status_switch  app_control.o
    0x0802b5ac   0x0802b5ac   0x0000002c   Code   RO         3609    i.find_bigest_float  app_math.o
    0x0802b5d8   0x0802b5d8   0x00000030   Code   RO         3610    i.find_bigest_float_move  app_math.o
    0x0802b608   0x0802b608   0x00000046   Code   RO         4673    i.find_n_char       app_frame.o
    0x0802b64e   0x0802b64e   0x0000002c   Code   RO         3617    i.find_smallest_float  app_math.o
    0x0802b67a   0x0802b67a   0x00000030   Code   RO         3618    i.find_smallest_float_move  app_math.o
    0x0802b6aa   0x0802b6aa   0x00000002   PAD
    0x0802b6ac   0x0802b6ac   0x00000674   Code   RO         5122    i.fireware_data_handle  app_save_fireware.o
    0x0802bd20   0x0802bd20   0x0000009e   Code   RO         3624    i.float_filter_n    app_math.o
    0x0802bdbe   0x0802bdbe   0x00000002   PAD
    0x0802bdc0   0x0802bdc0   0x00000098   Code   RO         3920    i.float_to_str      app_debug.o
    0x0802be58   0x0802be58   0x00000060   Code   RO         3973    i.judge_code_valid  app_encryption.o
    0x0802beb8   0x0802beb8   0x000000ac   Code   RO         3182    i.main              app.o
    0x0802bf64   0x0802bf64   0x0000008c   Code   RO         4712    i.mktimev           app_systm_time.o
    0x0802bff0   0x0802bff0   0x00001240   Code   RO         5157    i.monitor_data_handle  app_monitor_data_handle.o
    0x0802d230   0x0802d230   0x0000010c   Code   RO         5158    i.monitor_operation  app_monitor_data_handle.o
    0x0802d33c   0x0802d33c   0x00000034   Code   RO         8449    i.queue_pop         humi_cmd_queue.o
    0x0802d370   0x0802d370   0x00000024   Code   RO         8450    i.queue_size        humi_cmd_queue.o
    0x0802d394   0x0802d394   0x00000044   Code   RO         3974    i.record_MCU_ID     app_encryption.o
    0x0802d3d8   0x0802d3d8   0x000000cc   Code   RO         4713    i.to_tm             app_systm_time.o
    0x0802d4a4   0x0802d4a4   0x00000400   Data   RO         3627    .constdata          app_math.o
    0x0802d8a4   0x0802d8a4   0x00000010   Data   RO         3947    .constdata          app_uart.o
    0x0802d8b4   0x0802d8b4   0x00000030   Data   RO         3976    .constdata          app_encryption.o
    0x0802d8e4   0x0802d8e4   0x00000180   Data   RO         4083    .constdata          app_hotlight.o
    0x0802da64   0x0802da64   0x00000030   Data   RO         4715    .constdata          app_systm_time.o
    0x0802da94   0x0802da94   0x000001c0   Data   RO         4817    .constdata          app_control.o
    0x0802dc54   0x0802dc54   0x00000030   Data   RO         5401    .constdata          bsp_key.o
    0x0802dc84   0x0802dc84   0x00000018   Data   RO         5525    .constdata          bsp_ad.o
    0x0802dc9c   0x0802dc9c   0x0000025f   Data   RO         5568    .constdata          bsp_wifi.o
    0x0802defb   0x0802defb   0x00000001   PAD
    0x0802defc   0x0802defc   0x00000050   Data   RO         5850    .constdata          bsp_usart.o
    0x0802df4c   0x0802df4c   0x000007d0   Data   RO         6007    .constdata          bsp_hotlight.o
    0x0802e71c   0x0802e71c   0x00000096   Data   RO         6074    .constdata          bsp_4g.o
    0x0802e7b2   0x0802e7b2   0x00000002   PAD
    0x0802e7b4   0x0802e7b4   0x00000018   Data   RO         6405    .constdata          bsp_warn_indicator.o
    0x0802e7cc   0x0802e7cc   0x000000a4   Data   RO         7218    .constdata          os_cfg_app.o
    0x0802e870   0x0802e870   0x0000016c   Data   RO         7483    .constdata          os_dbg.o
    0x0802e9dc   0x0802e9dc   0x00000040   Data   RO         9605    .constdata          mc_w.l(ctype_c.o)
    0x0802ea1c   0x0802ea1c   0x00000135   Data   RO         3921    .conststring        app_debug.o
    0x0802eb51   0x0802eb51   0x00000003   PAD
    0x0802eb54   0x0802eb54   0x0000001b   Data   RO         4716    .conststring        app_systm_time.o
    0x0802eb6f   0x0802eb6f   0x00000001   PAD
    0x0802eb70   0x0802eb70   0x00000103   Data   RO         5851    .conststring        bsp_usart.o
    0x0802ec73   0x0802ec73   0x00000001   PAD
    0x0802ec74   0x0802ec74   0x00000020   Data   RO         9607    Region$$Table       anon$$obj.o


    Execution Region RW_IRAM1 (Exec base: 0x20000000, Load base: 0x0802ec94, Size: 0x0000d348, Max: 0x00010000, ABSOLUTE, COMPRESSED[0x00000088])

    Exec Addr    Load Addr    Size         Type   Attr      Idx    E Section Name        Object

    0x20000000   COMPRESSED   0x00000014   Data   RW         1738    .data               stm32f10x_rcc.o
    0x20000014   COMPRESSED   0x0000000a   Data   RW         3184    .data               app.o
    0x2000001e   COMPRESSED   0x00000002   PAD
    0x20000020   COMPRESSED   0x0000000c   Data   RW         3628    .data               app_math.o
    0x2000002c   COMPRESSED   0x00000022   Data   RW         3786    .data               app_key.o
    0x2000004e   COMPRESSED   0x00000002   PAD
    0x20000050   COMPRESSED   0x00000010   Data   RW         3829    .data               app_wifi.o
    0x20000060   COMPRESSED   0x00000010   Data   RW         3948    .data               app_uart.o
    0x20000070   COMPRESSED   0x00000008   Data   RW         3977    .data               app_encryption.o
    0x20000078   COMPRESSED   0x00000006   Data   RW         4134    .data               app_4g.o
    0x2000007e   COMPRESSED   0x00000007   Data   RW         4231    .data               app_18b20.o
    0x20000085   COMPRESSED   0x00000001   Data   RW         4264    .data               app_fre_capture.o
    0x20000086   COMPRESSED   0x00000038   Data   RW         4342    .data               app_humi.o
    0x200000be   COMPRESSED   0x00000006   Data   RW         4674    .data               app_frame.o
    0x200000c4   COMPRESSED   0x00000071   Data   RW         4717    .data               app_systm_time.o
    0x20000135   COMPRESSED   0x00000001   PAD
    0x20000136   COMPRESSED   0x00000004   Data   RW         4767    .data               app_warn_indicator.o
    0x2000013a   COMPRESSED   0x0000001c   Data   RW         4818    .data               app_control.o
    0x20000156   COMPRESSED   0x00000002   PAD
    0x20000158   COMPRESSED   0x00000040   Data   RW         4985    .data               app_cycle.o
    0x20000198   COMPRESSED   0x00000008   Data   RW         5227    .data               bsp.o
    0x200001a0   COMPRESSED   0x0000001a   Data   RW         5435    .data               bsp_led.o
    0x200001ba   COMPRESSED   0x00000002   PAD
    0x200001bc   COMPRESSED   0x00000020   Data   RW         5468    .data               bsp_time.o
    0x200001dc   COMPRESSED   0x00000008   Data   RW         5526    .data               bsp_ad.o
    0x200001e4   COMPRESSED   0x00000078   Data   RW         5852    .data               bsp_usart.o
    0x2000025c   COMPRESSED   0x00000018   Data   RW         6008    .data               bsp_hotlight.o
    0x20000274   COMPRESSED   0x00000001   Data   RW         6228    .data               bsp_exit.o
    0x20000275   COMPRESSED   0x00000001   PAD
    0x20000276   COMPRESSED   0x00000004   Data   RW         6406    .data               bsp_warn_indicator.o
    0x2000027a   COMPRESSED   0x00000008   Data   RW         6472    .data               bsp_bl0940.o
    0x20000282   COMPRESSED   0x00000002   PAD
    0x20000284   COMPRESSED   0x0000001c   Data   RW         6606    .data               cpu_core.o
    0x200002a0   COMPRESSED   0x00000004   Data   RW         6961    .data               lib_mem.o
    0x200002a4   COMPRESSED   0x00000004   Data   RW         7747    .data               os_prio.o
    0x200002a8   COMPRESSED   0x000000c0   Data   RW         8237    .data               os_var.o
    0x20000368   COMPRESSED   0x00000004   Data   RW         8264    .data               os_cpu_c.o
    0x2000036c   COMPRESSED   0x00000009   Data   RW         8333    .data               task_ad.o
    0x20000375   COMPRESSED   0x00000003   PAD
    0x20000378   COMPRESSED   0x00000015   Data   RW         8352    .data               task_record.o
    0x2000038d   COMPRESSED   0x00000003   PAD
    0x20000390   COMPRESSED   0x00000008   Data   RW         8371    .data               task_wifi.o
    0x20000398   COMPRESSED   0x00000034   Data   RW         8391    .data               task_4g.o
    0x200003cc   COMPRESSED   0x0000000c   Data   RW         8410    .data               task_humi.o
    0x200003d8   COMPRESSED   0x0000001c   Data   RW         8429    .data               task_control.o
    0x200003f4   COMPRESSED   0x00000006   Data   RW         8452    .data               humi_cmd_queue.o
    0x200003fa   COMPRESSED   0x00000002   PAD
    0x200003fc   COMPRESSED   0x00000004   Data   RW         8618    .data               humi_driver.o
    0x20000400   COMPRESSED   0x00000004   Data   RW         9247    .data               mc_w.l(rand.o)
    0x20000404   COMPRESSED   0x00000004   PAD
    0x20000408        -       0x00000588   Zero   RW         3183    .bss                app.o
    0x20000990        -       0x000002cc   Zero   RW         3828    .bss                app_wifi.o
    0x20000c5c        -       0x00000d80   Zero   RW         3946    .bss                app_uart.o
    0x200019dc        -       0x00000020   Zero   RW         3975    .bss                app_encryption.o
    0x200019fc        -       0x00000080   Zero   RW         4082    .bss                app_hotlight.o
    0x20001a7c        -       0x00000478   Zero   RW         4133    .bss                app_4g.o
    0x20001ef4        -       0x00000054   Zero   RW         4230    .bss                app_18b20.o
    0x20001f48        -       0x00000138   Zero   RW         4340    .bss                app_humi.o
    0x20002080        -       0x0000001c   Zero   RW         4714    .bss                app_systm_time.o
    0x2000209c   COMPRESSED   0x00000004   PAD
    0x200020a0        -       0x00001080   Zero   RW         4816    .bss                app_control.o
    0x20003120        -       0x00000034   Zero   RW         4984    .bss                app_cycle.o
    0x20003154        -       0x0000012c   Zero   RW         5123    .bss                app_save_fireware.o
    0x20003280        -       0x00000038   Zero   RW         5185    .bss                app_w25q.o
    0x200032b8        -       0x0000005a   Zero   RW         5524    .bss                bsp_ad.o
    0x20003312   COMPRESSED   0x00000002   PAD
    0x20003314        -       0x000008dc   Zero   RW         5632    .bss                bsp_flash.o
    0x20003bf0        -       0x00001914   Zero   RW         5849    .bss                bsp_usart.o
    0x20005504        -       0x00001000   Zero   RW         6290    .bss                bsp_w25q.o
    0x20006504        -       0x0000012c   Zero   RW         6470    .bss                bsp_bl0940.o
    0x20006630        -       0x00000010   Zero   RW         6604    .bss                cpu_core.o
    0x20006640        -       0x00000448   Zero   RW         6960    .bss                lib_mem.o
    0x20006a88        -       0x00001ef0   Zero   RW         7217    .bss                os_cfg_app.o
    0x20008978        -       0x00000574   Zero   RW         8236    .bss                os_var.o
    0x20008eec   COMPRESSED   0x00000004   PAD
    0x20008ef0        -       0x0000072c   Zero   RW         8332    .bss                task_ad.o
    0x2000961c   COMPRESSED   0x00000004   PAD
    0x20009620        -       0x000006c8   Zero   RW         8351    .bss                task_record.o
    0x20009ce8        -       0x000006c8   Zero   RW         8370    .bss                task_wifi.o
    0x2000a3b0        -       0x000006c8   Zero   RW         8390    .bss                task_4g.o
    0x2000aa78        -       0x000006c8   Zero   RW         8409    .bss                task_humi.o
    0x2000b140        -       0x00001b20   Zero   RW         8428    .bss                task_control.o
    0x2000cc60        -       0x00000284   Zero   RW         8451    .bss                humi_cmd_queue.o
    0x2000cee4        -       0x00000060   Zero   RW         8617    .bss                humi_driver.o
    0x2000cf44   COMPRESSED   0x00000004   PAD
    0x2000cf48        -       0x00000400   Zero   RW            1    STACK               startup_stm32f10x_hd.o



  Load Region LR_IROM3 (Base: 0x08057800, Size: 0x00000004, Max: 0x00000800, ABSOLUTE)

    Execution Region ER_IROM3 (Exec base: 0x08057800, Load base: 0x08057800, Size: 0x00000004, Max: 0x00000800, ABSOLUTE)

    Exec Addr    Load Addr    Size         Type   Attr      Idx    E Section Name        Object

    0x08057800   0x08057800   0x00000004   Data   RW         3979    pg_encry_data       app_encryption.o


==============================================================================

Image component sizes


      Code (inc. data)   RO Data    RW Data    ZI Data      Debug   Object Name

      1868        348          0         14       1416      65461   app.o
       396         36          0          7         84       3432   app_18b20.o
      5144        416          0          6       1144      14442   app_4g.o
     11182        498        448         28       4224      25141   app_control.o
      3266        348          0         64         52      15114   app_cycle.o
      9328       2082        309          0          0       5147   app_debug.o
       516         72         48         12         32       4244   app_encryption.o
       558         14          0          6          0       5103   app_frame.o
         0          0          0          1          0        723   app_fre_capture.o
       880         52        384          0        128       3169   app_hotlight.o
     27298       2960          0         56        312      53361   app_humi.o
       592         52          0         34          0       2879   app_key.o
       548         18       1024         12          0       8186   app_math.o
      5984        174          0          0          0       5999   app_monitor_data_handle.o
       404         36          0          0          0       1290   app_record.o
      1932         70          0          0        300       5621   app_save_fireware.o
       596         32         75        113         28       4269   app_systm_time.o
       688         76         16         16       3456       3724   app_uart.o
       906         50          0          0         56       4545   app_w25q.o
       752         54          0          4          0       2792   app_warn_indicator.o
      4992        416          0         16        716      13463   app_wifi.o
       204         34          0          8          0      18003   bsp.o
      1162         72          0          0          0       8760   bsp_18b20.o
       204         18        150          0          0       2594   bsp_4g.o
       440         36         24          8         90       4935   bsp_ad.o
      3106        238          0          8        300      15585   bsp_bl0940.o
      1038         62          0          1          0       4470   bsp_exit.o
      3934        366          0          0       2268      23803   bsp_flash.o
      1264        130       2000         24          0       6691   bsp_hotlight.o
        66          4         48          0          0       2257   bsp_key.o
       640         48          0         26          0       2773   bsp_led.o
        80         14          0          0          0       1498   bsp_screen.o
       688         64          0         32          0       5499   bsp_time.o
      2518        272        339        120       6420      15760   bsp_usart.o
       928         54          0          0       4096       9304   bsp_w25q.o
        80          4         24          4          0       3589   bsp_warn_indicator.o
       144         16        607          0          0       4893   bsp_wifi.o
         0          0          0          0          0       4508   core_cm3.o
        52          0          0          0          0        360   cpu_a.o
       540         98          0         28         16      16697   cpu_core.o
       300         40          0          6        644       4093   humi_cmd_queue.o
      1492         42          0          4         96      14466   humi_driver.o
       188         18          0          4       1096      13687   lib_mem.o
       618          0          0          0          0       7590   lib_str.o
       112         12          0          0          0       1080   misc.o
         0          0          0          0          0      40625   os_app_hooks.o
         2          0        164          0       7920      20888   os_cfg_app.o
      3160        424          0          0          0      22422   os_core.o
       132         32          0          0          0        404   os_cpu_a.o
       656         68          0          4          0       8417   os_cpu_c.o
       404        264        364          0          0       4857   os_dbg.o
       746         28          0          0          0       3161   os_flag.o
      1136        206          0          0          0       3566   os_int.o
       466         26          0          0          0       3305   os_msg.o
      1784         90          0          0          0       4876   os_mutex.o
       136         16          0          4          0       2922   os_prio.o
      1536         74          0          0          0       6682   os_sem.o
      1676        212          0          0          0       4059   os_stat.o
      5568        270          0          0          0      14944   os_task.o
      1348        124          0          0          0       5593   os_tick.o
       960         46          0          0          0       3185   os_time.o
      1336        168          0          0          0       6730   os_tmr.o
         0          0          0        192       1396      19363   os_var.o
        36          8        304          0       1024        896   startup_stm32f10x_hd.o
       206         10          0          0          0       6782   stm32f10x_adc.o
       482         26          0          0          0       4773   stm32f10x_dma.o
       200         18          0          0          0       2220   stm32f10x_exti.o
       514         68          0          0          0       5909   stm32f10x_flash.o
       530         10          0          0          0       5961   stm32f10x_gpio.o
        22          0          0          0          0       3203   stm32f10x_it.o
        24         12          0          0          0       1069   stm32f10x_iwdg.o
       476         66          0         20          0       8119   stm32f10x_rcc.o
       112          0          0          0          0       3994   stm32f10x_spi.o
       262         42          0          0          0       5408   stm32f10x_tim.o
       646         28          0          0          0       8276   stm32f10x_usart.o
       328         30          0          0          0     285177   system_stm32f10x.o
       604         92          0         52       1736       1674   task_4g.o
       364         28          0          9       1836       1797   task_ad.o
       724         38          0         28       6944       2408   task_control.o
       808        100          0         12       1736       1891   task_humi.o
      1328         90          0         21       1736       2491   task_record.o
       500         32          0          8       1736       1721   task_wifi.o

    ----------------------------------------------------------------------
    126904      12192       6368       1032      53056     970768   Object Totals
         0          0         32          0          0          0   (incl. Generated)
        64          0          8         20         18          0   (incl. Padding)

    ----------------------------------------------------------------------

      Code (inc. data)   RO Data    RW Data    ZI Data      Debug   Library Member Name

        56          8          0          0          0         84   __0sscanf.o
        86          0          0          0          0          0   __dczerorl2.o
        28          0          0          0          0         68   _chval.o
       812          4          0          0          0        112   _scanf.o
       332          0          0          0          0         96   _scanf_int.o
        64          0          0          0          0         84   _sgetc.o
        40          6         64          0          0         68   ctype_c.o
         0          0          0          0          0          0   entry.o
         0          0          0          0          0          0   entry10a.o
         0          0          0          0          0          0   entry11a.o
         8          4          0          0          0          0   entry2.o
         4          0          0          0          0          0   entry5.o
         0          0          0          0          0          0   entry7b.o
         0          0          0          0          0          0   entry8b.o
         8          4          0          0          0          0   entry9a.o
        30          0          0          0          0          0   handlers.o
        36          8          0          0          0         68   init.o
        10          0          0          0          0         68   isspace_c.o
         0          0          0          0          0          0   iusefp.o
        30          0          0          0          0         68   llshl.o
        36          0          0          0          0         68   llsshr.o
        32          0          0          0          0         68   llushr.o
        36          0          0          0          0         68   memcpya.o
        36          0          0          0          0        108   memseta.o
      2346         90          0          0          0        672   printfa.o
        36         10          0          4          0        136   rand.o
        40          8          0          0          0         84   scanf_char.o
       878         12          0          0          0        216   scanf_fp.o
        44          0          0          0          0         80   uidiv.o
        98          0          0          0          0         92   uldiv.o
        48          0          0          0          0         68   cdcmple.o
        48          0          0          0          0         68   cdrcmple.o
        20          0          0          0          0         68   cfcmple.o
        20          0          0          0          0         68   cfrcmple.o
        56          0          0          0          0         88   d2f.o
       334          0          0          0          0        148   dadd.o
       222          0          0          0          0        100   ddiv.o
       186          0          0          0          0        176   depilogue.o
        48          0          0          0          0         68   dfixul.o
        34          0          0          0          0         76   dflti.o
        26          0          0          0          0         76   dfltui.o
        24          0          0          0          0         76   dfltul.o
       228          0          0          0          0         96   dmul.o
        38          0          0          0          0         68   f2d.o
       176          0          0          0          0        140   fadd.o
       124          0          0          0          0         88   fdiv.o
       110          0          0          0          0        168   fepilogue.o
        50          0          0          0          0         68   ffixi.o
        40          0          0          0          0         68   ffixui.o
        18          0          0          0          0         68   fflti.o
        10          0          0          0          0         68   ffltui.o
       100          0          0          0          0         76   fmul.o

    ----------------------------------------------------------------------
      7100        154         64          4          4       4296   Library Totals
        14          0          0          0          4          0   (incl. Padding)

    ----------------------------------------------------------------------

      Code (inc. data)   RO Data    RW Data    ZI Data      Debug   Library Name

      5126        154         64          4          0       2308   mc_w.l
      1960          0          0          0          0       1988   mf_w.l

    ----------------------------------------------------------------------
      7100        154         64          4          4       4296   Library Totals

    ----------------------------------------------------------------------

==============================================================================


      Code (inc. data)   RO Data    RW Data    ZI Data      Debug   

    134004      12346       6432       1036      53060     942848   Grand Totals
    134004      12346       6432        144      53060     942848   ELF Image Totals (compressed)
    134004      12346       6432        144          0          0   ROM Totals

==============================================================================

    Total RO  Size (Code + RO Data)               140436 ( 137.14kB)
    Total RW  Size (RW Data + ZI Data)             54096 (  52.83kB)
    Total ROM Size (Code + RO Data + RW Data)     140580 ( 137.29kB)

==============================================================================

